Component: ARM Compiler 5.06 update 7 (build 960) Tool: armlink [4d3601]

==============================================================================

Section Cross References

    startup_stm32g473xx.o(RESET) refers to startup_stm32g473xx.o(STACK) for __initial_sp
    startup_stm32g473xx.o(RESET) refers to startup_stm32g473xx.o(.text) for Reset_Handler
    startup_stm32g473xx.o(RESET) refers to stm32g4xx_it.o(i.NMI_Handler) for NMI_Handler
    startup_stm32g473xx.o(RESET) refers to stm32g4xx_it.o(i.HardFault_Handler) for HardFault_Handler
    startup_stm32g473xx.o(RESET) refers to stm32g4xx_it.o(i.MemManage_Handler) for MemManage_Handler
    startup_stm32g473xx.o(RESET) refers to stm32g4xx_it.o(i.BusFault_Handler) for BusFault_Handler
    startup_stm32g473xx.o(RESET) refers to stm32g4xx_it.o(i.UsageFault_Handler) for UsageFault_Handler
    startup_stm32g473xx.o(RESET) refers to stm32g4xx_it.o(i.SVC_Handler) for SVC_Handler
    startup_stm32g473xx.o(RESET) refers to stm32g4xx_it.o(i.DebugMon_Handler) for DebugMon_Handler
    startup_stm32g473xx.o(RESET) refers to stm32g4xx_it.o(i.PendSV_Handler) for PendSV_Handler
    startup_stm32g473xx.o(RESET) refers to stm32g4xx_it.o(i.SysTick_Handler) for SysTick_Handler
    startup_stm32g473xx.o(RESET) refers to stm32g4xx_it.o(i.ADC1_2_IRQHandler) for ADC1_2_IRQHandler
    startup_stm32g473xx.o(RESET) refers to stm32g4xx_it.o(i.FDCAN1_IT0_IRQHandler) for FDCAN1_IT0_IRQHandler
    startup_stm32g473xx.o(RESET) refers to stm32g4xx_it.o(i.TIM1_BRK_TIM15_IRQHandler) for TIM1_BRK_TIM15_IRQHandler
    startup_stm32g473xx.o(RESET) refers to stm32g4xx_it.o(i.TIM1_UP_TIM16_IRQHandler) for TIM1_UP_TIM16_IRQHandler
    startup_stm32g473xx.o(RESET) refers to stm32g4xx_it.o(i.USART3_IRQHandler) for USART3_IRQHandler
    startup_stm32g473xx.o(RESET) refers to stm32g4xx_it.o(i.TIM8_CC_IRQHandler) for TIM8_CC_IRQHandler
    startup_stm32g473xx.o(.text) refers to system_stm32g4xx.o(i.SystemInit) for SystemInit
    startup_stm32g473xx.o(.text) refers to entry.o(.ARM.Collect$$$$00000000) for __main
    main.o(i.PowerOff_Handle) refers to para.o(i.EepromQualifiedWrite) for EepromQualifiedWrite
    main.o(i.PowerOff_Handle) refers to main.o(.data) for Flag_SaveOK
    main.o(i.PowerOff_Handle) refers to fdb.o(.bss) for gCurrentSample
    main.o(i.PowerOff_Handle) refers to commonram.o(.bss) for gCRam
    main.o(i.SysInit) refers to device.o(i.Bsp_Init) for Bsp_Init
    main.o(i.SysInit) refers to packet.o(i.PacketInit) for PacketInit
    main.o(i.SysInit) refers to commonram.o(i.InitCommonRam) for InitCommonRam
    main.o(i.SysInit) refers to para.o(i.InitPara) for InitPara
    main.o(i.SysInit) refers to plc.o(i.InitPLCLogic) for InitPLCLogic
    main.o(i.SysInit) refers to para.o(i.SaveParaToEeprom) for SaveParaToEeprom
    main.o(i.SysInit) refers to device.o(i.MX_FDCAN1_Init) for MX_FDCAN1_Init
    main.o(i.SysInit) refers to stm32g4xx_hal_fdcan.o(i.HAL_FDCAN_Start) for HAL_FDCAN_Start
    main.o(i.SysInit) refers to icanplc.o(i.ICANInitialize) for ICANInitialize
    main.o(i.SysInit) refers to fdb.o(i.InitFeedbackDevice) for InitFeedbackDevice
    main.o(i.SysInit) refers to device.o(i.InitSysCtrl) for InitSysCtrl
    main.o(i.SysInit) refers to mc_motorcontrol_layer.o(i.InitPLCCtl) for InitPLCCtl
    main.o(i.SysInit) refers to para.o(.bss) for gPara
    main.o(i.SysInit) refers to device.o(.bss) for hfdcan1
    main.o(i.SystemClock_Config) refers to memseta.o(.text) for __aeabi_memclr4
    main.o(i.SystemClock_Config) refers to stm32g4xx_hal_pwr_ex.o(i.HAL_PWREx_ControlVoltageScaling) for HAL_PWREx_ControlVoltageScaling
    main.o(i.SystemClock_Config) refers to stm32g4xx_hal_rcc.o(i.HAL_RCC_OscConfig) for HAL_RCC_OscConfig
    main.o(i.SystemClock_Config) refers to main.o(i.Error_Handler) for Error_Handler
    main.o(i.SystemClock_Config) refers to stm32g4xx_hal_rcc.o(i.HAL_RCC_ClockConfig) for HAL_RCC_ClockConfig
    main.o(i.SystemClock_Config) refers to stm32g4xx_hal_rcc_ex.o(i.HAL_RCCEx_PeriphCLKConfig) for HAL_RCCEx_PeriphCLKConfig
    main.o(i.main) refers to stm32g4xx_hal.o(i.HAL_Init) for HAL_Init
    main.o(i.main) refers to main.o(i.SystemClock_Config) for SystemClock_Config
    main.o(i.main) refers to stm32g4xx_hal.o(i.HAL_Delay) for HAL_Delay
    main.o(i.main) refers to main.o(i.SysInit) for SysInit
    main.o(i.main) refers to itimer.o(i.SetNetTimer) for SetNetTimer
    main.o(i.main) refers to itimer.o(i.ResetNetTimer) for ResetNetTimer
    main.o(i.main) refers to plc.o(i.iCAN_Prco) for iCAN_Prco
    main.o(i.main) refers to para.o(i.EepromQualifiedRead) for EepromQualifiedRead
    main.o(i.main) refers to para.o(i.SaveParaToEeprom) for SaveParaToEeprom
    main.o(i.main) refers to para.o(i.ReadParaFromEeprom) for ReadParaFromEeprom
    main.o(i.main) refers to para.o(i.EepromQualifiedWrite) for EepromQualifiedWrite
    main.o(i.main) refers to itimer.o(.bss) for netTimer
    main.o(i.main) refers to commonram.o(.bss) for gPLCCtl
[...]
    __I$use$fp                               0x08000817   Thumb Code     0  iusefp.o(.text)
    _float_round                             0x08000817   Thumb Code    18  fepilogue.o(.text)
    _float_epilogue                          0x08000829   Thumb Code    92  fepilogue.o(.text)
    _double_round                            0x08000885   Thumb Code    30  depilogue.o(.text)
    _double_epilogue                         0x080008a3   Thumb Code   156  depilogue.o(.text)
    __scatterload                            0x08000941   Thumb Code    28  init.o(.text)
    __scatterload_rt2                        0x08000941   Thumb Code     0  init.o(.text)
    __decompress                             0x08000965   Thumb Code     0  __dczerorl2.o(.text)
    __decompress1                            0x08000965   Thumb Code    86  __dczerorl2.o(.text)
    _IQ24mpy                                 0x080009bd   Thumb Code     0  IQNmpy.o(_IQ24mpy)
    ADC1_2_IRQHandler                        0x080009cd   Thumb Code    48  stm32g4xx_it.o(i.ADC1_2_IRQHandler)
    ADC_DMAConvCplt                          0x08000a05   Thumb Code   146  stm32g4xx_hal_adc.o(i.ADC_DMAConvCplt)
    ADC_DMAError                             0x08000a97   Thumb Code    30  stm32g4xx_hal_adc.o(i.ADC_DMAError)
    ADC_DMAHalfConvCplt                      0x08000ab5   Thumb Code    14  stm32g4xx_hal_adc.o(i.ADC_DMAHalfConvCplt)
    ADC_Disable                              0x08000ac5   Thumb Code   132  stm32g4xx_hal_adc.o(i.ADC_Disable)
    ADC_Enable                               0x08000b4d   Thumb Code   116  stm32g4xx_hal_adc.o(i.ADC_Enable)
    AlarmICANRegister                        0x08000bc5   Thumb Code    40  message.o(i.AlarmICANRegister)
    AutoTuneWiper                            0x08000bf1   Thumb Code   296  autotune.o(i.AutoTuneWiper)
    Bsp_Init                                 0x08000d21   Thumb Code   222  device.o(i.Bsp_Init)
    BusFault_Handler                         0x08000e2d   Thumb Code     4  stm32g4xx_it.o(i.BusFault_Handler)
    CANFrmSend                               0x08000e31   Thumb Code   252  canstm32g4.o(i.CANFrmSend)
    CANReadBuffer                            0x08000f31   Thumb Code    52  canstm32g4.o(i.CANReadBuffer)
    CANWriteBuffer                           0x08000f65   Thumb Code    48  canstm32g4.o(i.CANWriteBuffer)
    CanOpenRxFrame                           0x08000f95   Thumb Code   250  canopen_qexpandagvv04.o(i.CanOpenRxFrame)
    CfgVariable                              0x08001095   Thumb Code  1374  commonram.o(i.CfgVariable)
    ChangeModScs                             0x08001615   Thumb Code   404  mc_motorcontrol_layer.o(i.ChangeModScs)
    ControllerISR                            0x080017d1   Thumb Code  1550  mc_motorcontrol_layer.o(i.ControllerISR)
    CurrentSampleCalc                        0x08001e05   Thumb Code   458  fdb.o(i.CurrentSampleCalc)
    CurrentSampleCalcZeroDrift               0x08001ff9   Thumb Code    54  fdb.o(i.CurrentSampleCalcZeroDrift)
    CurrentSampleInit                        0x0800202f   Thumb Code   156  fdb.o(i.CurrentSampleInit)
    DOProcess                                0x08002175   Thumb Code   510  plclogic.o(i.DOProcess)
    DebugMon_Handler                         0x08002395   Thumb Code     2  stm32g4xx_it.o(i.DebugMon_Handler)
    Delay                                    0x08002397   Thumb Code    10  device.o(i.Delay)
    EepromQualifiedRead                      0x080023a1   Thumb Code   106  para.o(i.EepromQualifiedRead)
    EepromQualifiedWrite                     0x08002411   Thumb Code    90  para.o(i.EepromQualifiedWrite)
    EepromRead                               0x08002471   Thumb Code   172  device.o(i.EepromRead)
    EepromWrite                              0x08002525   Thumb Code   256  device.o(i.EepromWrite)
    Error_Handler                            0x08002631   Thumb Code     6  main.o(i.Error_Handler)
    FDCAN1_IT0_IRQHandler                    0x08002639   Thumb Code    10  stm32g4xx_it.o(i.FDCAN1_IT0_IRQHandler)
    FLASH_WaitForLastOperation               0x08002b95   Thumb Code   130  stm32g4xx_hal_flash.o(i.FLASH_WaitForLastOperation)
    FeedbackOvLoadCheck                      0x08002c21   Thumb Code   172  fdb.o(i.FeedbackOvLoadCheck)
    FeedbackProcess                          0x08002cd9   Thumb Code    34  fdb.o(i.FeedbackProcess)
    GetCmdPercent                            0x08002d05   Thumb Code  1056  mc_motorcontrol_layer.o(i.GetCmdPercent)
    GetDataByte                              0x08003125   Thumb Code    38  queue.o(i.GetDataByte)
    GetNewTargetValue                        0x0800314d   Thumb Code   430  mc_motorcontrol_layer.o(i.GetNewTargetValue)
    GetSum8_size                             0x08003315   Thumb Code    38  packet.o(i.GetSum8_size)
    GetSysProcedure                          0x0800333d   Thumb Code   162  icanlogic.o(i.GetSysProcedure)
    HAL_ADCEx_Calibration_Start              0x080033e9   Thumb Code   166  stm32g4xx_hal_adc_ex.o(i.HAL_ADCEx_Calibration_Start)
    HAL_ADCEx_InjectedConfigChannel          0x08003499   Thumb Code  1642  stm32g4xx_hal_adc_ex.o(i.HAL_ADCEx_InjectedConfigChannel)
    HAL_ADCEx_InjectedGetValue               0x08003b39   Thumb Code    62  stm32g4xx_hal_adc_ex.o(i.HAL_ADCEx_InjectedGetValue)
    HAL_ADCEx_InjectedStart                  0x08003b79   Thumb Code   296  stm32g4xx_hal_adc_ex.o(i.HAL_ADCEx_InjectedStart)
    HAL_ADCEx_InjectedStart_IT               0x08003cb5   Thumb Code   380  stm32g4xx_hal_adc_ex.o(i.HAL_ADCEx_InjectedStart_IT)
    HAL_ADCEx_MultiModeConfigChannel         0x08003e45   Thumb Code   404  stm32g4xx_hal_adc_ex.o(i.HAL_ADCEx_MultiModeConfigChannel)
    HAL_ADC_ConfigChannel                    0x08003ff1   Thumb Code  1354  stm32g4xx_hal_adc.o(i.HAL_ADC_ConfigChannel)
    HAL_ADC_ConvCpltCallback                 0x0800456d   Thumb Code     2  stm32g4xx_hal_adc.o(i.HAL_ADC_ConvCpltCallback)
    HAL_ADC_ConvHalfCpltCallback             0x0800456f   Thumb Code     2  stm32g4xx_hal_adc.o(i.HAL_ADC_ConvHalfCpltCallback)
    HAL_ADC_ErrorCallback                    0x08004571   Thumb Code     2  stm32g4xx_hal_adc.o(i.HAL_ADC_ErrorCallback)
    HAL_ADC_Init                             0x08004575   Thumb Code   660  stm32g4xx_hal_adc.o(i.HAL_ADC_Init)
    HAL_ADC_MspInit                          0x08004835   Thumb Code   708  stm32g4xx_hal_msp.o(i.HAL_ADC_MspInit)
    HAL_ADC_Start_DMA                        0x08004b2d   Thumb Code   290  stm32g4xx_hal_adc.o(i.HAL_ADC_Start_DMA)
    HAL_DMA_Init                             0x08004c71   Thumb Code   200  stm32g4xx_hal_dma.o(i.HAL_DMA_Init)
    HAL_DMA_Start_IT                         0x08004d41   Thumb Code   194  stm32g4xx_hal_dma.o(i.HAL_DMA_Start_IT)
    HAL_Delay                                0x08004e05   Thumb Code    36  stm32g4xx_hal.o(i.HAL_Delay)
    HAL_FDCAN_AddMessageToTxFifoQ            0x08004e2d   Thumb Code   106  stm32g4xx_hal_fdcan.o(i.HAL_FDCAN_AddMessageToTxFifoQ)
    HAL_FDCAN_ErrorCallback                  0x08004e97   Thumb Code     2  stm32g4xx_hal_fdcan.o(i.HAL_FDCAN_ErrorCallback)
    HAL_FDCAN_ErrorStatusCallback            0x08004e99   Thumb Code     2  stm32g4xx_hal_fdcan.o(i.HAL_FDCAN_ErrorStatusCallback)
    HAL_FDCAN_GetRxMessage                   0x08004e9d   Thumb Code   276  stm32g4xx_hal_fdcan.o(i.HAL_FDCAN_GetRxMessage)
    HAL_FDCAN_GetTxFifoFreeLevel             0x08004fb5   Thumb Code    14  stm32g4xx_hal_fdcan.o(i.HAL_FDCAN_GetTxFifoFreeLevel)
    HAL_FDCAN_HighPriorityMessageCallback    0x08004fc3   Thumb Code     2  stm32g4xx_hal_fdcan.o(i.HAL_FDCAN_HighPriorityMessageCallback)
    HAL_FDCAN_IRQHandler                     0x08004fc5   Thumb Code   448  stm32g4xx_hal_fdcan.o(i.HAL_FDCAN_IRQHandler)
    HAL_FDCAN_Init                           0x08005185   Thumb Code   526  stm32g4xx_hal_fdcan.o(i.HAL_FDCAN_Init)
    HAL_FDCAN_MspInit                        0x0800539d   Thumb Code   178  stm32g4xx_hal_msp.o(i.HAL_FDCAN_MspInit)
    HAL_FDCAN_RxFifo0Callback                0x08005459   Thumb Code   126  canstm32g4.o(i.HAL_FDCAN_RxFifo0Callback)
    HAL_FDCAN_RxFifo1Callback                0x080054e5   Thumb Code    32  canstm32g4.o(i.HAL_FDCAN_RxFifo1Callback)
    HAL_FDCAN_Start                          0x0800550d   Thumb Code    46  stm32g4xx_hal_fdcan.o(i.HAL_FDCAN_Start)
    HAL_FDCAN_TimeoutOccurredCallback        0x0800553b   Thumb Code     2  stm32g4xx_hal_fdcan.o(i.HAL_FDCAN_TimeoutOccurredCallback)
    HAL_FDCAN_TimestampWraparoundCallback    0x0800553d   Thumb Code     2  stm32g4xx_hal_fdcan.o(i.HAL_FDCAN_TimestampWraparoundCallback)
    HAL_FDCAN_TxBufferAbortCallback          0x0800553f   Thumb Code     2  stm32g4xx_hal_fdcan.o(i.HAL_FDCAN_TxBufferAbortCallback)
    HAL_FDCAN_TxBufferCompleteCallback       0x08005541   Thumb Code     2  stm32g4xx_hal_fdcan.o(i.HAL_FDCAN_TxBufferCompleteCallback)
    HAL_FDCAN_TxEventFifoCallback            0x08005543   Thumb Code     2  stm32g4xx_hal_fdcan.o(i.HAL_FDCAN_TxEventFifoCallback)
    HAL_FDCAN_TxFifoEmptyCallback            0x08005545   Thumb Code   184  canstm32g4.o(i.HAL_FDCAN_TxFifoEmptyCallback)
    HAL_FLASHEx_OBProgram                    0x08005605   Thumb Code   172  stm32g4xx_hal_flash_ex.o(i.HAL_FLASHEx_OBProgram)
    HAL_FLASH_Lock                           0x080056b5   Thumb Code    28  stm32g4xx_hal_flash.o(i.HAL_FLASH_Lock)
    HAL_FLASH_OB_Launch                      0x080056d5   Thumb Code    24  stm32g4xx_hal_flash.o(i.HAL_FLASH_OB_Launch)
    HAL_FLASH_OB_Lock                        0x080056f1   Thumb Code    28  stm32g4xx_hal_flash.o(i.HAL_FLASH_OB_Lock)
    HAL_FLASH_OB_Unlock                      0x08005711   Thumb Code    36  stm32g4xx_hal_flash.o(i.HAL_FLASH_OB_Unlock)
    HAL_FLASH_Unlock                         0x08005741   Thumb Code    36  stm32g4xx_hal_flash.o(i.HAL_FLASH_Unlock)
    HAL_GPIO_Init                            0x08005771   Thumb Code   438  stm32g4xx_hal_gpio.o(i.HAL_GPIO_Init)
    HAL_GPIO_ReadPin                         0x08005949   Thumb Code    16  stm32g4xx_hal_gpio.o(i.HAL_GPIO_ReadPin)
    HAL_GPIO_TogglePin                       0x08005959   Thumb Code    20  stm32g4xx_hal_gpio.o(i.HAL_GPIO_TogglePin)
    HAL_GPIO_WritePin                        0x0800596d   Thumb Code    10  stm32g4xx_hal_gpio.o(i.HAL_GPIO_WritePin)
    HAL_GetTick                              0x08005979   Thumb Code     6  stm32g4xx_hal.o(i.HAL_GetTick)
    HAL_IncTick                              0x08005985   Thumb Code    16  stm32g4xx_hal.o(i.HAL_IncTick)
    HAL_Init                                 0x0800599d   Thumb Code    42  stm32g4xx_hal.o(i.HAL_Init)
    HAL_InitTick                             0x080059cd   Thumb Code    74  stm32g4xx_hal.o(i.HAL_InitTick)
    HAL_MspInit                              0x08005a25   Thumb Code    62  stm32g4xx_hal_msp.o(i.HAL_MspInit)
    HAL_NVIC_DisableIRQ                      0x08005a69   Thumb Code    62  stm32g4xx_hal_cortex.o(i.HAL_NVIC_DisableIRQ)
    HAL_NVIC_EnableIRQ                       0x08005aad   Thumb Code    40  stm32g4xx_hal_cortex.o(i.HAL_NVIC_EnableIRQ)
    HAL_NVIC_SetPriority                     0x08005ad5   Thumb Code   122  stm32g4xx_hal_cortex.o(i.HAL_NVIC_SetPriority)
    HAL_NVIC_SetPriorityGrouping             0x08005b51   Thumb Code    32  stm32g4xx_hal_cortex.o(i.HAL_NVIC_SetPriorityGrouping)
    HAL_PWREx_ControlVoltageScaling          0x08005b79   Thumb Code   268  stm32g4xx_hal_pwr_ex.o(i.HAL_PWREx_ControlVoltageScaling)
    HAL_PWREx_DisableUCPDDeadBattery         0x08005c91   Thumb Code    14  stm32g4xx_hal_pwr_ex.o(i.HAL_PWREx_DisableUCPDDeadBattery)
    HAL_RCCEx_PeriphCLKConfig                0x08005ca5   Thumb Code  1048  stm32g4xx_hal_rcc_ex.o(i.HAL_RCCEx_PeriphCLKConfig)
    HAL_RCC_ClockConfig                      0x080060bd   Thumb Code   522  stm32g4xx_hal_rcc.o(i.HAL_RCC_ClockConfig)
    HAL_RCC_GetHCLKFreq                      0x080062e1   Thumb Code     6  stm32g4xx_hal_rcc.o(i.HAL_RCC_GetHCLKFreq)
    HAL_RCC_GetPCLK1Freq                     0x080062ed   Thumb Code    26  stm32g4xx_hal_rcc.o(i.HAL_RCC_GetPCLK1Freq)
    HAL_RCC_GetPCLK2Freq                     0x08006311   Thumb Code    26  stm32g4xx_hal_rcc.o(i.HAL_RCC_GetPCLK2Freq)
    HAL_RCC_GetSysClockFreq                  0x08006335   Thumb Code   138  stm32g4xx_hal_rcc.o(i.HAL_RCC_GetSysClockFreq)
    HAL_RCC_OscConfig                        0x080063cd   Thumb Code  1370  stm32g4xx_hal_rcc.o(i.HAL_RCC_OscConfig)
    HAL_SPI_Init                             0x08006935   Thumb Code   252  stm32g4xx_hal_spi.o(i.HAL_SPI_Init)
    HAL_SPI_MspInit                          0x08006a31   Thumb Code   110  stm32g4xx_hal_msp.o(i.HAL_SPI_MspInit)
    HAL_SPI_TransmitReceive                  0x08006aad   Thumb Code   700  stm32g4xx_hal_spi.o(i.HAL_SPI_TransmitReceive)
    HAL_SYSTICK_Config                       0x08006d69   Thumb Code    52  stm32g4xx_hal_cortex.o(i.HAL_SYSTICK_Config)
    HAL_TIMEx_Break2Callback                 0x08006d9d   Thumb Code     2  stm32g4xx_hal_tim_ex.o(i.HAL_TIMEx_Break2Callback)
    HAL_TIMEx_BreakCallback                  0x08006d9f   Thumb Code     2  stm32g4xx_hal_tim_ex.o(i.HAL_TIMEx_BreakCallback)
    HAL_TIMEx_CommutCallback                 0x08006da1   Thumb Code     2  stm32g4xx_hal_tim_ex.o(i.HAL_TIMEx_CommutCallback)
    HAL_TIMEx_ConfigBreakDeadTime            0x08006da5   Thumb Code   248  stm32g4xx_hal_tim_ex.o(i.HAL_TIMEx_ConfigBreakDeadTime)
    HAL_TIMEx_DirectionChangeCallback        0x08006ea9   Thumb Code     2  stm32g4xx_hal_tim_ex.o(i.HAL_TIMEx_DirectionChangeCallback)
    HAL_TIMEx_EnableDeadTimePreload          0x08006eab   Thumb Code    18  stm32g4xx_hal_tim_ex.o(i.HAL_TIMEx_EnableDeadTimePreload)
    HAL_TIMEx_EncoderIndexCallback           0x08006ebd   Thumb Code     2  stm32g4xx_hal_tim_ex.o(i.HAL_TIMEx_EncoderIndexCallback)
    HAL_TIMEx_IndexErrorCallback             0x08006ebf   Thumb Code     2  stm32g4xx_hal_tim_ex.o(i.HAL_TIMEx_IndexErrorCallback)
    HAL_TIMEx_MasterConfigSynchronization    0x08006ec1   Thumb Code   182  stm32g4xx_hal_tim_ex.o(i.HAL_TIMEx_MasterConfigSynchronization)
    HAL_TIMEx_PWMN_Start                     0x08006f99   Thumb Code   222  stm32g4xx_hal_tim_ex.o(i.HAL_TIMEx_PWMN_Start)
    HAL_TIMEx_TransitionErrorCallback        0x08007099   Thumb Code     2  stm32g4xx_hal_tim_ex.o(i.HAL_TIMEx_TransitionErrorCallback)
    HAL_TIM_Base_Init                        0x0800709b   Thumb Code   110  stm32g4xx_hal_tim.o(i.HAL_TIM_Base_Init)
    HAL_TIM_Base_MspInit                     0x08007109   Thumb Code   122  stm32g4xx_hal_msp.o(i.HAL_TIM_Base_MspInit)
    HAL_TIM_ConfigClockSource                0x0800718d   Thumb Code   312  stm32g4xx_hal_tim.o(i.HAL_TIM_ConfigClockSource)
    HAL_TIM_Encoder_Init                     0x080072cd   Thumb Code   198  stm32g4xx_hal_tim.o(i.HAL_TIM_Encoder_Init)
    HAL_TIM_Encoder_MspInit                  0x08007399   Thumb Code   198  stm32g4xx_hal_msp.o(i.HAL_TIM_Encoder_MspInit)
    HAL_TIM_Encoder_Start                    0x08007475   Thumb Code   204  stm32g4xx_hal_tim.o(i.HAL_TIM_Encoder_Start)
    HAL_TIM_IC_CaptureCallback               0x08007541   Thumb Code     2  stm32g4xx_hal_tim.o(i.HAL_TIM_IC_CaptureCallback)
    HAL_TIM_IRQHandler                       0x08007543   Thumb Code   576  stm32g4xx_hal_tim.o(i.HAL_TIM_IRQHandler)
    HAL_TIM_MspPostInit                      0x08007785   Thumb Code   200  stm32g4xx_hal_msp.o(i.HAL_TIM_MspPostInit)
    HAL_TIM_OC_DelayElapsedCallback          0x08007859   Thumb Code     2  stm32g4xx_hal_tim.o(i.HAL_TIM_OC_DelayElapsedCallback)
    HAL_TIM_PWM_ConfigChannel                0x0800785b   Thumb Code   360  stm32g4xx_hal_tim.o(i.HAL_TIM_PWM_ConfigChannel)
    HAL_TIM_PWM_Init                         0x080079c3   Thumb Code   110  stm32g4xx_hal_tim.o(i.HAL_TIM_PWM_Init)
    HAL_TIM_PWM_MspInit                      0x08007a31   Thumb Code     2  stm32g4xx_hal_tim.o(i.HAL_TIM_PWM_MspInit)
    HAL_TIM_PWM_PulseFinishedCallback        0x08007a33   Thumb Code     2  stm32g4xx_hal_tim.o(i.HAL_TIM_PWM_PulseFinishedCallback)
    HAL_TIM_PWM_Start                        0x08007a35   Thumb Code   322  stm32g4xx_hal_tim.o(i.HAL_TIM_PWM_Start)
    HAL_TIM_PeriodElapsedCallback            0x08007ba1   Thumb Code     2  stm32g4xx_hal_tim.o(i.HAL_TIM_PeriodElapsedCallback)
    HAL_TIM_TriggerCallback                  0x08007ba3   Thumb Code     2  stm32g4xx_hal_tim.o(i.HAL_TIM_TriggerCallback)
    HAL_UARTEx_EnableFifoMode                0x08007ba5   Thumb Code    88  stm32g4xx_hal_uart_ex.o(i.HAL_UARTEx_EnableFifoMode)
    HAL_UARTEx_RxEventCallback               0x08007bfd   Thumb Code     2  stm32g4xx_hal_uart.o(i.HAL_UARTEx_RxEventCallback)
    HAL_UARTEx_SetRxFifoThreshold            0x08007bff   Thumb Code    94  stm32g4xx_hal_uart_ex.o(i.HAL_UARTEx_SetRxFifoThreshold)
    HAL_UARTEx_SetTxFifoThreshold            0x08007c5d   Thumb Code    94  stm32g4xx_hal_uart_ex.o(i.HAL_UARTEx_SetTxFifoThreshold)
    HAL_UART_ErrorCallback                   0x08007cbb   Thumb Code     2  stm32g4xx_hal_uart.o(i.HAL_UART_ErrorCallback)
    HAL_UART_Init                            0x08007cbd   Thumb Code   120  stm32g4xx_hal_uart.o(i.HAL_UART_Init)
    HAL_UART_MspInit                         0x08007d35   Thumb Code   186  stm32g4xx_hal_msp.o(i.HAL_UART_MspInit)
    HAL_UART_RxCpltCallback                  0x08007e01   Thumb Code     2  stm32g4xx_hal_uart.o(i.HAL_UART_RxCpltCallback)
    HMIConfig_Master                         0x08007e05   Thumb Code   612  icanlogic.o(i.HMIConfig_Master)
    HMIIdle_Master                           0x0800806d   Thumb Code    30  icanlogic.o(i.HMIIdle_Master)
    HMIMonitor_Master                        0x08008091   Thumb Code   406  icanlogic.o(i.HMIMonitor_Master)
    HMIPcIdle_Master                         0x0800822d   Thumb Code    60  icanlogic.o(i.HMIPcIdle_Master)
    HardFault_Handler                        0x0800826d   Thumb Code    14  stm32g4xx_it.o(i.HardFault_Handler)
    Homing                                   0x08008281   Thumb Code  1076  mc_motorcontrol_layer.o(i.Homing)
    ICANAddSlave                             0x080086b5   Thumb Code   150  ican_master.o(i.ICANAddSlave)
    ICANDataInManage_Master                  0x08008751   Thumb Code   366  ican_master.o(i.ICANDataInManage_Master)
    ICANDataOutManage_Master                 0x080088cd   Thumb Code   544  ican_master.o(i.ICANDataOutManage_Master)
    ICANInitialize                           0x08008af5   Thumb Code     8  icanplc.o(i.ICANInitialize)
    ICANInitialize_Master                    0x08008afd   Thumb Code    46  ican_master.o(i.ICANInitialize_Master)
    ICANLogicIn_Master                       0x08008b39   Thumb Code    48  icanplc.o(i.ICANLogicIn_Master)
    ICANLogicIn_Master_From_Hmi              0x08008b71   Thumb Code    64  icanplc.o(i.ICANLogicIn_Master_From_Hmi)
    ICANLogicIn_Master_From_Lift             0x08008bb5   Thumb Code    28  icanplc.o(i.ICANLogicIn_Master_From_Lift)
    ICANLogicIn_Master_From_Logic            0x08008bd5   Thumb Code    28  icanplc.o(i.ICANLogicIn_Master_From_Logic)
    ICANLogicIn_Master_From_Move             0x08008bf5   Thumb Code     2  icanplc.o(i.ICANLogicIn_Master_From_Move)
    ICANLogicIn_Master_From_Pc               0x08008bf9   Thumb Code    22  icanplc.o(i.ICANLogicIn_Master_From_Pc)
    ICANLogicIn_Master_From_Smove            0x08008c15   Thumb Code    28  icanplc.o(i.ICANLogicIn_Master_From_Smove)
    ICANLogicIn_Master_From_Steer            0x08008c35   Thumb Code    40  icanplc.o(i.ICANLogicIn_Master_From_Steer)
    ICANLogicOut_Master                      0x08008c61   Thumb Code    48  icanplc.o(i.ICANLogicOut_Master)
    ICANLogicOut_Master_To_Hmi               0x08008c99   Thumb Code    94  icanplc.o(i.ICANLogicOut_Master_To_Hmi)
    ICANLogicOut_Master_To_Lift              0x08008cfd   Thumb Code    22  icanplc.o(i.ICANLogicOut_Master_To_Lift)
    ICANLogicOut_Master_To_Logic             0x08008d19   Thumb Code    22  icanplc.o(i.ICANLogicOut_Master_To_Logic)
    ICANLogicOut_Master_To_Move              0x08008d35   Thumb Code     2  icanplc.o(i.ICANLogicOut_Master_To_Move)
    ICANLogicOut_Master_To_Pc                0x08008d39   Thumb Code    12  icanplc.o(i.ICANLogicOut_Master_To_Pc)
    ICANLogicOut_Master_To_Smove             0x08008d49   Thumb Code    22  icanplc.o(i.ICANLogicOut_Master_To_Smove)
    ICANLogicOut_Master_To_Steer             0x08008d65   Thumb Code    22  icanplc.o(i.ICANLogicOut_Master_To_Steer)
    ICANMacIDCheck                           0x08008d81   Thumb Code   136  ican_master.o(i.ICANMacIDCheck)
    ICANNetManage_Master                     0x08008e0d   Thumb Code   184  ican_master.o(i.ICANNetManage_Master)
    ICANReceive                              0x08008ecd   Thumb Code   864  ican_master.o(i.ICANReceive)
    ICANSend                                 0x08009235   Thumb Code    98  ican_master.o(i.ICANSend)
    ICANSetConnect                           0x0800929d   Thumb Code   134  ican_master.o(i.ICANSetConnect)
    ICANSysMatch                             0x08009329   Thumb Code     2  icanlogic.o(i.ICANSysMatch)
    ICAN_DOProc                              0x0800932d   Thumb Code   338  ican_master.o(i.ICAN_DOProc)
    InitCommonRam                            0x08009489   Thumb Code   216  commonram.o(i.InitCommonRam)
    InitFeedbackDevice                       0x08009565   Thumb Code    32  fdb.o(i.InitFeedbackDevice)
    InitPLCCtl                               0x08009595   Thumb Code   272  mc_motorcontrol_layer.o(i.InitPLCCtl)
    InitPLCLogic                             0x080096c5   Thumb Code    80  plc.o(i.InitPLCLogic)
    InitPara                                 0x08009721   Thumb Code   252  para.o(i.InitPara)
    InitSysCtrl                              0x0800982d   Thumb Code    90  device.o(i.InitSysCtrl)
    InitVariable                             0x080098a5   Thumb Code    56  commonram.o(i.InitVariable)
    KillNetTimer                             0x08009911   Thumb Code    44  itimer.o(i.KillNetTimer)
    LEDInit                                  0x08009941   Thumb Code    32  plc.o(i.LEDInit)
    LEDProcess                               0x08009965   Thumb Code   326  plc.o(i.LEDProcess)
    LedStateShow                             0x08009c49   Thumb Code   110  plc.o(i.LedStateShow)
    LocalDI                                  0x08009cbd   Thumb Code   628  plclogic.o(i.LocalDI)
    LocalDO                                  0x08009f55   Thumb Code   262  plclogic.o(i.LocalDO)
    MCL_ChkPowerStatue                       0x0800a06d   Thumb Code   634  mc_motorcontrol_layer.o(i.MCL_ChkPowerStatue)
    MCL_Chk_BusVolt                          0x0800a325   Thumb Code    40  mc_motorcontrol_layer.o(i.MCL_Chk_BusVolt)
    MCL_ClearFault                           0x0800a351   Thumb Code    52  mc_motorcontrol_layer.o(i.MCL_ClearFault)
    MCL_SetFault                             0x0800a391   Thumb Code   148  mc_motorcontrol_layer.o(i.MCL_SetFault)
    MX_FDCAN1_Init                           0x0800a7f9   Thumb Code   154  device.o(i.MX_FDCAN1_Init)
    MemManage_Handler                        0x0800ae65   Thumb Code     4  stm32g4xx_it.o(i.MemManage_Handler)
    MsgAdd                                   0x0800ae69   Thumb Code    32  message.o(i.MsgAdd)
    MsgICANPop                               0x0800ae91   Thumb Code    28  message.o(i.MsgICANPop)
    MsgICANRegister                          0x0800aeb1   Thumb Code    30  message.o(i.MsgICANRegister)
    NMI_Handler                              0x0800aed5   Thumb Code     4  stm32g4xx_it.o(i.NMI_Handler)
    NetOnlineCheck                           0x0800aed9   Thumb Code   122  icanlogic.o(i.NetOnlineCheck)
    Null                                     0x0800af59   Thumb Code     2  plc.o(i.Null)
    PCConfig_Master                          0x0800af5d   Thumb Code   612  icanlogic.o(i.PCConfig_Master)
    PCIdle_Master                            0x0800b1c5   Thumb Code    30  icanlogic.o(i.PCIdle_Master)
    PCMonitor_Master                         0x0800b1e9   Thumb Code   406  icanlogic.o(i.PCMonitor_Master)
    PWMDriver                                0x0800b385   Thumb Code   282  device.o(i.PWMDriver)
    PacketInit                               0x0800b4a9   Thumb Code    60  packet.o(i.PacketInit)
    PendSV_Handler                           0x0800b4fd   Thumb Code     2  stm32g4xx_it.o(i.PendSV_Handler)
    PowerOff_Handle                          0x0800b501   Thumb Code    78  main.o(i.PowerOff_Handle)
    Protection                               0x0800b55d   Thumb Code  1160  mc_motorcontrol_layer.o(i.Protection)
    PwmDisableEsp                            0x0800b9ed   Thumb Code    26  device.o(i.PwmDisableEsp)
    PwmEnable                                0x0800ba0d   Thumb Code    14  device.o(i.PwmEnable)
    PwmUpdate                                0x0800ba21   Thumb Code    56  device.o(i.PwmUpdate)
    QueueNData                               0x0800ba5d   Thumb Code    10  queue.o(i.QueueNData)
    QueueRead                                0x0800ba67   Thumb Code    64  queue.o(i.QueueRead)
    QueueWrite                               0x0800baa7   Thumb Code    60  queue.o(i.QueueWrite)
    RXData_to_CtrlRam                        0x0800bb4d   Thumb Code    34  packet.o(i.RXData_to_CtrlRam)
    ReadHardParaFromEeprom                   0x0800bb79   Thumb Code   230  para.o(i.ReadHardParaFromEeprom)
    ReadMonitorParaValByIndex                0x0800bc65   Thumb Code    30  para.o(i.ReadMonitorParaValByIndex)
    ReadParaFromEeprom                       0x0800bc89   Thumb Code   222  para.o(i.ReadParaFromEeprom)
    ReadParaValByIndex                       0x0800bd6d   Thumb Code    44  para.o(i.ReadParaValByIndex)
    ResetNetTimer                            0x0800bda1   Thumb Code    24  itimer.o(i.ResetNetTimer)
    SVC_Handler                              0x0800bfdd   Thumb Code     2  stm32g4xx_it.o(i.SVC_Handler)
    SaveHardParaToEeprom                     0x0800bfe1   Thumb Code   184  para.o(i.SaveHardParaToEeprom)
    SaveParaToEeprom                         0x0800c09d   Thumb Code   186  para.o(i.SaveParaToEeprom)
    SetNetTimer                              0x0800c15d   Thumb Code    52  itimer.o(i.SetNetTimer)
    SysTick_Handler                          0x0800c241   Thumb Code    20  stm32g4xx_it.o(i.SysTick_Handler)
    Sys_Prco                                 0x0800c255   Thumb Code   242  plc.o(i.Sys_Prco)
    SystemClock_Config                       0x0800c361   Thumb Code   154  main.o(i.SystemClock_Config)
    SystemInit                               0x0800c3fd   Thumb Code    10  system_stm32g4xx.o(i.SystemInit)
    TIM1_BRK_TIM15_IRQHandler                0x0800c40d   Thumb Code    14  stm32g4xx_it.o(i.TIM1_BRK_TIM15_IRQHandler)
    TIM1_UP_TIM16_IRQHandler                 0x0800c421   Thumb Code    42  stm32g4xx_it.o(i.TIM1_UP_TIM16_IRQHandler)
    TIM1ms_ISR                               0x0800c455   Thumb Code  1128  mc_motorcontrol_layer.o(i.TIM1ms_ISR)
    TIM8_CC_IRQHandler                       0x0800c8c5   Thumb Code    10  stm32g4xx_it.o(i.TIM8_CC_IRQHandler)
    TIM_Base_SetConfig                       0x0800c8d5   Thumb Code   188  stm32g4xx_hal_tim.o(i.TIM_Base_SetConfig)
    TIM_CCxChannelCmd                        0x0800c9b5   Thumb Code    34  stm32g4xx_hal_tim.o(i.TIM_CCxChannelCmd)
    TIM_ETR_SetConfig                        0x0800c9f9   Thumb Code    22  stm32g4xx_hal_tim.o(i.TIM_ETR_SetConfig)
    TIM_OC2_SetConfig                        0x0800cae5   Thumb Code   170  stm32g4xx_hal_tim.o(i.TIM_OC2_SetConfig)
    TIM_SetCounter                           0x0800ce2d   Thumb Code     8  device.o(i.TIM_SetCounter)
    TmpInit                                  0x0800ce85   Thumb Code    52  temprature.o(i.TmpInit)
    TmpPowerCalRes                           0x0800cec1   Thumb Code    80  temprature.o(i.TmpPowerCalRes)
    TmpProcess                               0x0800cf15   Thumb Code   340  temprature.o(i.TmpProcess)
    UART3_IntHandler                         0x0800d071   Thumb Code   260  uartstm32f4.o(i.UART3_IntHandler)
    UARTGetBufLen                            0x0800d1e1   Thumb Code    24  uartstm32f4.o(i.UARTGetBufLen)
    UARTPkt_DataInManage                     0x0800d1f9   Thumb Code   448  packet.o(i.UARTPkt_DataInManage)
    UARTPkt_DataLogicManage                  0x0800d3c9   Thumb Code   170  packet.o(i.UARTPkt_DataLogicManage)
    UARTPkt_DataOutManage                    0x0800d48d   Thumb Code    82  packet.o(i.UARTPkt_DataOutManage)
    UARTReadBufArray                         0x0800d4ed   Thumb Code    46  uartstm32f4.o(i.UARTReadBufArray)
    UARTReadBuffer                           0x0800d51b   Thumb Code    42  uartstm32f4.o(i.UARTReadBuffer)
    UARTSend                                 0x0800d545   Thumb Code    50  uartstm32f4.o(i.UARTSend)
    UARTWriteBufArray                        0x0800d581   Thumb Code    50  uartstm32f4.o(i.UARTWriteBufArray)
    UARTWriteBuffer                          0x0800d5b3   Thumb Code    38  uartstm32f4.o(i.UARTWriteBuffer)
    UART_AdvFeatureConfig                    0x0800d5d9   Thumb Code   248  stm32g4xx_hal_uart.o(i.UART_AdvFeatureConfig)
    UART_CheckIdleState                      0x0800d6d1   Thumb Code   118  stm32g4xx_hal_uart.o(i.UART_CheckIdleState)
    UART_SetConfig                           0x0800dc79   Thumb Code   922  stm32g4xx_hal_uart.o(i.UART_SetConfig)
    UART_Start_Receive_IT                    0x0800e041   Thumb Code   352  stm32g4xx_hal_uart.o(i.UART_Start_Receive_IT)
    UART_WaitOnFlagUntilTimeout              0x0800e1b1   Thumb Code   254  stm32g4xx_hal_uart.o(i.UART_WaitOnFlagUntilTimeout)
    USART3_IRQHandler                        0x0800e2af   Thumb Code     8  stm32g4xx_it.o(i.USART3_IRQHandler)
    UpdataPlcDataFromUart                    0x0800e2b7   Thumb Code     2  packet.o(i.UpdataPlcDataFromUart)
    UpdataUartDataFromPlc                    0x0800e2b9   Thumb Code   206  packet.o(i.UpdataUartDataFromPlc)
    UsageFault_Handler                       0x0800e3a1   Thumb Code     4  stm32g4xx_it.o(i.UsageFault_Handler)
    _GetSetPosition                          0x0800e3a5   Thumb Code   536  mc_motorcontrol_layer.o(i._GetSetPosition)
    __scatterload_copy                       0x0800e609   Thumb Code    14  handlers.o(i.__scatterload_copy)
    __scatterload_null                       0x0800e617   Thumb Code     2  handlers.o(i.__scatterload_null)
    __scatterload_zeroinit                   0x0800e619   Thumb Code    14  handlers.o(i.__scatterload_zeroinit)
    iCAN_Prco                                0x0800e629   Thumb Code   200  plc.o(i.iCAN_Prco)
    main                                     0x0800e701   Thumb Code   448  main.o(i.main)
    memzero                                  0x0800e8d5   Thumb Code    58  plc.o(i.memzero)
    myvpid                                   0x0800e911   Thumb Code   652  mc_motorcontrol_layer.o(i.myvpid)
    netTimerInit                             0x0800ebc5   Thumb Code    20  itimer.o(i.netTimerInit)
    netTimerUpdate                           0x0800ebd9   Thumb Code   142  itimer.o(i.netTimerUpdate)
    AHBPrescTable                            0x0800ec6c   Data          16  system_stm32g4xx.o(.constdata)
    APBPrescTable                            0x0800ec7c   Data           8  system_stm32g4xx.o(.constdata)
    UARTPrescTable                           0x08011b28   Data          24  stm32g4xx_hal_uart.o(.constdata)
    Region$$Table$$Base                      0x08011b50   Number         0  anon$$obj.o(Region$$Table)
    Region$$Table$$Limit                     0x08011b70   Number         0  anon$$obj.o(Region$$Table)
    TxData                                   0x20000000   Data           8  main.o(.data)
    RxData                                   0x20000008   Data           8  main.o(.data)
    ADC3Value                                0x20000014   Data           8  device.o(.data)
    gTimIsrCnt                               0x2000001e   Data           2  stm32g4xx_it.o(.data)
    SystemCoreClock                          0x20000028   Data           4  system_stm32g4xx.o(.data)
    ICANLogicIn_Master_Func                  0x2000002c   Data          28  icanplc.o(.data)
    ICANLogicOut_Master_Func                 0x20000048   Data          28  icanplc.o(.data)
    cPara_Table                              0x20000064   Data        1212  para.o(.data)
    cMonitorPara_Table                       0x20000560   Data         184  para.o(.data)
    gRamSlv                                  0x200006a8   Data           3  packet.o(.data)
    ReceiveTimeOut                           0x200006ab   Data           1  packet.o(.data)
    PDOTx_Func                               0x200006b0   Data           4  plc.o(.data)
    g_nMainState                             0x200006bc   Data           2  commonram.o(.data)
    g_nZeroRunState                          0x200006be   Data           2  commonram.o(.data)
    g_wTms                                   0x200006c0   Data           2  commonram.o(.data)
    g_wTs                                    0x200006c2   Data           2  commonram.o(.data)
    g_lPEK1                                  0x200006c4   Data           4  commonram.o(.data)
    g_lPEK2                                  0x200006c8   Data           4  commonram.o(.data)
    g_lVEK1                                  0x200006cc   Data           4  commonram.o(.data)
    g_lVEK2                                  0x200006d0   Data           4  commonram.o(.data)
    g_lVEK3                                  0x200006d4   Data           4  commonram.o(.data)
    g_nIEK                                   0x200006d8   Data           4  commonram.o(.data)
    g_nIEK1                                  0x200006dc   Data           4  commonram.o(.data)
    g_nIntegar                               0x200006e0   Data           2  commonram.o(.data)
    g_lI_K_P                                 0x200006e4   Data           4  commonram.o(.data)
    uwTick                                   0x20000748   Data           4  stm32g4xx_hal.o(.data)
    uwTickPrio                               0x2000074c   Data           4  stm32g4xx_hal.o(.data)
    uwTickFreq                               0x20000750   Data           4  stm32g4xx_hal.o(.data)
    pFlash                                   0x20000754   Data          32  stm32g4xx_hal_flash.o(.data)
    hspi1                                    0x20000774   Data         100  device.o(.bss)
    hspi3                                    0x200007d8   Data         100  device.o(.bss)
    hfdcan1                                  0x2000083c   Data         100  device.o(.bss)
    htim1                                    0x200008a0   Data          76  device.o(.bss)
    htim2                                    0x200008ec   Data          76  device.o(.bss)
    htim4                                    0x20000938   Data          76  device.o(.bss)
    htim8                                    0x20000984   Data          76  device.o(.bss)
    hdma_usart3_tx                           0x200009d0   Data          96  device.o(.bss)
    hdma_usart3_rx                           0x20000a30   Data          96  device.o(.bss)
    huart3                                   0x20000a90   Data         144  device.o(.bss)
    ADCValue                                 0x20000b20   Data          24  device.o(.bss)
    ADC2Value                                0x20000b38   Data          16  device.o(.bss)
    hadc1                                    0x20000b48   Data         108  stm32g4xx_hal_msp.o(.bss)
    hdma_adc1                                0x20000bb4   Data          96  stm32g4xx_hal_msp.o(.bss)
    hadc2                                    0x20000c14   Data         108  stm32g4xx_hal_msp.o(.bss)
    hdma_adc2                                0x20000c80   Data          96  stm32g4xx_hal_msp.o(.bss)
    hadc3                                    0x20000ce0   Data         108  stm32g4xx_hal_msp.o(.bss)
    hdma_adc3                                0x20000d4c   Data          96  stm32g4xx_hal_msp.o(.bss)
    hadc4                                    0x20000dac   Data         108  stm32g4xx_hal_msp.o(.bss)
    hdma_adc4                                0x20000e18   Data          96  stm32g4xx_hal_msp.o(.bss)
    hadc5                                    0x20000e78   Data         108  stm32g4xx_hal_msp.o(.bss)
    hdma_adc5                                0x20000ee4   Data          96  stm32g4xx_hal_msp.o(.bss)
    icanMaster                               0x20000f44   Data        1056  ican_master.o(.bss)
    netTimer                                 0x20001364   Data         384  itimer.o(.bss)
    MsgICOMQueue                             0x200014e4   Data         112  message.o(.bss)
    MsgICANQueue                             0x20001554   Data         112  message.o(.bss)
    sysAlarm                                 0x200015c4   Data         128  message.o(.bss)
    gPara                                    0x20001644   Data         512  para.o(.bss)
    UARTPacketRx                             0x20001844   Data          12  packet.o(.bss)
    UARTPacketTx                             0x20001850   Data          12  packet.o(.bss)
    gRamMst                                  0x2000185c   Data          14  packet.o(.bss)
    Rx_Array                                 0x2000186a   Data          64  packet.o(.bss)
    uart2RxBuffer                            0x200018aa   Data          68  uartstm32f4.o(.bss)
    uart2TxBuffer                            0x200018ee   Data          68  uartstm32f4.o(.bss)
    uartRxBuffer                             0x20001932   Data          68  uartstm32f4.o(.bss)
    uartTxBuffer                             0x20001976   Data          68  uartstm32f4.o(.bss)
    canFrmRxBuffer                           0x200019bc   Data        1032  canstm32g4.o(.bss)
    canFrmTxBuffer                           0x20001dc4   Data        1032  canstm32g4.o(.bss)
    gCRam                                    0x200021cc   Data         336  commonram.o(.bss)
    gPLCCtl                                  0x2000231c   Data         416  commonram.o(.bss)
    AutoTune                                 0x200024bc   Data          24  autotune.o(.bss)
    gCurrentSample                           0x200024d4   Data         216  fdb.o(.bss)
    QExpandAGV_PDO                           0x200025ac   Data         108  canopen_qexpandagvv04.o(.bss)
    __initial_sp                             0x20003618   Data           0  startup_stm32g473xx.o(STACK)



==============================================================================

Memory Map of the image

  Image Entry point : 0x080001e1

  Load Region LR_IROM1 (Base: 0x08000000, Size: 0x000122e4, Max: 0x00040000, ABSOLUTE, COMPRESSED[0x00012024])

    Execution Region ER_IROM1 (Exec base: 0x08000000, Load base: 0x08000000, Size: 0x00011b70, Max: 0x00040000, ABSOLUTE)

    Exec Addr    Load Addr    Size         Type   Attr      Idx    E Section Name        Object

    0x08000000   0x08000000   0x000001e0   Data   RO            3    RESET               startup_stm32g473xx.o
    0x080001e0   0x080001e0   0x00000000   Code   RO         7682  * .ARM.Collect$$$$00000000  mc_w.l(entry.o)
    0x080001e0   0x080001e0   0x00000004   Code   RO         7725    .ARM.Collect$$$$00000001  mc_w.l(entry2.o)
    0x080001e4   0x080001e4   0x00000004   Code   RO         7728    .ARM.Collect$$$$00000004  mc_w.l(entry5.o)
    0x080001e8   0x080001e8   0x00000000   Code   RO         7730    .ARM.Collect$$$$00000008  mc_w.l(entry7b.o)
    0x080001e8   0x080001e8   0x00000000   Code   RO         7732    .ARM.Collect$$$$0000000A  mc_w.l(entry8b.o)
    0x080001e8   0x080001e8   0x00000008   Code   RO         7733    .ARM.Collect$$$$0000000B  mc_w.l(entry9a.o)
    0x080001f0   0x080001f0   0x00000004   Code   RO         7740    .ARM.Collect$$$$0000000E  mc_w.l(entry12b.o)
    0x080001f4   0x080001f4   0x00000000   Code   RO         7735    .ARM.Collect$$$$0000000F  mc_w.l(entry10a.o)
    0x080001f4   0x080001f4   0x00000000   Code   RO         7737    .ARM.Collect$$$$00000011  mc_w.l(entry11a.o)
    0x080001f4   0x080001f4   0x00000004   Code   RO         7726    .ARM.Collect$$$$00002712  mc_w.l(entry2.o)
    0x080001f8   0x080001f8   0x00000024   Code   RO            4    .text               startup_stm32g473xx.o
    0x0800021c   0x0800021c   0x00000062   Code   RO         7685    .text               mc_w.l(uldiv.o)
    0x0800027e   0x0800027e   0x00000024   Code   RO         7687    .text               mc_w.l(memseta.o)
    0x080002a2   0x080002a2   0x000000b0   Code   RO         7689    .text               mf_w.l(fadd.o)
    0x08000352   0x08000352   0x00000064   Code   RO         7691    .text               mf_w.l(fmul.o)
    0x080003b6   0x080003b6   0x0000007c   Code   RO         7693    .text               mf_w.l(fdiv.o)
    0x08000432   0x08000432   0x000000e4   Code   RO         7695    .text               mf_w.l(dmul.o)
    0x08000516   0x08000516   0x000000de   Code   RO         7697    .text               mf_w.l(ddiv.o)
    0x080005f4   0x080005f4   0x00000012   Code   RO         7699    .text               mf_w.l(fflti.o)
    0x08000606   0x08000606   0x0000000a   Code   RO         7701    .text               mf_w.l(ffltui.o)
    0x08000610   0x08000610   0x00000022   Code   RO         7703    .text               mf_w.l(dflti.o)
    0x08000632   0x08000632   0x0000001a   Code   RO         7705    .text               mf_w.l(dfltui.o)
    0x0800064c   0x0800064c   0x00000032   Code   RO         7707    .text               mf_w.l(ffixi.o)
    0x0800067e   0x0800067e   0x00000028   Code   RO         7709    .text               mf_w.l(ffixui.o)
    0x080006a6   0x080006a6   0x0000003e   Code   RO         7711    .text               mf_w.l(dfixi.o)
    0x080006e4   0x080006e4   0x00000032   Code   RO         7713    .text               mf_w.l(dfixui.o)
    0x08000716   0x08000716   0x00000002   PAD
    0x08000718   0x08000718   0x00000030   Code   RO         7715    .text               mf_w.l(cdcmple.o)
    0x08000748   0x08000748   0x00000030   Code   RO         7717    .text               mf_w.l(cdrcmple.o)
    0x08000778   0x08000778   0x00000038   Code   RO         7719    .text               mf_w.l(d2f.o)
    0x080007b0   0x080007b0   0x00000014   Code   RO         7721    .text               mf_w.l(cfcmple.o)
    0x080007c4   0x080007c4   0x00000014   Code   RO         7723    .text               mf_w.l(cfrcmple.o)
    0x080007d8   0x080007d8   0x0000001e   Code   RO         7741    .text               mc_w.l(llshl.o)
    0x080007f6   0x080007f6   0x00000020   Code   RO         7743    .text               mc_w.l(llushr.o)
    0x08000816   0x08000816   0x00000000   Code   RO         7745    .text               mc_w.l(iusefp.o)
    0x08000816   0x08000816   0x0000006e   Code   RO         7746    .text               mf_w.l(fepilogue.o)
    0x08000884   0x08000884   0x000000ba   Code   RO         7748    .text               mf_w.l(depilogue.o)
    0x0800093e   0x0800093e   0x00000002   PAD
    0x08000940   0x08000940   0x00000024   Code   RO         7750    .text               mc_w.l(init.o)
    0x08000964   0x08000964   0x00000056   Code   RO         7760    .text               mc_w.l(__dczerorl2.o)
    0x080009ba   0x080009ba   0x00000002   PAD
    0x080009bc   0x080009bc   0x00000010   Code   RO         7507    _IQ24mpy            IQmathLib.lib(IQNmpy.o)
    0x080009cc   0x080009cc   0x00000038   Code   RO          419    i.ADC1_2_IRQHandler  stm32g4xx_it.o
    0x08000a04   0x08000a04   0x00000092   Code   RO         2735    i.ADC_DMAConvCplt   stm32g4xx_hal_adc.o
    0x08000a96   0x08000a96   0x0000001e   Code   RO         2736    i.ADC_DMAError      stm32g4xx_hal_adc.o
    0x08000ab4   0x08000ab4   0x0000000e   Code   RO         2737    i.ADC_DMAHalfConvCplt  stm32g4xx_hal_adc.o
    0x08000ac2   0x08000ac2   0x00000002   PAD
    0x08000ac4   0x08000ac4   0x00000088   Code   RO         2738    i.ADC_Disable       stm32g4xx_hal_adc.o
    0x08000b4c   0x08000b4c   0x00000078   Code   RO         2739    i.ADC_Enable        stm32g4xx_hal_adc.o
    0x08000bc4   0x08000bc4   0x0000002c   Code   RO         1091    i.AlarmICANRegister  message.o
    0x08000bf0   0x08000bf0   0x00000130   Code   RO         1821    i.AutoTuneWiper     autotune.o
    0x08000d20   0x08000d20   0x0000010c   Code   RO          250    i.Bsp_Init          device.o
    0x08000e2c   0x08000e2c   0x00000004   Code   RO          420    i.BusFault_Handler  stm32g4xx_it.o
    0x08000e30   0x08000e30   0x00000100   Code   RO         1700    i.CANFrmSend        canstm32g4.o
    0x08000f30   0x08000f30   0x00000034   Code   RO         1701    i.CANReadBuffer     canstm32g4.o
    0x08000f64   0x08000f64   0x00000030   Code   RO         1702    i.CANWriteBuffer    canstm32g4.o
    0x08000f94   0x08000f94   0x00000100   Code   RO         2187    i.CanOpenRxFrame    canopen_qexpandagvv04.o
    0x08001094   0x08001094   0x00000580   Code   RO         1778    i.CfgVariable       commonram.o
    0x08001614   0x08001614   0x000001bc   Code   RO         1851    i.ChangeModScs      mc_motorcontrol_layer.o
    0x080017d0   0x080017d0   0x00000634   Code   RO         1852    i.ControllerISR     mc_motorcontrol_layer.o
    0x08001e04   0x08001e04   0x000001f4   Code   RO         2002    i.CurrentSampleCalc  fdb.o
    0x08001ff8   0x08001ff8   0x00000036   Code   RO         2003    i.CurrentSampleCalcZeroDrift  fdb.o
    0x0800202e   0x0800202e   0x0000009c   Code   RO         2004    i.CurrentSampleInit  fdb.o
    0x080020ca   0x080020ca   0x00000002   PAD
    0x080020cc   0x080020cc   0x00000044   Code   RO         4155    i.DMA_CalcDMAMUXChannelBaseAndMask  stm32g4xx_hal_dma.o
    0x08002110   0x08002110   0x00000024   Code   RO         4156    i.DMA_CalcDMAMUXRequestGenBaseAndMask  stm32g4xx_hal_dma.o
    0x08002134   0x08002134   0x00000040   Code   RO         4157    i.DMA_SetConfig     stm32g4xx_hal_dma.o
    0x08002174   0x08002174   0x00000220   Code   RO         1276    i.DOProcess         plclogic.o
    0x08002394   0x08002394   0x00000002   Code   RO          421    i.DebugMon_Handler  stm32g4xx_it.o
    0x08002396   0x08002396   0x0000000a   Code   RO          251    i.Delay             device.o
    0x080023a0   0x080023a0   0x00000070   Code   RO         1172    i.EepromQualifiedRead  para.o
    0x08002410   0x08002410   0x00000060   Code   RO         1173    i.EepromQualifiedWrite  para.o
    0x08002470   0x08002470   0x000000b4   Code   RO          252    i.EepromRead        device.o
    0x08002524   0x08002524   0x0000010c   Code   RO          253    i.EepromWrite       device.o
    0x08002630   0x08002630   0x00000006   Code   RO           13    i.Error_Handler     main.o
    0x08002636   0x08002636   0x00000002   PAD
    0x08002638   0x08002638   0x00000010   Code   RO          422    i.FDCAN1_IT0_IRQHandler  stm32g4xx_it.o
    0x08002648   0x08002648   0x00000084   Code   RO         4802    i.FDCAN_CalcultateRamBlockAddresses  stm32g4xx_hal_fdcan.o
    0x080026cc   0x080026cc   0x000000d0   Code   RO         4803    i.FDCAN_CopyMessageToRAM  stm32g4xx_hal_fdcan.o
    0x0800279c   0x0800279c   0x0000003c   Code   RO         3846    i.FLASH_OB_BootLockConfig  stm32g4xx_hal_flash_ex.o
    0x080027d8   0x080027d8   0x00000170   Code   RO         3853    i.FLASH_OB_PCROPConfig  stm32g4xx_hal_flash_ex.o
    0x08002948   0x08002948   0x0000003c   Code   RO         3854    i.FLASH_OB_RDPConfig  stm32g4xx_hal_flash_ex.o
    0x08002984   0x08002984   0x00000058   Code   RO         3855    i.FLASH_OB_SecMemConfig  stm32g4xx_hal_flash_ex.o
    0x080029dc   0x080029dc   0x0000014c   Code   RO         3856    i.FLASH_OB_UserConfig  stm32g4xx_hal_flash_ex.o
    0x08002b28   0x08002b28   0x0000006c   Code   RO         3857    i.FLASH_OB_WRPConfig  stm32g4xx_hal_flash_ex.o
    0x08002b94   0x08002b94   0x0000008c   Code   RO         3737    i.FLASH_WaitForLastOperation  stm32g4xx_hal_flash.o
    0x08002c20   0x08002c20   0x000000b8   Code   RO         2006    i.FeedbackOvLoadCheck  fdb.o
    0x08002cd8   0x08002cd8   0x0000002c   Code   RO         2007    i.FeedbackProcess   fdb.o
    0x08002d04   0x08002d04   0x00000420   Code   RO         1853    i.GetCmdPercent     mc_motorcontrol_layer.o
    0x08003124   0x08003124   0x00000026   Code   RO         1340    i.GetDataByte       queue.o
    0x0800314a   0x0800314a   0x00000002   PAD
    0x0800314c   0x0800314c   0x000001c8   Code   RO         1854    i.GetNewTargetValue  mc_motorcontrol_layer.o
    0x08003314   0x08003314   0x00000026   Code   RO         1450    i.GetSum8_size      packet.o
    0x0800333a   0x0800333a   0x00000002   PAD
    0x0800333c   0x0800333c   0x000000ac   Code   RO          856    i.GetSysProcedure   icanlogic.o
    0x080033e8   0x080033e8   0x000000b0   Code   RO         3017    i.HAL_ADCEx_Calibration_Start  stm32g4xx_hal_adc_ex.o
    0x08003498   0x08003498   0x000006a0   Code   RO         3023    i.HAL_ADCEx_InjectedConfigChannel  stm32g4xx_hal_adc_ex.o
    0x08003b38   0x08003b38   0x0000003e   Code   RO         3025    i.HAL_ADCEx_InjectedGetValue  stm32g4xx_hal_adc_ex.o
    0x08003b76   0x08003b76   0x00000002   PAD
    0x08003b78   0x08003b78   0x0000013c   Code   RO         3028    i.HAL_ADCEx_InjectedStart  stm32g4xx_hal_adc_ex.o
    0x08003cb4   0x08003cb4   0x00000190   Code   RO         3029    i.HAL_ADCEx_InjectedStart_IT  stm32g4xx_hal_adc_ex.o
    0x08003e44   0x08003e44   0x000001ac   Code   RO         3034    i.HAL_ADCEx_MultiModeConfigChannel  stm32g4xx_hal_adc_ex.o
    0x08003ff0   0x08003ff0   0x0000057c   Code   RO         2741    i.HAL_ADC_ConfigChannel  stm32g4xx_hal_adc.o
    0x0800456c   0x0800456c   0x00000002   Code   RO         2742    i.HAL_ADC_ConvCpltCallback  stm32g4xx_hal_adc.o
    0x0800456e   0x0800456e   0x00000002   Code   RO         2743    i.HAL_ADC_ConvHalfCpltCallback  stm32g4xx_hal_adc.o
    0x08004570   0x08004570   0x00000002   Code   RO         2745    i.HAL_ADC_ErrorCallback  stm32g4xx_hal_adc.o
    0x08004572   0x08004572   0x00000002   PAD
    0x08004574   0x08004574   0x000002c0   Code   RO         2750    i.HAL_ADC_Init      stm32g4xx_hal_adc.o
    0x08004834   0x08004834   0x000002f8   Code   RO          555    i.HAL_ADC_MspInit   stm32g4xx_hal_msp.o
    0x08004b2c   0x08004b2c   0x00000144   Code   RO         2758    i.HAL_ADC_Start_DMA  stm32g4xx_hal_adc.o
    0x08004c70   0x08004c70   0x000000d0   Code   RO         4164    i.HAL_DMA_Init      stm32g4xx_hal_dma.o
    0x08004d40   0x08004d40   0x000000c2   Code   RO         4168    i.HAL_DMA_Start_IT  stm32g4xx_hal_dma.o
    0x08004e02   0x08004e02   0x00000002   PAD
    0x08004e04   0x08004e04   0x00000028   Code   RO         3263    i.HAL_Delay         stm32g4xx_hal.o
    0x08004e2c   0x08004e2c   0x0000006a   Code   RO         4806    i.HAL_FDCAN_AddMessageToTxFifoQ  stm32g4xx_hal_fdcan.o
    0x08004e96   0x08004e96   0x00000002   Code   RO         4829    i.HAL_FDCAN_ErrorCallback  stm32g4xx_hal_fdcan.o
    0x08004e98   0x08004e98   0x00000002   Code   RO         4830    i.HAL_FDCAN_ErrorStatusCallback  stm32g4xx_hal_fdcan.o
    0x08004e9a   0x08004e9a   0x00000002   PAD
    0x08004e9c   0x08004e9c   0x00000118   Code   RO         4839    i.HAL_FDCAN_GetRxMessage  stm32g4xx_hal_fdcan.o
    0x08004fb4   0x08004fb4   0x0000000e   Code   RO         4844    i.HAL_FDCAN_GetTxFifoFreeLevel  stm32g4xx_hal_fdcan.o
    0x08004fc2   0x08004fc2   0x00000002   Code   RO         4845    i.HAL_FDCAN_HighPriorityMessageCallback  stm32g4xx_hal_fdcan.o
    0x08004fc4   0x08004fc4   0x000001c0   Code   RO         4846    i.HAL_FDCAN_IRQHandler  stm32g4xx_hal_fdcan.o
    0x08005184   0x08005184   0x00000218   Code   RO         4847    i.HAL_FDCAN_Init    stm32g4xx_hal_fdcan.o
    0x0800539c   0x0800539c   0x000000bc   Code   RO          557    i.HAL_FDCAN_MspInit  stm32g4xx_hal_msp.o
    0x08005458   0x08005458   0x0000008c   Code   RO         1703    i.HAL_FDCAN_RxFifo0Callback  canstm32g4.o
    0x080054e4   0x080054e4   0x00000028   Code   RO         1704    i.HAL_FDCAN_RxFifo1Callback  canstm32g4.o
    0x0800550c   0x0800550c   0x0000002e   Code   RO         4856    i.HAL_FDCAN_Start   stm32g4xx_hal_fdcan.o
    0x0800553a   0x0800553a   0x00000002   Code   RO         4858    i.HAL_FDCAN_TimeoutOccurredCallback  stm32g4xx_hal_fdcan.o
    0x0800553c   0x0800553c   0x00000002   Code   RO         4859    i.HAL_FDCAN_TimestampWraparoundCallback  stm32g4xx_hal_fdcan.o
    0x0800553e   0x0800553e   0x00000002   Code   RO         4860    i.HAL_FDCAN_TxBufferAbortCallback  stm32g4xx_hal_fdcan.o
    0x08005540   0x08005540   0x00000002   Code   RO         4861    i.HAL_FDCAN_TxBufferCompleteCallback  stm32g4xx_hal_fdcan.o
    0x08005542   0x08005542   0x00000002   Code   RO         4862    i.HAL_FDCAN_TxEventFifoCallback  stm32g4xx_hal_fdcan.o
    0x08005544   0x08005544   0x000000c0   Code   RO         1705    i.HAL_FDCAN_TxFifoEmptyCallback  canstm32g4.o
    0x08005604   0x08005604   0x000000b0   Code   RO         3865    i.HAL_FLASHEx_OBProgram  stm32g4xx_hal_flash_ex.o
    0x080056b4   0x080056b4   0x00000020   Code   RO         3741    i.HAL_FLASH_Lock    stm32g4xx_hal_flash.o
    0x080056d4   0x080056d4   0x0000001c   Code   RO         3742    i.HAL_FLASH_OB_Launch  stm32g4xx_hal_flash.o
    0x080056f0   0x080056f0   0x00000020   Code   RO         3743    i.HAL_FLASH_OB_Lock  stm32g4xx_hal_flash.o
    0x08005710   0x08005710   0x00000030   Code   RO         3744    i.HAL_FLASH_OB_Unlock  stm32g4xx_hal_flash.o
    0x08005740   0x08005740   0x00000030   Code   RO         3748    i.HAL_FLASH_Unlock  stm32g4xx_hal_flash.o
    0x08005770   0x08005770   0x000001d8   Code   RO         4020    i.HAL_GPIO_Init     stm32g4xx_hal_gpio.o
    0x08005948   0x08005948   0x00000010   Code   RO         4022    i.HAL_GPIO_ReadPin  stm32g4xx_hal_gpio.o
    0x08005958   0x08005958   0x00000014   Code   RO         4023    i.HAL_GPIO_TogglePin  stm32g4xx_hal_gpio.o
    0x0800596c   0x0800596c   0x0000000a   Code   RO         4024    i.HAL_GPIO_WritePin  stm32g4xx_hal_gpio.o
    0x08005976   0x08005976   0x00000002   PAD
    0x08005978   0x08005978   0x0000000c   Code   RO         3267    i.HAL_GetTick       stm32g4xx_hal.o
    0x08005984   0x08005984   0x00000018   Code   RO         3270    i.HAL_IncTick       stm32g4xx_hal.o
    0x0800599c   0x0800599c   0x00000030   Code   RO         3271    i.HAL_Init          stm32g4xx_hal.o
    0x080059cc   0x080059cc   0x00000058   Code   RO         3272    i.HAL_InitTick      stm32g4xx_hal.o
    0x08005a24   0x08005a24   0x00000044   Code   RO          558    i.HAL_MspInit       stm32g4xx_hal_msp.o
    0x08005a68   0x08005a68   0x00000044   Code   RO         4666    i.HAL_NVIC_DisableIRQ  stm32g4xx_hal_cortex.o
    0x08005aac   0x08005aac   0x00000028   Code   RO         4667    i.HAL_NVIC_EnableIRQ  stm32g4xx_hal_cortex.o
    0x08005ad4   0x08005ad4   0x0000007a   Code   RO         4673    i.HAL_NVIC_SetPriority  stm32g4xx_hal_cortex.o
    0x08005b4e   0x08005b4e   0x00000002   PAD
    0x08005b50   0x08005b50   0x00000028   Code   RO         4674    i.HAL_NVIC_SetPriorityGrouping  stm32g4xx_hal_cortex.o
    0x08005b78   0x08005b78   0x00000118   Code   RO         4423    i.HAL_PWREx_ControlVoltageScaling  stm32g4xx_hal_pwr_ex.o
    0x08005c90   0x08005c90   0x00000014   Code   RO         4435    i.HAL_PWREx_DisableUCPDDeadBattery  stm32g4xx_hal_pwr_ex.o
    0x08005ca4   0x08005ca4   0x00000418   Code   RO         3621    i.HAL_RCCEx_PeriphCLKConfig  stm32g4xx_hal_rcc_ex.o
    0x080060bc   0x080060bc   0x00000224   Code   RO         3491    i.HAL_RCC_ClockConfig  stm32g4xx_hal_rcc.o
    0x080062e0   0x080062e0   0x0000000c   Code   RO         3497    i.HAL_RCC_GetHCLKFreq  stm32g4xx_hal_rcc.o
    0x080062ec   0x080062ec   0x00000024   Code   RO         3499    i.HAL_RCC_GetPCLK1Freq  stm32g4xx_hal_rcc.o
    0x08006310   0x08006310   0x00000024   Code   RO         3500    i.HAL_RCC_GetPCLK2Freq  stm32g4xx_hal_rcc.o
    0x08006334   0x08006334   0x00000098   Code   RO         3501    i.HAL_RCC_GetSysClockFreq  stm32g4xx_hal_rcc.o
    0x080063cc   0x080063cc   0x00000568   Code   RO         3504    i.HAL_RCC_OscConfig  stm32g4xx_hal_rcc.o
    0x08006934   0x08006934   0x000000fc   Code   RO         5203    i.HAL_SPI_Init      stm32g4xx_hal_spi.o
    0x08006a30   0x08006a30   0x0000007c   Code   RO          560    i.HAL_SPI_MspInit   stm32g4xx_hal_msp.o
    0x08006aac   0x08006aac   0x000002bc   Code   RO         5212    i.HAL_SPI_TransmitReceive  stm32g4xx_hal_spi.o
    0x08006d68   0x08006d68   0x00000034   Code   RO         4678    i.HAL_SYSTICK_Config  stm32g4xx_hal_cortex.o
    0x08006d9c   0x08006d9c   0x00000002   Code   RO         6270    i.HAL_TIMEx_Break2Callback  stm32g4xx_hal_tim_ex.o
    0x08006d9e   0x08006d9e   0x00000002   Code   RO         6271    i.HAL_TIMEx_BreakCallback  stm32g4xx_hal_tim_ex.o
    0x08006da0   0x08006da0   0x00000002   Code   RO         6272    i.HAL_TIMEx_CommutCallback  stm32g4xx_hal_tim_ex.o
    0x08006da2   0x08006da2   0x00000002   PAD
    0x08006da4   0x08006da4   0x00000104   Code   RO         6275    i.HAL_TIMEx_ConfigBreakDeadTime  stm32g4xx_hal_tim_ex.o
    0x08006ea8   0x08006ea8   0x00000002   Code   RO         6283    i.HAL_TIMEx_DirectionChangeCallback  stm32g4xx_hal_tim_ex.o
    0x08006eaa   0x08006eaa   0x00000012   Code   RO         6293    i.HAL_TIMEx_EnableDeadTimePreload  stm32g4xx_hal_tim_ex.o
    0x08006ebc   0x08006ebc   0x00000002   Code   RO         6297    i.HAL_TIMEx_EncoderIndexCallback  stm32g4xx_hal_tim_ex.o
    0x08006ebe   0x08006ebe   0x00000002   Code   RO         6311    i.HAL_TIMEx_IndexErrorCallback  stm32g4xx_hal_tim_ex.o
    0x08006ec0   0x08006ec0   0x000000d8   Code   RO         6312    i.HAL_TIMEx_MasterConfigSynchronization  stm32g4xx_hal_tim_ex.o
    0x08006f98   0x08006f98   0x00000100   Code   RO         6324    i.HAL_TIMEx_PWMN_Start  stm32g4xx_hal_tim_ex.o
    0x08007098   0x08007098   0x00000002   Code   RO         6333    i.HAL_TIMEx_TransitionErrorCallback  stm32g4xx_hal_tim_ex.o
    0x0800709a   0x0800709a   0x0000006e   Code   RO         5545    i.HAL_TIM_Base_Init  stm32g4xx_hal_tim.o
    0x08007108   0x08007108   0x00000084   Code   RO          562    i.HAL_TIM_Base_MspInit  stm32g4xx_hal_msp.o
    0x0800718c   0x0800718c   0x00000140   Code   RO         5554    i.HAL_TIM_ConfigClockSource  stm32g4xx_hal_tim.o
    0x080072cc   0x080072cc   0x000000cc   Code   RO         5566    i.HAL_TIM_Encoder_Init  stm32g4xx_hal_tim.o
    0x08007398   0x08007398   0x000000dc   Code   RO          564    i.HAL_TIM_Encoder_MspInit  stm32g4xx_hal_msp.o
    0x08007474   0x08007474   0x000000cc   Code   RO         5569    i.HAL_TIM_Encoder_Start  stm32g4xx_hal_tim.o
    0x08007540   0x08007540   0x00000002   Code   RO         5579    i.HAL_TIM_IC_CaptureCallback  stm32g4xx_hal_tim.o
    0x08007542   0x08007542   0x00000240   Code   RO         5593    i.HAL_TIM_IRQHandler  stm32g4xx_hal_tim.o
    0x08007782   0x08007782   0x00000002   PAD
    0x08007784   0x08007784   0x000000d4   Code   RO          565    i.HAL_TIM_MspPostInit  stm32g4xx_hal_msp.o
    0x08007858   0x08007858   0x00000002   Code   RO         5596    i.HAL_TIM_OC_DelayElapsedCallback  stm32g4xx_hal_tim.o
    0x0800785a   0x0800785a   0x00000168   Code   RO         5617    i.HAL_TIM_PWM_ConfigChannel  stm32g4xx_hal_tim.o
    0x080079c2   0x080079c2   0x0000006e   Code   RO         5620    i.HAL_TIM_PWM_Init  stm32g4xx_hal_tim.o
    0x08007a30   0x08007a30   0x00000002   Code   RO         5622    i.HAL_TIM_PWM_MspInit  stm32g4xx_hal_tim.o
    0x08007a32   0x08007a32   0x00000002   Code   RO         5623    i.HAL_TIM_PWM_PulseFinishedCallback  stm32g4xx_hal_tim.o
    0x08007a34   0x08007a34   0x0000016c   Code   RO         5625    i.HAL_TIM_PWM_Start  stm32g4xx_hal_tim.o
    0x08007ba0   0x08007ba0   0x00000002   Code   RO         5631    i.HAL_TIM_PeriodElapsedCallback  stm32g4xx_hal_tim.o
    0x08007ba2   0x08007ba2   0x00000002   Code   RO         5636    i.HAL_TIM_TriggerCallback  stm32g4xx_hal_tim.o
    0x08007ba4   0x08007ba4   0x00000058   Code   RO         7126    i.HAL_UARTEx_EnableFifoMode  stm32g4xx_hal_uart_ex.o
    0x08007bfc   0x08007bfc   0x00000002   Code   RO         6708    i.HAL_UARTEx_RxEventCallback  stm32g4xx_hal_uart.o
    0x08007bfe   0x08007bfe   0x0000005e   Code   RO         7132    i.HAL_UARTEx_SetRxFifoThreshold  stm32g4xx_hal_uart_ex.o
    0x08007c5c   0x08007c5c   0x0000005e   Code   RO         7133    i.HAL_UARTEx_SetTxFifoThreshold  stm32g4xx_hal_uart_ex.o
    0x08007cba   0x08007cba   0x00000002   Code   RO         6724    i.HAL_UART_ErrorCallback  stm32g4xx_hal_uart.o
    0x08007cbc   0x08007cbc   0x00000078   Code   RO         6728    i.HAL_UART_Init     stm32g4xx_hal_uart.o
    0x08007d34   0x08007d34   0x000000cc   Code   RO          567    i.HAL_UART_MspInit  stm32g4xx_hal_msp.o
    0x08007e00   0x08007e00   0x00000002   Code   RO         6735    i.HAL_UART_RxCpltCallback  stm32g4xx_hal_uart.o
    0x08007e02   0x08007e02   0x00000002   PAD
    0x08007e04   0x08007e04   0x00000268   Code   RO          857    i.HMIConfig_Master  icanlogic.o
    0x0800806c   0x0800806c   0x00000024   Code   RO          858    i.HMIIdle_Master    icanlogic.o
    0x08008090   0x08008090   0x0000019c   Code   RO          859    i.HMIMonitor_Master  icanlogic.o
    0x0800822c   0x0800822c   0x00000040   Code   RO          860    i.HMIPcIdle_Master  icanlogic.o
    0x0800826c   0x0800826c   0x00000014   Code   RO          423    i.HardFault_Handler  stm32g4xx_it.o
    0x08008280   0x08008280   0x00000434   Code   RO         1855    i.Homing            mc_motorcontrol_layer.o
    0x080086b4   0x080086b4   0x0000009c   Code   RO          698    i.ICANAddSlave      ican_master.o
    0x08008750   0x08008750   0x0000017c   Code   RO          699    i.ICANDataInManage_Master  ican_master.o
    0x080088cc   0x080088cc   0x00000228   Code   RO          700    i.ICANDataOutManage_Master  ican_master.o
    0x08008af4   0x08008af4   0x00000008   Code   RO          938    i.ICANInitialize    icanplc.o
    0x08008afc   0x08008afc   0x0000003c   Code   RO          702    i.ICANInitialize_Master  ican_master.o
    0x08008b38   0x08008b38   0x00000038   Code   RO          939    i.ICANLogicIn_Master  icanplc.o
    0x08008b70   0x08008b70   0x00000044   Code   RO          940    i.ICANLogicIn_Master_From_Hmi  icanplc.o
    0x08008bb4   0x08008bb4   0x00000020   Code   RO          941    i.ICANLogicIn_Master_From_Lift  icanplc.o
    0x08008bd4   0x08008bd4   0x00000020   Code   RO          942    i.ICANLogicIn_Master_From_Logic  icanplc.o
    0x08008bf4   0x08008bf4   0x00000002   Code   RO          943    i.ICANLogicIn_Master_From_Move  icanplc.o
    0x08008bf6   0x08008bf6   0x00000002   PAD
    0x08008bf8   0x08008bf8   0x0000001c   Code   RO          944    i.ICANLogicIn_Master_From_Pc  icanplc.o
    0x08008c14   0x08008c14   0x00000020   Code   RO          945    i.ICANLogicIn_Master_From_Smove  icanplc.o
    0x08008c34   0x08008c34   0x0000002c   Code   RO          946    i.ICANLogicIn_Master_From_Steer  icanplc.o
    0x08008c60   0x08008c60   0x00000038   Code   RO          947    i.ICANLogicOut_Master  icanplc.o
    0x08008c98   0x08008c98   0x00000064   Code   RO          948    i.ICANLogicOut_Master_To_Hmi  icanplc.o
    0x08008cfc   0x08008cfc   0x0000001c   Code   RO          949    i.ICANLogicOut_Master_To_Lift  icanplc.o
    0x08008d18   0x08008d18   0x0000001c   Code   RO          950    i.ICANLogicOut_Master_To_Logic  icanplc.o
    0x08008d34   0x08008d34   0x00000002   Code   RO          951    i.ICANLogicOut_Master_To_Move  icanplc.o
    0x08008d36   0x08008d36   0x00000002   PAD
    0x08008d38   0x08008d38   0x00000010   Code   RO          952    i.ICANLogicOut_Master_To_Pc  icanplc.o
    0x08008d48   0x08008d48   0x0000001c   Code   RO          953    i.ICANLogicOut_Master_To_Smove  icanplc.o
    0x08008d64   0x08008d64   0x0000001c   Code   RO          954    i.ICANLogicOut_Master_To_Steer  icanplc.o
    0x08008d80   0x08008d80   0x0000008c   Code   RO          703    i.ICANMacIDCheck    ican_master.o
    0x08008e0c   0x08008e0c   0x000000c0   Code   RO          704    i.ICANNetManage_Master  ican_master.o
    0x08008ecc   0x08008ecc   0x00000368   Code   RO          705    i.ICANReceive       ican_master.o
    0x08009234   0x08009234   0x00000068   Code   RO          706    i.ICANSend          ican_master.o
    0x0800929c   0x0800929c   0x0000008c   Code   RO          707    i.ICANSetConnect    ican_master.o
    0x08009328   0x08009328   0x00000002   Code   RO          861    i.ICANSysMatch      icanlogic.o
    0x0800932a   0x0800932a   0x00000002   PAD
    0x0800932c   0x0800932c   0x0000015c   Code   RO          708    i.ICAN_DOProc       ican_master.o
    0x08009488   0x08009488   0x000000dc   Code   RO         1779    i.InitCommonRam     commonram.o
    0x08009564   0x08009564   0x00000030   Code   RO         2008    i.InitFeedbackDevice  fdb.o
    0x08009594   0x08009594   0x00000130   Code   RO         1856    i.InitPLCCtl        mc_motorcontrol_layer.o
    0x080096c4   0x080096c4   0x0000005c   Code   RO         1526    i.InitPLCLogic      plc.o
    0x08009720   0x08009720   0x0000010c   Code   RO         1177    i.InitPara          para.o
    0x0800982c   0x0800982c   0x00000078   Code   RO          254    i.InitSysCtrl       device.o
    0x080098a4   0x080098a4   0x0000006c   Code   RO         1780    i.InitVariable      commonram.o
    0x08009910   0x08009910   0x00000030   Code   RO         1049    i.KillNetTimer      itimer.o
    0x08009940   0x08009940   0x00000024   Code   RO         1527    i.LEDInit           plc.o
    0x08009964   0x08009964   0x0000014c   Code   RO         1528    i.LEDProcess        plc.o
    0x08009ab0   0x08009ab0   0x00000010   Code   RO         2764    i.LL_ADC_Enable     stm32g4xx_hal_adc.o
    0x08009ac0   0x08009ac0   0x0000000a   Code   RO         2766    i.LL_ADC_GetMultimode  stm32g4xx_hal_adc.o
    0x08009aca   0x08009aca   0x0000000a   Code   RO         3042    i.LL_ADC_GetMultimode  stm32g4xx_hal_adc_ex.o
    0x08009ad4   0x08009ad4   0x00000012   Code   RO         2767    i.LL_ADC_GetOffsetChannel  stm32g4xx_hal_adc.o
    0x08009ae6   0x08009ae6   0x00000012   Code   RO         3043    i.LL_ADC_GetOffsetChannel  stm32g4xx_hal_adc_ex.o
    0x08009af8   0x08009af8   0x0000000a   Code   RO         3044    i.LL_ADC_INJ_GetTrigAuto  stm32g4xx_hal_adc_ex.o
    0x08009b02   0x08009b02   0x0000000a   Code   RO         2768    i.LL_ADC_INJ_IsConversionOngoing  stm32g4xx_hal_adc.o
    0x08009b0c   0x08009b0c   0x0000000a   Code   RO         3045    i.LL_ADC_INJ_IsConversionOngoing  stm32g4xx_hal_adc_ex.o
    0x08009b16   0x08009b16   0x00000002   PAD
    0x08009b18   0x08009b18   0x00000014   Code   RO         3046    i.LL_ADC_INJ_StartConversion  stm32g4xx_hal_adc_ex.o
    0x08009b2c   0x08009b2c   0x0000000a   Code   RO         2769    i.LL_ADC_IsDisableOngoing  stm32g4xx_hal_adc.o
    0x08009b36   0x08009b36   0x0000000a   Code   RO         2770    i.LL_ADC_IsEnabled  stm32g4xx_hal_adc.o
    0x08009b40   0x08009b40   0x0000000a   Code   RO         3047    i.LL_ADC_IsEnabled  stm32g4xx_hal_adc_ex.o
    0x08009b4a   0x08009b4a   0x0000000a   Code   RO         2771    i.LL_ADC_IsInternalRegulatorEnabled  stm32g4xx_hal_adc.o
    0x08009b54   0x08009b54   0x0000000a   Code   RO         2772    i.LL_ADC_REG_IsConversionOngoing  stm32g4xx_hal_adc.o
    0x08009b5e   0x08009b5e   0x0000000a   Code   RO         3048    i.LL_ADC_REG_IsConversionOngoing  stm32g4xx_hal_adc_ex.o
    0x08009b68   0x08009b68   0x00000012   Code   RO         2773    i.LL_ADC_REG_IsTriggerSourceSWStart  stm32g4xx_hal_adc.o
    0x08009b7a   0x08009b7a   0x00000002   PAD
    0x08009b7c   0x08009b7c   0x00000010   Code   RO          424    i.LL_ADC_REG_StartConversion  stm32g4xx_it.o
    0x08009b8c   0x08009b8c   0x00000010   Code   RO         2774    i.LL_ADC_REG_StartConversion  stm32g4xx_hal_adc.o
    0x08009b9c   0x08009b9c   0x00000028   Code   RO         2776    i.LL_ADC_SetChannelSamplingTime  stm32g4xx_hal_adc.o
    0x08009bc4   0x08009bc4   0x00000028   Code   RO         3049    i.LL_ADC_SetChannelSamplingTime  stm32g4xx_hal_adc_ex.o
    0x08009bec   0x08009bec   0x0000000c   Code   RO         2777    i.LL_ADC_SetCommonPathInternalCh  stm32g4xx_hal_adc.o
    0x08009bf8   0x08009bf8   0x0000000c   Code   RO         3050    i.LL_ADC_SetCommonPathInternalCh  stm32g4xx_hal_adc_ex.o
    0x08009c04   0x08009c04   0x00000016   Code   RO         2778    i.LL_ADC_SetOffsetState  stm32g4xx_hal_adc.o
    0x08009c1a   0x08009c1a   0x00000016   Code   RO         3051    i.LL_ADC_SetOffsetState  stm32g4xx_hal_adc_ex.o
    0x08009c30   0x08009c30   0x0000000c   Code   RO         2779    i.LL_ADC_SetSamplingTimeCommonConfig  stm32g4xx_hal_adc.o
    0x08009c3c   0x08009c3c   0x0000000c   Code   RO         3052    i.LL_ADC_SetSamplingTimeCommonConfig  stm32g4xx_hal_adc_ex.o
    0x08009c48   0x08009c48   0x00000074   Code   RO         1529    i.LedStateShow      plc.o
    0x08009cbc   0x08009cbc   0x00000298   Code   RO         1277    i.LocalDI           plclogic.o
    0x08009f54   0x08009f54   0x00000118   Code   RO         1278    i.LocalDO           plclogic.o
    0x0800a06c   0x0800a06c   0x000002b8   Code   RO         1857    i.MCL_ChkPowerStatue  mc_motorcontrol_layer.o
    0x0800a324   0x0800a324   0x0000002c   Code   RO         1858    i.MCL_Chk_BusVolt   mc_motorcontrol_layer.o
    0x0800a350   0x0800a350   0x00000040   Code   RO         1859    i.MCL_ClearFault    mc_motorcontrol_layer.o
    0x0800a390   0x0800a390   0x000000a0   Code   RO         1860    i.MCL_SetFault      mc_motorcontrol_layer.o
    0x0800a430   0x0800a430   0x0000018c   Code   RO          255    i.MX_ADC1_Init      device.o
    0x0800a5bc   0x0800a5bc   0x00000138   Code   RO          256    i.MX_ADC2_Init      device.o
    0x0800a6f4   0x0800a6f4   0x000000c4   Code   RO          257    i.MX_ADC3_Init      device.o
    0x0800a7b8   0x0800a7b8   0x00000040   Code   RO          258    i.MX_DMA_Init       device.o
    0x0800a7f8   0x0800a7f8   0x000000a8   Code   RO          259    i.MX_FDCAN1_Init    device.o
    0x0800a8a0   0x0800a8a0   0x000001a4   Code   RO          260    i.MX_GPIO_Init      device.o
    0x0800aa44   0x0800aa44   0x00000054   Code   RO          261    i.MX_SPI3_Init      device.o
    0x0800aa98   0x0800aa98   0x00000164   Code   RO          262    i.MX_TIM1_Init      device.o
    0x0800abfc   0x0800abfc   0x000000c0   Code   RO          263    i.MX_TIM2_Init      device.o
    0x0800acbc   0x0800acbc   0x00000084   Code   RO          264    i.MX_TIM4_Init      device.o
    0x0800ad40   0x0800ad40   0x00000084   Code   RO          265    i.MX_TIM8_Init      device.o
    0x0800adc4   0x0800adc4   0x000000a0   Code   RO          266    i.MX_USART3_UART_Init  device.o
    0x0800ae64   0x0800ae64   0x00000004   Code   RO          425    i.MemManage_Handler  stm32g4xx_it.o
    0x0800ae68   0x0800ae68   0x00000028   Code   RO         1094    i.MsgAdd            message.o
    0x0800ae90   0x0800ae90   0x00000020   Code   RO         1096    i.MsgICANPop        message.o
    0x0800aeb0   0x0800aeb0   0x00000024   Code   RO         1097    i.MsgICANRegister   message.o
    0x0800aed4   0x0800aed4   0x00000004   Code   RO          426    i.NMI_Handler       stm32g4xx_it.o
    0x0800aed8   0x0800aed8   0x00000080   Code   RO          862    i.NetOnlineCheck    icanlogic.o
    0x0800af58   0x0800af58   0x00000002   Code   RO         1530    i.Null              plc.o
    0x0800af5a   0x0800af5a   0x00000002   PAD
    0x0800af5c   0x0800af5c   0x00000268   Code   RO          863    i.PCConfig_Master   icanlogic.o
    0x0800b1c4   0x0800b1c4   0x00000024   Code   RO          864    i.PCIdle_Master     icanlogic.o
    0x0800b1e8   0x0800b1e8   0x0000019c   Code   RO          865    i.PCMonitor_Master  icanlogic.o
    0x0800b384   0x0800b384   0x00000124   Code   RO          267    i.PWMDriver         device.o
    0x0800b4a8   0x0800b4a8   0x00000054   Code   RO         1451    i.PacketInit        packet.o
    0x0800b4fc   0x0800b4fc   0x00000002   Code   RO          427    i.PendSV_Handler    stm32g4xx_it.o
    0x0800b4fe   0x0800b4fe   0x00000002   PAD
    0x0800b500   0x0800b500   0x0000005c   Code   RO           14    i.PowerOff_Handle   main.o
    0x0800b55c   0x0800b55c   0x00000490   Code   RO         1861    i.Protection        mc_motorcontrol_layer.o
    0x0800b9ec   0x0800b9ec   0x00000020   Code   RO          269    i.PwmDisableEsp     device.o
    0x0800ba0c   0x0800ba0c   0x00000014   Code   RO          270    i.PwmEnable         device.o
    0x0800ba20   0x0800ba20   0x0000003c   Code   RO          271    i.PwmUpdate         device.o
    0x0800ba5c   0x0800ba5c   0x0000000a   Code   RO         1343    i.QueueNData        queue.o
    0x0800ba66   0x0800ba66   0x00000040   Code   RO         1344    i.QueueRead         queue.o
    0x0800baa6   0x0800baa6   0x0000003c   Code   RO         1346    i.QueueWrite        queue.o
    0x0800bae2   0x0800bae2   0x00000002   PAD
    0x0800bae4   0x0800bae4   0x00000068   Code   RO         3505    i.RCC_GetSysClockFreqFromPLLSource  stm32g4xx_hal_rcc.o
    0x0800bb4c   0x0800bb4c   0x0000002c   Code   RO         1452    i.RXData_to_CtrlRam  packet.o
    0x0800bb78   0x0800bb78   0x000000ec   Code   RO         1178    i.ReadHardParaFromEeprom  para.o
    0x0800bc64   0x0800bc64   0x00000024   Code   RO         1179    i.ReadMonitorParaValByIndex  para.o
    0x0800bc88   0x0800bc88   0x000000e4   Code   RO         1180    i.ReadParaFromEeprom  para.o
    0x0800bd6c   0x0800bd6c   0x00000034   Code   RO         1181    i.ReadParaValByIndex  para.o
    0x0800bda0   0x0800bda0   0x0000001c   Code   RO         1050    i.ResetNetTimer     itimer.o
    0x0800bdbc   0x0800bdbc   0x00000064   Code   RO         5241    i.SPI_EndRxTxTransaction  stm32g4xx_hal_spi.o
    0x0800be20   0x0800be20   0x000000e4   Code   RO         5246    i.SPI_WaitFifoStateUntilTimeout  stm32g4xx_hal_spi.o
    0x0800bf04   0x0800bf04   0x000000d8   Code   RO         5247    i.SPI_WaitFlagStateUntilTimeout  stm32g4xx_hal_spi.o
    0x0800bfdc   0x0800bfdc   0x00000002   Code   RO          428    i.SVC_Handler       stm32g4xx_it.o
    0x0800bfde   0x0800bfde   0x00000002   PAD
    0x0800bfe0   0x0800bfe0   0x000000bc   Code   RO         1182    i.SaveHardParaToEeprom  para.o
    0x0800c09c   0x0800c09c   0x000000c0   Code   RO         1184    i.SaveParaToEeprom  para.o
    0x0800c15c   0x0800c15c   0x00000038   Code   RO         1051    i.SetNetTimer       itimer.o
    0x0800c194   0x0800c194   0x000000ac   Code   RO           15    i.SysInit           main.o
    0x0800c240   0x0800c240   0x00000014   Code   RO          429    i.SysTick_Handler   stm32g4xx_it.o
    0x0800c254   0x0800c254   0x0000010c   Code   RO         1531    i.Sys_Prco          plc.o
    0x0800c360   0x0800c360   0x0000009a   Code   RO           16    i.SystemClock_Config  main.o
    0x0800c3fa   0x0800c3fa   0x00000002   PAD
    0x0800c3fc   0x0800c3fc   0x00000010   Code   RO          665    i.SystemInit        system_stm32g4xx.o
    0x0800c40c   0x0800c40c   0x00000014   Code   RO          430    i.TIM1_BRK_TIM15_IRQHandler  stm32g4xx_it.o
    0x0800c420   0x0800c420   0x00000034   Code   RO          431    i.TIM1_UP_TIM16_IRQHandler  stm32g4xx_it.o
    0x0800c454   0x0800c454   0x00000470   Code   RO         1862    i.TIM1ms_ISR        mc_motorcontrol_layer.o
    0x0800c8c4   0x0800c8c4   0x00000010   Code   RO          432    i.TIM8_CC_IRQHandler  stm32g4xx_it.o
    0x0800c8d4   0x0800c8d4   0x000000e0   Code   RO         5638    i.TIM_Base_SetConfig  stm32g4xx_hal_tim.o
    0x0800c9b4   0x0800c9b4   0x00000022   Code   RO         5639    i.TIM_CCxChannelCmd  stm32g4xx_hal_tim.o
    0x0800c9d6   0x0800c9d6   0x00000022   Code   RO         6336    i.TIM_CCxNChannelCmd  stm32g4xx_hal_tim_ex.o
    0x0800c9f8   0x0800c9f8   0x00000016   Code   RO         5649    i.TIM_ETR_SetConfig  stm32g4xx_hal_tim.o
    0x0800ca0e   0x0800ca0e   0x00000002   PAD
    0x0800ca10   0x0800ca10   0x00000018   Code   RO         5650    i.TIM_ITRx_SetConfig  stm32g4xx_hal_tim.o
    0x0800ca28   0x0800ca28   0x000000bc   Code   RO         5651    i.TIM_OC1_SetConfig  stm32g4xx_hal_tim.o
    0x0800cae4   0x0800cae4   0x000000c8   Code   RO         5652    i.TIM_OC2_SetConfig  stm32g4xx_hal_tim.o
    0x0800cbac   0x0800cbac   0x000000c4   Code   RO         5653    i.TIM_OC3_SetConfig  stm32g4xx_hal_tim.o
    0x0800cc70   0x0800cc70   0x000000c8   Code   RO         5654    i.TIM_OC4_SetConfig  stm32g4xx_hal_tim.o
    0x0800cd38   0x0800cd38   0x00000078   Code   RO         5655    i.TIM_OC5_SetConfig  stm32g4xx_hal_tim.o
    0x0800cdb0   0x0800cdb0   0x0000007c   Code   RO         5656    i.TIM_OC6_SetConfig  stm32g4xx_hal_tim.o
    0x0800ce2c   0x0800ce2c   0x00000008   Code   RO          272    i.TIM_SetCounter    device.o
    0x0800ce34   0x0800ce34   0x00000026   Code   RO         5658    i.TIM_TI1_ConfigInputStage  stm32g4xx_hal_tim.o
    0x0800ce5a   0x0800ce5a   0x00000028   Code   RO         5660    i.TIM_TI2_ConfigInputStage  stm32g4xx_hal_tim.o
    0x0800ce82   0x0800ce82   0x00000002   PAD
    0x0800ce84   0x0800ce84   0x0000003c   Code   RO         1401    i.TmpInit           temprature.o
    0x0800cec0   0x0800cec0   0x00000054   Code   RO         1403    i.TmpPowerCalRes    temprature.o
    0x0800cf14   0x0800cf14   0x0000015c   Code   RO         1404    i.TmpProcess        temprature.o
    0x0800d070   0x0800d070   0x00000118   Code   RO         1622    i.UART3_IntHandler  uartstm32f4.o
    0x0800d188   0x0800d188   0x00000058   Code   RO         7137    i.UARTEx_SetNbDataToProcess  stm32g4xx_hal_uart_ex.o
    0x0800d1e0   0x0800d1e0   0x00000018   Code   RO         1624    i.UARTGetBufLen     uartstm32f4.o
    0x0800d1f8   0x0800d1f8   0x000001d0   Code   RO         1453    i.UARTPkt_DataInManage  packet.o
    0x0800d3c8   0x0800d3c8   0x000000c4   Code   RO         1454    i.UARTPkt_DataLogicManage  packet.o
    0x0800d48c   0x0800d48c   0x00000060   Code   RO         1455    i.UARTPkt_DataOutManage  packet.o
    0x0800d4ec   0x0800d4ec   0x0000002e   Code   RO         1625    i.UARTReadBufArray  uartstm32f4.o
    0x0800d51a   0x0800d51a   0x0000002a   Code   RO         1626    i.UARTReadBuffer    uartstm32f4.o
    0x0800d544   0x0800d544   0x0000003c   Code   RO         1627    i.UARTSend          uartstm32f4.o
    0x0800d580   0x0800d580   0x00000032   Code   RO         1628    i.UARTWriteBufArray  uartstm32f4.o
    0x0800d5b2   0x0800d5b2   0x00000026   Code   RO         1629    i.UARTWriteBuffer   uartstm32f4.o
    0x0800d5d8   0x0800d5d8   0x000000f8   Code   RO         6742    i.UART_AdvFeatureConfig  stm32g4xx_hal_uart.o
    0x0800d6d0   0x0800d6d0   0x00000076   Code   RO         6743    i.UART_CheckIdleState  stm32g4xx_hal_uart.o
    0x0800d746   0x0800d746   0x000000d2   Code   RO         6757    i.UART_RxISR_16BIT  stm32g4xx_hal_uart.o
    0x0800d818   0x0800d818   0x000001c8   Code   RO         6758    i.UART_RxISR_16BIT_FIFOEN  stm32g4xx_hal_uart.o
    0x0800d9e0   0x0800d9e0   0x000000ce   Code   RO         6759    i.UART_RxISR_8BIT   stm32g4xx_hal_uart.o
    0x0800daae   0x0800daae   0x00000002   PAD
    0x0800dab0   0x0800dab0   0x000001c8   Code   RO         6760    i.UART_RxISR_8BIT_FIFOEN  stm32g4xx_hal_uart.o
    0x0800dc78   0x0800dc78   0x000003c8   Code   RO         6761    i.UART_SetConfig    stm32g4xx_hal_uart.o
    0x0800e040   0x0800e040   0x00000170   Code   RO         6763    i.UART_Start_Receive_IT  stm32g4xx_hal_uart.o
    0x0800e1b0   0x0800e1b0   0x000000fe   Code   RO         6768    i.UART_WaitOnFlagUntilTimeout  stm32g4xx_hal_uart.o
    0x0800e2ae   0x0800e2ae   0x00000008   Code   RO          433    i.USART3_IRQHandler  stm32g4xx_it.o
    0x0800e2b6   0x0800e2b6   0x00000002   Code   RO         1456    i.UpdataPlcDataFromUart  packet.o
    0x0800e2b8   0x0800e2b8   0x000000e8   Code   RO         1457    i.UpdataUartDataFromPlc  packet.o
    0x0800e3a0   0x0800e3a0   0x00000004   Code   RO          434    i.UsageFault_Handler  stm32g4xx_it.o
    0x0800e3a4   0x0800e3a4   0x0000022c   Code   RO         1864    i._GetSetPosition   mc_motorcontrol_layer.o
    0x0800e5d0   0x0800e5d0   0x00000010   Code   RO         4680    i.__NVIC_GetPriorityGrouping  stm32g4xx_hal_cortex.o
    0x0800e5e0   0x0800e5e0   0x00000028   Code   RO         4681    i.__NVIC_SetPriority  stm32g4xx_hal_cortex.o
    0x0800e608   0x0800e608   0x0000000e   Code   RO         7754    i.__scatterload_copy  mc_w.l(handlers.o)
    0x0800e616   0x0800e616   0x00000002   Code   RO         7755    i.__scatterload_null  mc_w.l(handlers.o)
    0x0800e618   0x0800e618   0x0000000e   Code   RO         7756    i.__scatterload_zeroinit  mc_w.l(handlers.o)
    0x0800e626   0x0800e626   0x00000002   PAD
    0x0800e628   0x0800e628   0x000000d8   Code   RO         1532    i.iCAN_Prco         plc.o
    0x0800e700   0x0800e700   0x000001d4   Code   RO           17    i.main              main.o
    0x0800e8d4   0x0800e8d4   0x0000003a   Code   RO         1533    i.memzero           plc.o
    0x0800e90e   0x0800e90e   0x00000002   PAD
    0x0800e910   0x0800e910   0x000002b4   Code   RO         1865    i.myvpid            mc_motorcontrol_layer.o
    0x0800ebc4   0x0800ebc4   0x00000014   Code   RO         1052    i.netTimerInit      itimer.o
    0x0800ebd8   0x0800ebd8   0x00000094   Code   RO         1053    i.netTimerUpdate    itimer.o
    0x0800ec6c   0x0800ec6c   0x00000018   Data   RO          666    .constdata          system_stm32g4xx.o
    0x0800ec84   0x0800ec84   0x0000262c   Data   RO         1186    .constdata          para.o
    0x080112b0   0x080112b0   0x00000868   Data   RO         1405    .constdata          temprature.o
    0x08011b18   0x08011b18   0x00000010   Data   RO         4864    .constdata          stm32g4xx_hal_fdcan.o
    0x08011b28   0x08011b28   0x00000018   Data   RO         6769    .constdata          stm32g4xx_hal_uart.o
    0x08011b40   0x08011b40   0x00000010   Data   RO         7139    .constdata          stm32g4xx_hal_uart_ex.o
    0x08011b50   0x08011b50   0x00000020   Data   RO         7752    Region$$Table       anon$$obj.o


    Execution Region RW_IRAM1 (Exec base: 0x20000000, Load base: 0x08011b70, Size: 0x00003618, Max: 0x00020000, ABSOLUTE, COMPRESSED[0x000004b4])

    Exec Addr    Load Addr    Size         Type   Attr      Idx    E Section Name        Object

    0x20000000   COMPRESSED   0x00000011   Data   RW           19    .data               main.o
    0x20000011   COMPRESSED   0x00000003   PAD
    0x20000014   COMPRESSED   0x0000000a   Data   RW          275    .data               device.o
    0x2000001e   COMPRESSED   0x00000002   Data   RW          435    .data               stm32g4xx_it.o
    0x20000020   COMPRESSED   0x00000008   Data   RW          569    .data               stm32g4xx_hal_msp.o
    0x20000028   COMPRESSED   0x00000004   Data   RW          667    .data               system_stm32g4xx.o
    0x2000002c   COMPRESSED   0x00000038   Data   RW          955    .data               icanplc.o
    0x20000064   COMPRESSED   0x00000640   Data   RW         1187    .data               para.o
    0x200006a4   COMPRESSED   0x00000004   Data   RW         1279    .data               plclogic.o
    0x200006a8   COMPRESSED   0x00000006   Data   RW         1459    .data               packet.o
    0x200006ae   COMPRESSED   0x00000002   PAD
    0x200006b0   COMPRESSED   0x00000009   Data   RW         1534    .data               plc.o
    0x200006b9   COMPRESSED   0x00000003   PAD
    0x200006bc   COMPRESSED   0x0000002c   Data   RW         1782    .data               commonram.o
    0x200006e8   COMPRESSED   0x00000058   Data   RW         1866    .data               mc_motorcontrol_layer.o
    0x20000740   COMPRESSED   0x00000008   Data   RW         2012    .data               fdb.o
    0x20000748   COMPRESSED   0x0000000c   Data   RW         3291    .data               stm32g4xx_hal.o
    0x20000754   COMPRESSED   0x00000020   Data   RW         3749    .data               stm32g4xx_hal_flash.o
    0x20000774        -       0x000003d4   Zero   RW          274    .bss                device.o
    0x20000b48        -       0x000003fc   Zero   RW          568    .bss                stm32g4xx_hal_msp.o
    0x20000f44        -       0x00000420   Zero   RW          709    .bss                ican_master.o
    0x20001364        -       0x00000180   Zero   RW         1054    .bss                itimer.o
    0x200014e4        -       0x00000160   Zero   RW         1102    .bss                message.o
    0x20001644        -       0x00000200   Zero   RW         1185    .bss                para.o
    0x20001844        -       0x00000066   Zero   RW         1458    .bss                packet.o
    0x200018aa        -       0x00000110   Zero   RW         1630    .bss                uartstm32f4.o
    0x200019ba   COMPRESSED   0x00000002   PAD
    0x200019bc        -       0x00000810   Zero   RW         1706    .bss                canstm32g4.o
    0x200021cc        -       0x000002f0   Zero   RW         1781    .bss                commonram.o
    0x200024bc        -       0x00000018   Zero   RW         1822    .bss                autotune.o
    0x200024d4        -       0x000000d8   Zero   RW         2011    .bss                fdb.o
    0x200025ac        -       0x0000006c   Zero   RW         2194    .bss                canopen_qexpandagvv04.o
    0x20002618        -       0x00001000   Zero   RW            1    STACK               startup_stm32g473xx.o


==============================================================================

Image component sizes


      Code (inc. data)   RO Data    RW Data    ZI Data      Debug   Object Name

       304         14          0          0         24       2015   autotune.o
       256          6          0          0        108       4146   canopen_qexpandagvv04.o
       728         34          0          0       2064       5530   canstm32g4.o
      1736        106          0         44        752       9646   commonram.o
      3870        300          0         10        980      14198   device.o
       986         80          0          8        216       7037   fdb.o
      2944         84          0          0       1056      14981   ican_master.o
      2494         52          0          0          0       9566   icanlogic.o
       588         76          0         56          0       9162   icanplc.o
       300         18          0          0        384       3824   itimer.o
       892         46          0         17          0     829309   main.o
      9440        566          0         88          0      21493   mc_motorcontrol_layer.o
       152         22          0          0        352       3757   message.o
      1156        124          0          6        102       6533   packet.o
      1408         64       9772       1600        512      27672   para.o
      1120         70          0          9          0       5182   plc.o
      1488         88          0          4          0       2612   plclogic.o
       172          0          0          0          0       3324   queue.o
        36          8        480          0       4096        808   startup_stm32g473xx.o
       212         38          0         12          0       4213   stm32g4xx_hal.o
      3098        158          0          0          0      84095   stm32g4xx_hal_adc.o
      3252        150          0          0          0      79955   stm32g4xx_hal_adc_ex.o
       378         28          0          0          0      34917   stm32g4xx_hal_cortex.o
       570         22          0          0          0       3946   stm32g4xx_hal_dma.o
      1786         32         16          0          0      14335   stm32g4xx_hal_fdcan.o
       328         46          0         32          0      17118   stm32g4xx_hal_flash.o
      1192         46          0          0          0       5924   stm32g4xx_hal_flash_ex.o
       518         34          0          0          0       3484   stm32g4xx_hal_gpio.o
      1908        144          0          8       1020       7314   stm32g4xx_hal_msp.o
       300         18          0          0          0       1349   stm32g4xx_hal_pwr_ex.o
      2272        108          0          0          0       6772   stm32g4xx_hal_rcc.o
      1048         10          0          0          0       1972   stm32g4xx_hal_rcc_ex.o
      1496         12          0          0          0       5729   stm32g4xx_hal_spi.o
      3670        280          0          0          0      19303   stm32g4xx_hal_tim.o
       798         80          0          0          0       8269   stm32g4xx_hal_tim_ex.o
      3410        100         24          0          0      31330   stm32g4xx_hal_uart.o
       364         10         16          0          0       3580   stm32g4xx_hal_uart_ex.o
       246         46          0          2          0      73659   stm32g4xx_it.o
        16          6         24          4          0       1159   system_stm32g4xx.o
       492         20       2152          0          0       2500   temprature.o
       540         30          0          0        272       6260   uartstm32f4.o

    ----------------------------------------------------------------------
     58020       3176      12516       1908      11940    1397978   Object Totals
         0          0         32          0          0          0   (incl. Generated)
        56          0          0          8          2          0   (incl. Padding)

    ----------------------------------------------------------------------

      Code (inc. data)   RO Data    RW Data    ZI Data      Debug   Library Member Name

        16          2          0          0          0        196   IQNmpy.o
        86          0          0          0          0          0   __dczerorl2.o
         0          0          0          0          0          0   entry.o
         0          0          0          0          0          0   entry10a.o
         0          0          0          0          0          0   entry11a.o
         4          0          0          0          0          0   entry12b.o
         8          4          0          0          0          0   entry2.o
         4          0          0          0          0          0   entry5.o
         0          0          0          0          0          0   entry7b.o
         0          0          0          0          0          0   entry8b.o
         8          4          0          0          0          0   entry9a.o
        30          0          0          0          0          0   handlers.o
        36          8          0          0          0         68   init.o
         0          0          0          0          0          0   iusefp.o
        30          0          0          0          0         68   llshl.o
        32          0          0          0          0         68   llushr.o
        36          0          0          0          0        108   memseta.o
        98          0          0          0          0         92   uldiv.o
        48          0          0          0          0         68   cdcmple.o
        48          0          0          0          0         68   cdrcmple.o
        20          0          0          0          0         68   cfcmple.o
        20          0          0          0          0         68   cfrcmple.o
        56          0          0          0          0         88   d2f.o
       222          0          0          0          0        100   ddiv.o
       186          0          0          0          0        176   depilogue.o
        62          0          0          0          0         80   dfixi.o
        50          0          0          0          0         76   dfixui.o
        34          0          0          0          0         76   dflti.o
        26          0          0          0          0         76   dfltui.o
       228          0          0          0          0         96   dmul.o
       176          0          0          0          0        140   fadd.o
       124          0          0          0          0         88   fdiv.o
       110          0          0          0          0        168   fepilogue.o
        50          0          0          0          0         68   ffixi.o
        40          0          0          0          0         68   ffixui.o
        18          0          0          0          0         68   fflti.o
        10          0          0          0          0         68   ffltui.o
       100          0          0          0          0         76   fmul.o

    ----------------------------------------------------------------------
      2024         18          0          0          0       2384   Library Totals
         8          0          0          0          0          0   (incl. Padding)

    ----------------------------------------------------------------------

      Code (inc. data)   RO Data    RW Data    ZI Data      Debug   Library Name

        16          2          0          0          0        196   IQmathLib.lib
       372         16          0          0          0        404   mc_w.l
      1628          0          0          0          0       1784   mf_w.l

    ----------------------------------------------------------------------
      2024         18          0          0          0       2384   Library Totals

    ----------------------------------------------------------------------

==============================================================================


      Code (inc. data)   RO Data    RW Data    ZI Data      Debug   

     60044       3194      12516       1908      11940    1382342   Grand Totals
     60044       3194      12516       1204      11940    1382342   ELF Image Totals (compressed)
     60044       3194      12516       1204          0          0   ROM Totals

==============================================================================

    Total RO  Size (Code + RO Data)                72560 (  70.86kB)
    Total RW  Size (RW Data + ZI Data)             13848 (  13.52kB)
    Total ROM Size (Code + RO Data + RW Data)      73764 (  72.04kB)

==============================================================================

