Component: ARM Compiler 5.06 update 7 (build 960) Tool: armlink [4d3601]

==============================================================================

Section Cross References

    startup_stm32g473xx.o(RESET) refers to startup_stm32g473xx.o(STACK) for __initial_sp
    startup_stm32g473xx.o(RESET) refers to startup_stm32g473xx.o(.text) for Reset_Handler
    startup_stm32g473xx.o(RESET) refers to stm32g4xx_it.o(i.NMI_Handler) for NMI_Handler
    startup_stm32g473xx.o(RESET) refers to stm32g4xx_it.o(i.HardFault_Handler) for HardFault_Handler
    startup_stm32g473xx.o(RESET) refers to stm32g4xx_it.o(i.MemManage_Handler) for MemManage_Handler
    startup_stm32g473xx.o(RESET) refers to stm32g4xx_it.o(i.BusFault_Handler) for BusFault_Handler
    startup_stm32g473xx.o(RESET) refers to stm32g4xx_it.o(i.UsageFault_Handler) for UsageFault_Handler
    startup_stm32g473xx.o(RESET) refers to stm32g4xx_it.o(i.SVC_Handler) for SVC_Handler
    startup_stm32g473xx.o(RESET) refers to stm32g4xx_it.o(i.DebugMon_Handler) for DebugMon_Handler
    startup_stm32g473xx.o(RESET) refers to stm32g4xx_it.o(i.PendSV_Handler) for PendSV_Handler
    startup_stm32g473xx.o(RESET) refers to stm32g4xx_it.o(i.SysTick_Handler) for SysTick_Handler
    startup_stm32g473xx.o(RESET) refers to stm32g4xx_it.o(i.ADC1_2_IRQHandler) for ADC1_2_IRQHandler
    startup_stm32g473xx.o(RESET) refers to stm32g4xx_it.o(i.FDCAN1_IT0_IRQHandler) for FDCAN1_IT0_IRQHandler
    startup_stm32g473xx.o(RESET) refers to stm32g4xx_it.o(i.TIM1_BRK_TIM15_IRQHandler) for TIM1_BRK_TIM15_IRQHandler
    startup_stm32g473xx.o(RESET) refers to stm32g4xx_it.o(i.TIM1_UP_TIM16_IRQHandler) for TIM1_UP_TIM16_IRQHandler
    startup_stm32g473xx.o(RESET) refers to stm32g4xx_it.o(i.USART3_IRQHandler) for USART3_IRQHandler
    startup_stm32g473xx.o(RESET) refers to stm32g4xx_it.o(i.TIM8_CC_IRQHandler) for TIM8_CC_IRQHandler
    startup_stm32g473xx.o(.text) refers to system_stm32g4xx.o(i.SystemInit) for SystemInit
    startup_stm32g473xx.o(.text) refers to entry.o(.ARM.Collect$$$$00000000) for __main
    main.o(i.PowerOff_Handle) refers to para.o(i.EepromQualifiedWrite) for EepromQualifiedWrite
    main.o(i.PowerOff_Handle) refers to main.o(.data) for .data
    main.o(i.PowerOff_Handle) refers to fdb.o(.bss) for gCurrentSample
    main.o(i.PowerOff_Handle) refers to commonram.o(.bss) for gCRam
    main.o(i.SysInit) refers to device.o(i.Bsp_Init) for Bsp_Init
    main.o(i.SysInit) refers to packet.o(i.PacketInit) for PacketInit
    main.o(i.SysInit) refers to commonram.o(i.InitCommonRam) for InitCommonRam
    main.o(i.SysInit) refers to para.o(i.InitPara) for InitPara
    main.o(i.SysInit) refers to plc.o(i.InitPLCLogic) for InitPLCLogic
    main.o(i.SysInit) refers to para.o(i.SaveParaToEeprom) for SaveParaToEeprom
    main.o(i.SysInit) refers to stm32g4xx_hal_flash.o(i.HAL_FLASH_Unlock) for HAL_FLASH_Unlock
    main.o(i.SysInit) refers to stm32g4xx_hal_flash_ex.o(i.HAL_FLASHEx_Erase) for HAL_FLASHEx_Erase
    main.o(i.SysInit) refers to stm32g4xx_hal_flash.o(i.HAL_FLASH_Program) for HAL_FLASH_Program
    main.o(i.SysInit) refers to stm32g4xx_hal_flash.o(i.HAL_FLASH_Lock) for HAL_FLASH_Lock
    main.o(i.SysInit) refers to device.o(i.MX_FDCAN1_Init) for MX_FDCAN1_Init
    main.o(i.SysInit) refers to stm32g4xx_hal_fdcan.o(i.HAL_FDCAN_Start) for HAL_FDCAN_Start
    main.o(i.SysInit) refers to icanplc.o(i.ICANInitialize) for ICANInitialize
    main.o(i.SysInit) refers to fdb.o(i.InitFeedbackDevice) for InitFeedbackDevice
    main.o(i.SysInit) refers to device.o(i.InitSysCtrl) for InitSysCtrl
    main.o(i.SysInit) refers to mc_motorcontrol_layer.o(i.InitPLCCtl) for InitPLCCtl
    main.o(i.SysInit) refers to para.o(.bss) for gPara
    main.o(i.SysInit) refers to device.o(.bss) for hfdcan1
    main.o(i.SystemClock_Config) refers to memseta.o(.text) for __aeabi_memclr4
    main.o(i.SystemClock_Config) refers to stm32g4xx_hal_pwr_ex.o(i.HAL_PWREx_ControlVoltageScaling) for HAL_PWREx_ControlVoltageScaling
    main.o(i.SystemClock_Config) refers to stm32g4xx_hal_rcc.o(i.HAL_RCC_OscConfig) for HAL_RCC_OscConfig
    main.o(i.SystemClock_Config) refers to stm32g4xx_hal_rcc.o(i.HAL_RCC_ClockConfig) for HAL_RCC_ClockConfig
    main.o(i.SystemClock_Config) refers to stm32g4xx_hal_rcc_ex.o(i.HAL_RCCEx_PeriphCLKConfig) for HAL_RCCEx_PeriphCLKConfig
    main.o(i.main) refers to stm32g4xx_hal.o(i.HAL_Init) for HAL_Init
    main.o(i.main) refers to main.o(i.SystemClock_Config) for SystemClock_Config
    main.o(i.main) refers to stm32g4xx_hal.o(i.HAL_Delay) for HAL_Delay
    main.o(i.main) refers to main.o(i.SysInit) for SysInit
    main.o(i.main) refers to itimer.o(i.SetNetTimer) for SetNetTimer
    main.o(i.main) refers to itimer.o(i.ResetNetTimer) for ResetNetTimer
    main.o(i.main) refers to plc.o(i.iCAN_Prco) for iCAN_Prco
    main.o(i.main) refers to para.o(i.EepromQualifiedRead) for EepromQualifiedRead
    main.o(i.main) refers to para.o(i.SaveParaToEeprom) for SaveParaToEeprom
[...]
    UART_SetConfig                           0x0800ef9d   Thumb Code   614  stm32g4xx_hal_uart.o(i.UART_SetConfig)
    UART_Start_Receive_IT                    0x0800f235   Thumb Code   262  stm32g4xx_hal_uart.o(i.UART_Start_Receive_IT)
    UART_WaitOnFlagUntilTimeout              0x0800f34d   Thumb Code   198  stm32g4xx_hal_uart.o(i.UART_WaitOnFlagUntilTimeout)
    USART3_IRQHandler                        0x0800f413   Thumb Code     4  stm32g4xx_it.o(i.USART3_IRQHandler)
    UpdataPlcDataFromUart                    0x0800f417   Thumb Code     2  packet.o(i.UpdataPlcDataFromUart)
    UpdataUartDataFromPlc                    0x0800f419   Thumb Code   144  packet.o(i.UpdataUartDataFromPlc)
    UsageFault_Handler                       0x0800f4c1   Thumb Code     2  stm32g4xx_it.o(i.UsageFault_Handler)
    _GetSetPosition                          0x0800f4c5   Thumb Code   420  mc_motorcontrol_layer.o(i._GetSetPosition)
    __hardfp_fabs                            0x0800f6a1   Thumb Code    20  fabs.o(i.__hardfp_fabs)
    __scatterload_copy                       0x0800f6b5   Thumb Code    14  handlers.o(i.__scatterload_copy)
    __scatterload_null                       0x0800f6c3   Thumb Code     2  handlers.o(i.__scatterload_null)
    __scatterload_zeroinit                   0x0800f6c5   Thumb Code    14  handlers.o(i.__scatterload_zeroinit)
    iCAN_Prco                                0x0800f6d5   Thumb Code   164  plc.o(i.iCAN_Prco)
    main                                     0x0800f785   Thumb Code   370  main.o(i.main)
    memzero                                  0x0800f915   Thumb Code    44  plc.o(i.memzero)
    myvpid                                   0x0800f941   Thumb Code   420  mc_motorcontrol_layer.o(i.myvpid)
    netTimerInit                             0x0800fb0d   Thumb Code    18  itimer.o(i.netTimerInit)
    netTimerUpdate                           0x0800fb21   Thumb Code    74  itimer.o(i.netTimerUpdate)
    UARTPrescTable                           0x0800fb80   Data          24  stm32g4xx_hal_uart.o(.constdata)
    AHBPrescTable                            0x0800fba8   Data          16  system_stm32g4xx.o(.constdata)
    APBPrescTable                            0x0800fbb8   Data           8  system_stm32g4xx.o(.constdata)
    Region$$Table$$Base                      0x08012a54   Number         0  anon$$obj.o(Region$$Table)
    Region$$Table$$Limit                     0x08012a74   Number         0  anon$$obj.o(Region$$Table)
    ADC3Value                                0x20000008   Data           8  device.o(.data)
    gTimIsrCnt                               0x20000010   Data           2  stm32g4xx_it.o(.data)
    uwTickPrio                               0x2000001c   Data           4  stm32g4xx_hal.o(.data)
    uwTickFreq                               0x20000020   Data           4  stm32g4xx_hal.o(.data)
    uwTick                                   0x20000024   Data           4  stm32g4xx_hal.o(.data)
    pFlash                                   0x20000028   Data          32  stm32g4xx_hal_flash.o(.data)
    SystemCoreClock                          0x20000048   Data           4  system_stm32g4xx.o(.data)
    ICANLogicIn_Master_Func                  0x2000004c   Data          28  icanplc.o(.data)
    ICANLogicOut_Master_Func                 0x20000068   Data          28  icanplc.o(.data)
    cPara_Table                              0x20000084   Data        1212  para.o(.data)
    cMonitorPara_Table                       0x20000580   Data         184  para.o(.data)
    ReceiveTimeOut                           0x200006c8   Data           1  packet.o(.data)
    gRamSlv                                  0x200006cc   Data           3  packet.o(.data)
    PDOTx_Func                               0x200006d8   Data           4  plc.o(.data)
    g_nMainState                             0x200006e4   Data           2  commonram.o(.data)
    g_nZeroRunState                          0x200006e6   Data           2  commonram.o(.data)
    g_wTms                                   0x200006e8   Data           2  commonram.o(.data)
    g_wTs                                    0x200006ea   Data           2  commonram.o(.data)
    g_nIntegar                               0x200006ec   Data           2  commonram.o(.data)
    g_lPEK1                                  0x200006f0   Data           4  commonram.o(.data)
    g_lPEK2                                  0x200006f4   Data           4  commonram.o(.data)
    g_lVEK1                                  0x200006f8   Data           4  commonram.o(.data)
    g_lVEK2                                  0x200006fc   Data           4  commonram.o(.data)
    g_lVEK3                                  0x20000700   Data           4  commonram.o(.data)
    g_nIEK                                   0x20000704   Data           4  commonram.o(.data)
    g_nIEK1                                  0x20000708   Data           4  commonram.o(.data)
    g_lI_K_P                                 0x2000070c   Data           4  commonram.o(.data)
    hspi3                                    0x20000764   Data         100  device.o(.bss)
    hfdcan1                                  0x200007c8   Data         100  device.o(.bss)
    htim1                                    0x2000082c   Data          76  device.o(.bss)
    htim2                                    0x20000878   Data          76  device.o(.bss)
    htim4                                    0x200008c4   Data          76  device.o(.bss)
    htim8                                    0x20000910   Data          76  device.o(.bss)
    huart3                                   0x2000095c   Data         144  device.o(.bss)
    ADCValue                                 0x200009ec   Data          24  device.o(.bss)
    ADC2Value                                0x20000a04   Data          16  device.o(.bss)
    hadc1                                    0x20000a14   Data         108  stm32g4xx_hal_msp.o(.bss)
    hdma_adc1                                0x20000a80   Data          96  stm32g4xx_hal_msp.o(.bss)
    hdma_adc2                                0x20000ae0   Data          96  stm32g4xx_hal_msp.o(.bss)
    hdma_adc3                                0x20000b40   Data          96  stm32g4xx_hal_msp.o(.bss)
    hadc2                                    0x20000ba0   Data         108  stm32g4xx_hal_msp.o(.bss)
    hadc3                                    0x20000c0c   Data         108  stm32g4xx_hal_msp.o(.bss)
    icanMaster                               0x20000c78   Data        1056  ican_master.o(.bss)
    netTimer                                 0x20001098   Data         384  itimer.o(.bss)
    MsgICOMQueue                             0x20001218   Data         112  message.o(.bss)
    MsgICANQueue                             0x20001288   Data         112  message.o(.bss)
    sysAlarm                                 0x200012f8   Data         128  message.o(.bss)
    gPara                                    0x20001378   Data         512  para.o(.bss)
    canFrmRxBuffer                           0x20001578   Data        1032  canstm32g4.o(.bss)
    canFrmTxBuffer                           0x20001980   Data        1032  canstm32g4.o(.bss)
    UARTPacketRx                             0x20001d88   Data          12  packet.o(.bss)
    UARTPacketTx                             0x20001d94   Data          12  packet.o(.bss)
    gRamMst                                  0x20001da0   Data          14  packet.o(.bss)
    Rx_Array                                 0x20001dae   Data          64  packet.o(.bss)
    uartRxBuffer                             0x20001dee   Data          68  uartstm32f4.o(.bss)
    uartTxBuffer                             0x20001e32   Data          68  uartstm32f4.o(.bss)
    AutoTune                                 0x20001e78   Data          24  autotune.o(.bss)
    gCurrentSample                           0x20001e90   Data         216  fdb.o(.bss)
    gCRam                                    0x20001f68   Data         336  commonram.o(.bss)
    gPLCCtl                                  0x200020b8   Data         416  commonram.o(.bss)
    QExpandAGV_PDO                           0x20002258   Data         108  canopen_qexpandagvv04.o(.bss)
    __initial_sp                             0x20002ac8   Data           0  startup_stm32g473xx.o(STACK)



==============================================================================

Memory Map of the image

  Image Entry point : 0x080041e1

  Load Region LR_IROM1 (Base: 0x08004000, Size: 0x0000f1d8, Max: 0x00018000, ABSOLUTE, COMPRESSED[0x0000ef2c])

    Execution Region ER_IROM1 (Exec base: 0x08004000, Load base: 0x08004000, Size: 0x0000ea74, Max: 0x00018000, ABSOLUTE)

    Exec Addr    Load Addr    Size         Type   Attr      Idx    E Section Name        Object

    0x08004000   0x08004000   0x000001e0   Data   RO            3    RESET               startup_stm32g473xx.o
    0x080041e0   0x080041e0   0x00000000   Code   RO         7872  * .ARM.Collect$$$$00000000  mc_w.l(entry.o)
    0x080041e0   0x080041e0   0x00000004   Code   RO         7895    .ARM.Collect$$$$00000001  mc_w.l(entry2.o)
    0x080041e4   0x080041e4   0x00000004   Code   RO         7898    .ARM.Collect$$$$00000004  mc_w.l(entry5.o)
    0x080041e8   0x080041e8   0x00000000   Code   RO         7900    .ARM.Collect$$$$00000008  mc_w.l(entry7b.o)
    0x080041e8   0x080041e8   0x00000000   Code   RO         7902    .ARM.Collect$$$$0000000A  mc_w.l(entry8b.o)
    0x080041e8   0x080041e8   0x00000008   Code   RO         7903    .ARM.Collect$$$$0000000B  mc_w.l(entry9a.o)
    0x080041f0   0x080041f0   0x00000004   Code   RO         7910    .ARM.Collect$$$$0000000E  mc_w.l(entry12b.o)
    0x080041f4   0x080041f4   0x00000000   Code   RO         7905    .ARM.Collect$$$$0000000F  mc_w.l(entry10a.o)
    0x080041f4   0x080041f4   0x00000000   Code   RO         7907    .ARM.Collect$$$$00000011  mc_w.l(entry11a.o)
    0x080041f4   0x080041f4   0x00000004   Code   RO         7896    .ARM.Collect$$$$00002712  mc_w.l(entry2.o)
    0x080041f8   0x080041f8   0x00000024   Code   RO            4    .text               startup_stm32g473xx.o
    0x0800421c   0x0800421c   0x00000062   Code   RO         7875    .text               mc_w.l(uldiv.o)
    0x0800427e   0x0800427e   0x00000024   Code   RO         7877    .text               mc_w.l(memseta.o)
    0x080042a2   0x080042a2   0x000000e4   Code   RO         7879    .text               mf_w.l(dmul.o)
    0x08004386   0x08004386   0x000000de   Code   RO         7881    .text               mf_w.l(ddiv.o)
    0x08004464   0x08004464   0x00000022   Code   RO         7883    .text               mf_w.l(dflti.o)
    0x08004486   0x08004486   0x0000003e   Code   RO         7885    .text               mf_w.l(dfixi.o)
    0x080044c4   0x080044c4   0x00000032   Code   RO         7887    .text               mf_w.l(dfixui.o)
    0x080044f6   0x080044f6   0x00000002   PAD
    0x080044f8   0x080044f8   0x00000030   Code   RO         7889    .text               mf_w.l(cdcmple.o)
    0x08004528   0x08004528   0x00000030   Code   RO         7891    .text               mf_w.l(cdrcmple.o)
    0x08004558   0x08004558   0x00000038   Code   RO         7893    .text               mf_w.l(d2f.o)
    0x08004590   0x08004590   0x0000001e   Code   RO         7911    .text               mc_w.l(llshl.o)
    0x080045ae   0x080045ae   0x00000020   Code   RO         7913    .text               mc_w.l(llushr.o)
    0x080045ce   0x080045ce   0x00000000   Code   RO         7915    .text               mc_w.l(iusefp.o)
    0x080045ce   0x080045ce   0x0000006e   Code   RO         7916    .text               mf_w.l(fepilogue.o)
    0x0800463c   0x0800463c   0x000000ba   Code   RO         7918    .text               mf_w.l(depilogue.o)
    0x080046f6   0x080046f6   0x00000002   PAD
    0x080046f8   0x080046f8   0x00000024   Code   RO         7920    .text               mc_w.l(init.o)
    0x0800471c   0x0800471c   0x00000056   Code   RO         7930    .text               mc_w.l(__dczerorl2.o)
    0x08004772   0x08004772   0x00000002   PAD
    0x08004774   0x08004774   0x00000010   Code   RO         7691    _IQ24mpy            IQmathLib.lib(IQNmpy.o)
    0x08004784   0x08004784   0x00000040   Code   RO          423    i.ADC1_2_IRQHandler  stm32g4xx_it.o
    0x080047c4   0x080047c4   0x00000068   Code   RO          671    i.ADC_DMAConvCplt   stm32g4xx_hal_adc.o
    0x0800482c   0x0800482c   0x0000001a   Code   RO          672    i.ADC_DMAError      stm32g4xx_hal_adc.o
    0x08004846   0x08004846   0x0000000a   Code   RO          673    i.ADC_DMAHalfConvCplt  stm32g4xx_hal_adc.o
    0x08004850   0x08004850   0x00000068   Code   RO          674    i.ADC_Disable       stm32g4xx_hal_adc.o
    0x080048b8   0x080048b8   0x00000068   Code   RO          675    i.ADC_Enable        stm32g4xx_hal_adc.o
    0x08004920   0x08004920   0x00000010   Code   RO         5515    i.AlarmICANRegister  message.o
    0x08004930   0x08004930   0x00000104   Code   RO         6533    i.AutoTuneWiper     autotune.o
    0x08004a34   0x08004a34   0x0000016c   Code   RO          253    i.Bsp_Init          device.o
    0x08004ba0   0x08004ba0   0x00000002   Code   RO          424    i.BusFault_Handler  stm32g4xx_it.o
    0x08004ba2   0x08004ba2   0x00000002   PAD
    0x08004ba4   0x08004ba4   0x000000d0   Code   RO         6222    i.CANFrmSend        canstm32g4.o
    0x08004c74   0x08004c74   0x0000002c   Code   RO         6223    i.CANReadBuffer     canstm32g4.o
    0x08004ca0   0x08004ca0   0x0000002a   Code   RO         6224    i.CANWriteBuffer    canstm32g4.o
    0x08004cca   0x08004cca   0x00000002   PAD
    0x08004ccc   0x08004ccc   0x000000d4   Code   RO         6942    i.CanOpenRxFrame    canopen_qexpandagvv04.o
    0x08004da0   0x08004da0   0x00000398   Code   RO         6643    i.CfgVariable       commonram.o
    0x08005138   0x08005138   0x0000014c   Code   RO         6686    i.ChangeModScs      mc_motorcontrol_layer.o
    0x08005284   0x08005284   0x00000374   Code   RO         6687    i.ControllerISR     mc_motorcontrol_layer.o
    0x080055f8   0x080055f8   0x00000184   Code   RO         6563    i.CurrentSampleCalc  fdb.o
    0x0800577c   0x0800577c   0x0000002e   Code   RO         6564    i.CurrentSampleCalcZeroDrift  fdb.o
    0x080057aa   0x080057aa   0x00000092   Code   RO         6565    i.CurrentSampleInit  fdb.o
    0x0800583c   0x0800583c   0x00000040   Code   RO         1966    i.DMA_CalcDMAMUXChannelBaseAndMask  stm32g4xx_hal_dma.o
    0x0800587c   0x0800587c   0x00000024   Code   RO         1967    i.DMA_CalcDMAMUXRequestGenBaseAndMask  stm32g4xx_hal_dma.o
    0x080058a0   0x080058a0   0x0000003e   Code   RO         1968    i.DMA_SetConfig     stm32g4xx_hal_dma.o
    0x080058de   0x080058de   0x00000002   PAD
    0x080058e0   0x080058e0   0x000001a8   Code   RO         6048    i.DOProcess         plclogic.o
    0x08005a88   0x08005a88   0x00000002   Code   RO          425    i.DebugMon_Handler  stm32g4xx_it.o
    0x08005a8a   0x08005a8a   0x00000002   PAD
    0x08005a8c   0x08005a8c   0x00000060   Code   RO         5596    i.EepromQualifiedRead  para.o
    0x08005aec   0x08005aec   0x00000044   Code   RO         5597    i.EepromQualifiedWrite  para.o
    0x08005b30   0x08005b30   0x000000b0   Code   RO          255    i.EepromRead        device.o
    0x08005be0   0x08005be0   0x0000010c   Code   RO          256    i.EepromWrite       device.o
    0x08005cec   0x08005cec   0x00000004   Code   RO           13    i.Error_Handler     main.o
    0x08005cf0   0x08005cf0   0x0000000c   Code   RO          426    i.FDCAN1_IT0_IRQHandler  stm32g4xx_it.o
    0x08005cfc   0x08005cfc   0x00000070   Code   RO         2608    i.FDCAN_CopyMessageToRAM  stm32g4xx_hal_fdcan.o
    0x08005d6c   0x08005d6c   0x00000054   Code   RO         1700    i.FLASH_FlushCaches  stm32g4xx_hal_flash_ex.o
    0x08005dc0   0x08005dc0   0x00000038   Code   RO         1701    i.FLASH_MassErase   stm32g4xx_hal_flash_ex.o
    0x08005df8   0x08005df8   0x0000010c   Code   RO         1703    i.FLASH_OB_PCROPConfig  stm32g4xx_hal_flash_ex.o
    0x08005f04   0x08005f04   0x0000011c   Code   RO         1704    i.FLASH_OB_UserConfig  stm32g4xx_hal_flash_ex.o
    0x08006020   0x08006020   0x00000040   Code   RO         1705    i.FLASH_PageErase   stm32g4xx_hal_flash_ex.o
    0x08006060   0x08006060   0x0000001c   Code   RO         1591    i.FLASH_Program_DoubleWord  stm32g4xx_hal_flash.o
    0x0800607c   0x0800607c   0x0000002c   Code   RO         1592    i.FLASH_Program_Fast  stm32g4xx_hal_flash.o
    0x080060a8   0x080060a8   0x00000060   Code   RO         1593    i.FLASH_WaitForLastOperation  stm32g4xx_hal_flash.o
    0x08006108   0x08006108   0x00000084   Code   RO         6567    i.FeedbackOvLoadCheck  fdb.o
    0x0800618c   0x0800618c   0x0000002c   Code   RO         6568    i.FeedbackProcess   fdb.o
    0x080061b8   0x080061b8   0x000002f0   Code   RO         6688    i.GetCmdPercent     mc_motorcontrol_layer.o
    0x080064a8   0x080064a8   0x00000026   Code   RO         6112    i.GetDataByte       queue.o
    0x080064ce   0x080064ce   0x00000002   PAD
    0x080064d0   0x080064d0   0x00000130   Code   RO         6689    i.GetNewTargetValue  mc_motorcontrol_layer.o
    0x08006600   0x08006600   0x0000001a   Code   RO         6282    i.GetSum8_size      packet.o
    0x0800661a   0x0800661a   0x00000002   PAD
    0x0800661c   0x0800661c   0x00000084   Code   RO         5280    i.GetSysProcedure   icanlogic.o
    0x080066a0   0x080066a0   0x00000094   Code   RO          908    i.HAL_ADCEx_Calibration_Start  stm32g4xx_hal_adc_ex.o
    0x08006734   0x08006734   0x00000560   Code   RO          914    i.HAL_ADCEx_InjectedConfigChannel  stm32g4xx_hal_adc_ex.o
    0x08006c94   0x08006c94   0x0000002e   Code   RO          916    i.HAL_ADCEx_InjectedGetValue  stm32g4xx_hal_adc_ex.o
    0x08006cc2   0x08006cc2   0x00000002   PAD
    0x08006cc4   0x08006cc4   0x00000120   Code   RO          919    i.HAL_ADCEx_InjectedStart  stm32g4xx_hal_adc_ex.o
    0x08006de4   0x08006de4   0x00000158   Code   RO          920    i.HAL_ADCEx_InjectedStart_IT  stm32g4xx_hal_adc_ex.o
    0x08006f3c   0x08006f3c   0x00000158   Code   RO          925    i.HAL_ADCEx_MultiModeConfigChannel  stm32g4xx_hal_adc_ex.o
    0x08007094   0x08007094   0x00000468   Code   RO          677    i.HAL_ADC_ConfigChannel  stm32g4xx_hal_adc.o
    0x080074fc   0x080074fc   0x00000002   Code   RO          678    i.HAL_ADC_ConvCpltCallback  stm32g4xx_hal_adc.o
    0x080074fe   0x080074fe   0x00000002   Code   RO          679    i.HAL_ADC_ConvHalfCpltCallback  stm32g4xx_hal_adc.o
    0x08007500   0x08007500   0x00000002   Code   RO          681    i.HAL_ADC_ErrorCallback  stm32g4xx_hal_adc.o
    0x08007502   0x08007502   0x00000002   PAD
    0x08007504   0x08007504   0x00000234   Code   RO          686    i.HAL_ADC_Init      stm32g4xx_hal_adc.o
    0x08007738   0x08007738   0x000001f0   Code   RO          554    i.HAL_ADC_MspInit   stm32g4xx_hal_msp.o
    0x08007928   0x08007928   0x00000114   Code   RO          694    i.HAL_ADC_Start_DMA  stm32g4xx_hal_adc.o
    0x08007a3c   0x08007a3c   0x000000c0   Code   RO         1975    i.HAL_DMA_Init      stm32g4xx_hal_dma.o
    0x08007afc   0x08007afc   0x0000008c   Code   RO         1979    i.HAL_DMA_Start_IT  stm32g4xx_hal_dma.o
    0x08007b88   0x08007b88   0x00000024   Code   RO         1124    i.HAL_Delay         stm32g4xx_hal.o
    0x08007bac   0x08007bac   0x0000004a   Code   RO         2611    i.HAL_FDCAN_AddMessageToTxFifoQ  stm32g4xx_hal_fdcan.o
    0x08007bf6   0x08007bf6   0x00000002   Code   RO         2634    i.HAL_FDCAN_ErrorCallback  stm32g4xx_hal_fdcan.o
    0x08007bf8   0x08007bf8   0x00000002   Code   RO         2635    i.HAL_FDCAN_ErrorStatusCallback  stm32g4xx_hal_fdcan.o
    0x08007bfa   0x08007bfa   0x00000002   PAD
    0x08007bfc   0x08007bfc   0x000000f0   Code   RO         2644    i.HAL_FDCAN_GetRxMessage  stm32g4xx_hal_fdcan.o
    0x08007cec   0x08007cec   0x0000000c   Code   RO         2649    i.HAL_FDCAN_GetTxFifoFreeLevel  stm32g4xx_hal_fdcan.o
    0x08007cf8   0x08007cf8   0x00000002   Code   RO         2650    i.HAL_FDCAN_HighPriorityMessageCallback  stm32g4xx_hal_fdcan.o
    0x08007cfa   0x08007cfa   0x00000160   Code   RO         2651    i.HAL_FDCAN_IRQHandler  stm32g4xx_hal_fdcan.o
    0x08007e5a   0x08007e5a   0x00000002   PAD
    0x08007e5c   0x08007e5c   0x00000218   Code   RO         2652    i.HAL_FDCAN_Init    stm32g4xx_hal_fdcan.o
    0x08008074   0x08008074   0x0000009c   Code   RO          556    i.HAL_FDCAN_MspInit  stm32g4xx_hal_msp.o
    0x08008110   0x08008110   0x00000088   Code   RO         6225    i.HAL_FDCAN_RxFifo0Callback  canstm32g4.o
    0x08008198   0x08008198   0x00000024   Code   RO         6226    i.HAL_FDCAN_RxFifo1Callback  canstm32g4.o
    0x080081bc   0x080081bc   0x0000002c   Code   RO         2661    i.HAL_FDCAN_Start   stm32g4xx_hal_fdcan.o
    0x080081e8   0x080081e8   0x00000002   Code   RO         2663    i.HAL_FDCAN_TimeoutOccurredCallback  stm32g4xx_hal_fdcan.o
    0x080081ea   0x080081ea   0x00000002   Code   RO         2664    i.HAL_FDCAN_TimestampWraparoundCallback  stm32g4xx_hal_fdcan.o
    0x080081ec   0x080081ec   0x00000002   Code   RO         2665    i.HAL_FDCAN_TxBufferAbortCallback  stm32g4xx_hal_fdcan.o
    0x080081ee   0x080081ee   0x00000002   Code   RO         2666    i.HAL_FDCAN_TxBufferCompleteCallback  stm32g4xx_hal_fdcan.o
    0x080081f0   0x080081f0   0x00000002   Code   RO         2667    i.HAL_FDCAN_TxEventFifoCallback  stm32g4xx_hal_fdcan.o
    0x080081f2   0x080081f2   0x00000002   PAD
    0x080081f4   0x080081f4   0x000000b0   Code   RO         6227    i.HAL_FDCAN_TxFifoEmptyCallback  canstm32g4.o
    0x080082a4   0x080082a4   0x000000e4   Code   RO         1709    i.HAL_FLASHEx_Erase  stm32g4xx_hal_flash_ex.o
    0x08008388   0x08008388   0x00000164   Code   RO         1712    i.HAL_FLASHEx_OBProgram  stm32g4xx_hal_flash_ex.o
    0x080084ec   0x080084ec   0x0000001c   Code   RO         1597    i.HAL_FLASH_Lock    stm32g4xx_hal_flash.o
    0x08008508   0x08008508   0x00000018   Code   RO         1598    i.HAL_FLASH_OB_Launch  stm32g4xx_hal_flash.o
    0x08008520   0x08008520   0x0000001c   Code   RO         1599    i.HAL_FLASH_OB_Lock  stm32g4xx_hal_flash.o
    0x0800853c   0x0800853c   0x00000028   Code   RO         1600    i.HAL_FLASH_OB_Unlock  stm32g4xx_hal_flash.o
    0x08008564   0x08008564   0x0000007c   Code   RO         1602    i.HAL_FLASH_Program  stm32g4xx_hal_flash.o
    0x080085e0   0x080085e0   0x00000028   Code   RO         1604    i.HAL_FLASH_Unlock  stm32g4xx_hal_flash.o
    0x08008608   0x08008608   0x000001c8   Code   RO         1831    i.HAL_GPIO_Init     stm32g4xx_hal_gpio.o
    0x080087d0   0x080087d0   0x0000000a   Code   RO         1833    i.HAL_GPIO_ReadPin  stm32g4xx_hal_gpio.o
    0x080087da   0x080087da   0x00000010   Code   RO         1834    i.HAL_GPIO_TogglePin  stm32g4xx_hal_gpio.o
    0x080087ea   0x080087ea   0x0000000a   Code   RO         1835    i.HAL_GPIO_WritePin  stm32g4xx_hal_gpio.o
    0x080087f4   0x080087f4   0x0000000c   Code   RO         1128    i.HAL_GetTick       stm32g4xx_hal.o
    0x08008800   0x08008800   0x00000066   Code   RO         5057    i.HAL_IWDG_Init     stm32g4xx_hal_iwdg.o
    0x08008866   0x08008866   0x00000002   PAD
    0x08008868   0x08008868   0x00000010   Code   RO         1131    i.HAL_IncTick       stm32g4xx_hal.o
    0x08008878   0x08008878   0x0000002c   Code   RO         1132    i.HAL_Init          stm32g4xx_hal.o
    0x080088a4   0x080088a4   0x00000044   Code   RO         1133    i.HAL_InitTick      stm32g4xx_hal.o
    0x080088e8   0x080088e8   0x00000030   Code   RO          557    i.HAL_MspInit       stm32g4xx_hal_msp.o
    0x08008918   0x08008918   0x00000022   Code   RO         2477    i.HAL_NVIC_DisableIRQ  stm32g4xx_hal_cortex.o
    0x0800893a   0x0800893a   0x0000001a   Code   RO         2478    i.HAL_NVIC_EnableIRQ  stm32g4xx_hal_cortex.o
    0x08008954   0x08008954   0x00000040   Code   RO         2484    i.HAL_NVIC_SetPriority  stm32g4xx_hal_cortex.o
    0x08008994   0x08008994   0x00000024   Code   RO         2485    i.HAL_NVIC_SetPriorityGrouping  stm32g4xx_hal_cortex.o
    0x080089b8   0x080089b8   0x000000bc   Code   RO         2234    i.HAL_PWREx_ControlVoltageScaling  stm32g4xx_hal_pwr_ex.o
    0x08008a74   0x08008a74   0x00000010   Code   RO         2246    i.HAL_PWREx_DisableUCPDDeadBattery  stm32g4xx_hal_pwr_ex.o
    0x08008a84   0x08008a84   0x00000300   Code   RO         1477    i.HAL_RCCEx_PeriphCLKConfig  stm32g4xx_hal_rcc_ex.o
    0x08008d84   0x08008d84   0x000001dc   Code   RO         1352    i.HAL_RCC_ClockConfig  stm32g4xx_hal_rcc.o
    0x08008f60   0x08008f60   0x00000024   Code   RO         1360    i.HAL_RCC_GetPCLK1Freq  stm32g4xx_hal_rcc.o
    0x08008f84   0x08008f84   0x00000024   Code   RO         1361    i.HAL_RCC_GetPCLK2Freq  stm32g4xx_hal_rcc.o
    0x08008fa8   0x08008fa8   0x0000006c   Code   RO         1362    i.HAL_RCC_GetSysClockFreq  stm32g4xx_hal_rcc.o
    0x08009014   0x08009014   0x0000040c   Code   RO         1365    i.HAL_RCC_OscConfig  stm32g4xx_hal_rcc.o
    0x08009420   0x08009420   0x000000ea   Code   RO         3004    i.HAL_SPI_Init      stm32g4xx_hal_spi.o
    0x0800950a   0x0800950a   0x00000002   PAD
    0x0800950c   0x0800950c   0x00000068   Code   RO          559    i.HAL_SPI_MspInit   stm32g4xx_hal_msp.o
    0x08009574   0x08009574   0x00000262   Code   RO         3013    i.HAL_SPI_TransmitReceive  stm32g4xx_hal_spi.o
    0x080097d6   0x080097d6   0x00000028   Code   RO         2489    i.HAL_SYSTICK_Config  stm32g4xx_hal_cortex.o
    0x080097fe   0x080097fe   0x00000002   Code   RO         4060    i.HAL_TIMEx_Break2Callback  stm32g4xx_hal_tim_ex.o
    0x08009800   0x08009800   0x00000002   Code   RO         4061    i.HAL_TIMEx_BreakCallback  stm32g4xx_hal_tim_ex.o
    0x08009802   0x08009802   0x00000002   Code   RO         4062    i.HAL_TIMEx_CommutCallback  stm32g4xx_hal_tim_ex.o
    0x08009804   0x08009804   0x000000cc   Code   RO         4065    i.HAL_TIMEx_ConfigBreakDeadTime  stm32g4xx_hal_tim_ex.o
    0x080098d0   0x080098d0   0x00000002   Code   RO         4073    i.HAL_TIMEx_DirectionChangeCallback  stm32g4xx_hal_tim_ex.o
    0x080098d2   0x080098d2   0x0000000e   Code   RO         4083    i.HAL_TIMEx_EnableDeadTimePreload  stm32g4xx_hal_tim_ex.o
    0x080098e0   0x080098e0   0x00000002   Code   RO         4087    i.HAL_TIMEx_EncoderIndexCallback  stm32g4xx_hal_tim_ex.o
    0x080098e2   0x080098e2   0x00000002   Code   RO         4101    i.HAL_TIMEx_IndexErrorCallback  stm32g4xx_hal_tim_ex.o
    0x080098e4   0x080098e4   0x000000b8   Code   RO         4102    i.HAL_TIMEx_MasterConfigSynchronization  stm32g4xx_hal_tim_ex.o
    0x0800999c   0x0800999c   0x000000cc   Code   RO         4114    i.HAL_TIMEx_PWMN_Start  stm32g4xx_hal_tim_ex.o
    0x08009a68   0x08009a68   0x00000002   Code   RO         4123    i.HAL_TIMEx_TransitionErrorCallback  stm32g4xx_hal_tim_ex.o
    0x08009a6a   0x08009a6a   0x00000062   Code   RO         3346    i.HAL_TIM_Base_Init  stm32g4xx_hal_tim.o
    0x08009acc   0x08009acc   0x00000060   Code   RO          561    i.HAL_TIM_Base_MspInit  stm32g4xx_hal_msp.o
    0x08009b2c   0x08009b2c   0x00000104   Code   RO         3355    i.HAL_TIM_ConfigClockSource  stm32g4xx_hal_tim.o
    0x08009c30   0x08009c30   0x000000a8   Code   RO         3367    i.HAL_TIM_Encoder_Init  stm32g4xx_hal_tim.o
    0x08009cd8   0x08009cd8   0x000000a0   Code   RO          563    i.HAL_TIM_Encoder_MspInit  stm32g4xx_hal_msp.o
    0x08009d78   0x08009d78   0x0000008e   Code   RO         3370    i.HAL_TIM_Encoder_Start  stm32g4xx_hal_tim.o
    0x08009e06   0x08009e06   0x00000002   Code   RO         3380    i.HAL_TIM_IC_CaptureCallback  stm32g4xx_hal_tim.o
    0x08009e08   0x08009e08   0x000001fc   Code   RO         3394    i.HAL_TIM_IRQHandler  stm32g4xx_hal_tim.o
    0x0800a004   0x0800a004   0x000000a4   Code   RO          564    i.HAL_TIM_MspPostInit  stm32g4xx_hal_msp.o
    0x0800a0a8   0x0800a0a8   0x00000002   Code   RO         3397    i.HAL_TIM_OC_DelayElapsedCallback  stm32g4xx_hal_tim.o
    0x0800a0aa   0x0800a0aa   0x0000011e   Code   RO         3418    i.HAL_TIM_PWM_ConfigChannel  stm32g4xx_hal_tim.o
    0x0800a1c8   0x0800a1c8   0x00000062   Code   RO         3421    i.HAL_TIM_PWM_Init  stm32g4xx_hal_tim.o
    0x0800a22a   0x0800a22a   0x00000002   Code   RO         3423    i.HAL_TIM_PWM_MspInit  stm32g4xx_hal_tim.o
    0x0800a22c   0x0800a22c   0x00000002   Code   RO         3424    i.HAL_TIM_PWM_PulseFinishedCallback  stm32g4xx_hal_tim.o
    0x0800a22e   0x0800a22e   0x00000002   PAD
    0x0800a230   0x0800a230   0x00000114   Code   RO         3426    i.HAL_TIM_PWM_Start  stm32g4xx_hal_tim.o
    0x0800a344   0x0800a344   0x00000002   Code   RO         3432    i.HAL_TIM_PeriodElapsedCallback  stm32g4xx_hal_tim.o
    0x0800a346   0x0800a346   0x00000002   Code   RO         3437    i.HAL_TIM_TriggerCallback  stm32g4xx_hal_tim.o
    0x0800a348   0x0800a348   0x0000004a   Code   RO         4911    i.HAL_UARTEx_EnableFifoMode  stm32g4xx_hal_uart_ex.o
    0x0800a392   0x0800a392   0x00000002   Code   RO         4498    i.HAL_UARTEx_RxEventCallback  stm32g4xx_hal_uart.o
    0x0800a394   0x0800a394   0x0000004c   Code   RO         4917    i.HAL_UARTEx_SetRxFifoThreshold  stm32g4xx_hal_uart_ex.o
    0x0800a3e0   0x0800a3e0   0x0000004c   Code   RO         4918    i.HAL_UARTEx_SetTxFifoThreshold  stm32g4xx_hal_uart_ex.o
    0x0800a42c   0x0800a42c   0x00000002   Code   RO         4514    i.HAL_UART_ErrorCallback  stm32g4xx_hal_uart.o
    0x0800a42e   0x0800a42e   0x0000006a   Code   RO         4518    i.HAL_UART_Init     stm32g4xx_hal_uart.o
    0x0800a498   0x0800a498   0x000000b0   Code   RO          566    i.HAL_UART_MspInit  stm32g4xx_hal_msp.o
    0x0800a548   0x0800a548   0x00000002   Code   RO         4525    i.HAL_UART_RxCpltCallback  stm32g4xx_hal_uart.o
    0x0800a54a   0x0800a54a   0x00000002   PAD
    0x0800a54c   0x0800a54c   0x00000228   Code   RO         5281    i.HMIConfig_Master  icanlogic.o
    0x0800a774   0x0800a774   0x0000001c   Code   RO         5282    i.HMIIdle_Master    icanlogic.o
    0x0800a790   0x0800a790   0x00000168   Code   RO         5283    i.HMIMonitor_Master  icanlogic.o
    0x0800a8f8   0x0800a8f8   0x00000030   Code   RO         5284    i.HMIPcIdle_Master  icanlogic.o
    0x0800a928   0x0800a928   0x00000014   Code   RO          427    i.HardFault_Handler  stm32g4xx_it.o
    0x0800a93c   0x0800a93c   0x00000268   Code   RO         6690    i.Homing            mc_motorcontrol_layer.o
    0x0800aba4   0x0800aba4   0x00000074   Code   RO         5122    i.ICANAddSlave      ican_master.o
    0x0800ac18   0x0800ac18   0x00000130   Code   RO         5123    i.ICANDataInManage_Master  ican_master.o
    0x0800ad48   0x0800ad48   0x000001f4   Code   RO         5124    i.ICANDataOutManage_Master  ican_master.o
    0x0800af3c   0x0800af3c   0x00000004   Code   RO         5362    i.ICANInitialize    icanplc.o
    0x0800af40   0x0800af40   0x00000034   Code   RO         5126    i.ICANInitialize_Master  ican_master.o
    0x0800af74   0x0800af74   0x00000034   Code   RO         5363    i.ICANLogicIn_Master  icanplc.o
    0x0800afa8   0x0800afa8   0x00000038   Code   RO         5364    i.ICANLogicIn_Master_From_Hmi  icanplc.o
    0x0800afe0   0x0800afe0   0x0000001c   Code   RO         5365    i.ICANLogicIn_Master_From_Lift  icanplc.o
    0x0800affc   0x0800affc   0x0000001c   Code   RO         5366    i.ICANLogicIn_Master_From_Logic  icanplc.o
    0x0800b018   0x0800b018   0x00000002   Code   RO         5367    i.ICANLogicIn_Master_From_Move  icanplc.o
    0x0800b01a   0x0800b01a   0x00000002   PAD
    0x0800b01c   0x0800b01c   0x00000018   Code   RO         5368    i.ICANLogicIn_Master_From_Pc  icanplc.o
    0x0800b034   0x0800b034   0x0000001c   Code   RO         5369    i.ICANLogicIn_Master_From_Smove  icanplc.o
    0x0800b050   0x0800b050   0x00000028   Code   RO         5370    i.ICANLogicIn_Master_From_Steer  icanplc.o
    0x0800b078   0x0800b078   0x00000034   Code   RO         5371    i.ICANLogicOut_Master  icanplc.o
    0x0800b0ac   0x0800b0ac   0x0000004c   Code   RO         5372    i.ICANLogicOut_Master_To_Hmi  icanplc.o
    0x0800b0f8   0x0800b0f8   0x00000018   Code   RO         5373    i.ICANLogicOut_Master_To_Lift  icanplc.o
    0x0800b110   0x0800b110   0x00000018   Code   RO         5374    i.ICANLogicOut_Master_To_Logic  icanplc.o
    0x0800b128   0x0800b128   0x00000002   Code   RO         5375    i.ICANLogicOut_Master_To_Move  icanplc.o
    0x0800b12a   0x0800b12a   0x00000002   PAD
    0x0800b12c   0x0800b12c   0x00000010   Code   RO         5376    i.ICANLogicOut_Master_To_Pc  icanplc.o
    0x0800b13c   0x0800b13c   0x00000018   Code   RO         5377    i.ICANLogicOut_Master_To_Smove  icanplc.o
    0x0800b154   0x0800b154   0x00000018   Code   RO         5378    i.ICANLogicOut_Master_To_Steer  icanplc.o
    0x0800b16c   0x0800b16c   0x00000080   Code   RO         5127    i.ICANMacIDCheck    ican_master.o
    0x0800b1ec   0x0800b1ec   0x000000b4   Code   RO         5128    i.ICANNetManage_Master  ican_master.o
    0x0800b2a0   0x0800b2a0   0x0000032c   Code   RO         5129    i.ICANReceive       ican_master.o
    0x0800b5cc   0x0800b5cc   0x00000060   Code   RO         5130    i.ICANSend          ican_master.o
    0x0800b62c   0x0800b62c   0x0000008c   Code   RO         5131    i.ICANSetConnect    ican_master.o
    0x0800b6b8   0x0800b6b8   0x00000002   Code   RO         5285    i.ICANSysMatch      icanlogic.o
    0x0800b6ba   0x0800b6ba   0x00000002   PAD
    0x0800b6bc   0x0800b6bc   0x00000144   Code   RO         5132    i.ICAN_DOProc       ican_master.o
    0x0800b800   0x0800b800   0x000000c0   Code   RO         6644    i.InitCommonRam     commonram.o
    0x0800b8c0   0x0800b8c0   0x00000028   Code   RO         6569    i.InitFeedbackDevice  fdb.o
    0x0800b8e8   0x0800b8e8   0x0000010c   Code   RO         6691    i.InitPLCCtl        mc_motorcontrol_layer.o
    0x0800b9f4   0x0800b9f4   0x00000050   Code   RO         6438    i.InitPLCLogic      plc.o
    0x0800ba44   0x0800ba44   0x000000e0   Code   RO         5601    i.InitPara          para.o
    0x0800bb24   0x0800bb24   0x00000074   Code   RO          257    i.InitSysCtrl       device.o
    0x0800bb98   0x0800bb98   0x00000024   Code   RO         6645    i.InitVariable      commonram.o
    0x0800bbbc   0x0800bbbc   0x0000001c   Code   RO         5473    i.KillNetTimer      itimer.o
    0x0800bbd8   0x0800bbd8   0x00000020   Code   RO         6439    i.LEDInit           plc.o
    0x0800bbf8   0x0800bbf8   0x000000bc   Code   RO         6440    i.LEDProcess        plc.o
    0x0800bcb4   0x0800bcb4   0x0000000c   Code   RO          700    i.LL_ADC_GetOffsetChannel  stm32g4xx_hal_adc.o
    0x0800bcc0   0x0800bcc0   0x0000000c   Code   RO          933    i.LL_ADC_GetOffsetChannel  stm32g4xx_hal_adc_ex.o
    0x0800bccc   0x0800bccc   0x00000008   Code   RO          701    i.LL_ADC_INJ_IsConversionOngoing  stm32g4xx_hal_adc.o
    0x0800bcd4   0x0800bcd4   0x00000008   Code   RO          934    i.LL_ADC_INJ_IsConversionOngoing  stm32g4xx_hal_adc_ex.o
    0x0800bcdc   0x0800bcdc   0x00000008   Code   RO          702    i.LL_ADC_REG_IsConversionOngoing  stm32g4xx_hal_adc.o
    0x0800bce4   0x0800bce4   0x00000008   Code   RO          935    i.LL_ADC_REG_IsConversionOngoing  stm32g4xx_hal_adc_ex.o
    0x0800bcec   0x0800bcec   0x00000010   Code   RO          703    i.LL_ADC_REG_IsTriggerSourceSWStart  stm32g4xx_hal_adc.o
    0x0800bcfc   0x0800bcfc   0x0000001e   Code   RO          705    i.LL_ADC_SetChannelSamplingTime  stm32g4xx_hal_adc.o
    0x0800bd1a   0x0800bd1a   0x0000001e   Code   RO          936    i.LL_ADC_SetChannelSamplingTime  stm32g4xx_hal_adc_ex.o
    0x0800bd38   0x0800bd38   0x00000010   Code   RO          706    i.LL_ADC_SetOffsetState  stm32g4xx_hal_adc.o
    0x0800bd48   0x0800bd48   0x00000010   Code   RO          937    i.LL_ADC_SetOffsetState  stm32g4xx_hal_adc_ex.o
    0x0800bd58   0x0800bd58   0x00000058   Code   RO         6441    i.LedStateShow      plc.o
    0x0800bdb0   0x0800bdb0   0x000001c8   Code   RO         6049    i.LocalDI           plclogic.o
    0x0800bf78   0x0800bf78   0x000000c4   Code   RO         6050    i.LocalDO           plclogic.o
    0x0800c03c   0x0800c03c   0x000001f8   Code   RO         6692    i.MCL_ChkPowerStatue  mc_motorcontrol_layer.o
    0x0800c234   0x0800c234   0x00000028   Code   RO         6693    i.MCL_Chk_BusVolt   mc_motorcontrol_layer.o
    0x0800c25c   0x0800c25c   0x00000038   Code   RO         6694    i.MCL_ClearFault    mc_motorcontrol_layer.o
    0x0800c294   0x0800c294   0x00000070   Code   RO         6695    i.MCL_SetFault      mc_motorcontrol_layer.o
    0x0800c304   0x0800c304   0x00000174   Code   RO          258    i.MX_ADC1_Init      device.o
    0x0800c478   0x0800c478   0x00000118   Code   RO          259    i.MX_ADC2_Init      device.o
    0x0800c590   0x0800c590   0x000000b4   Code   RO          260    i.MX_ADC3_Init      device.o
    0x0800c644   0x0800c644   0x00000070   Code   RO          261    i.MX_FDCAN1_Init    device.o
    0x0800c6b4   0x0800c6b4   0x00000164   Code   RO          262    i.MX_GPIO_Init      device.o
    0x0800c818   0x0800c818   0x00000050   Code   RO          263    i.MX_SPI3_Init      device.o
    0x0800c868   0x0800c868   0x00000138   Code   RO          264    i.MX_TIM1_Init      device.o
    0x0800c9a0   0x0800c9a0   0x000000b0   Code   RO          265    i.MX_TIM2_Init      device.o
    0x0800ca50   0x0800ca50   0x00000070   Code   RO          266    i.MX_TIM4_Init      device.o
    0x0800cac0   0x0800cac0   0x00000070   Code   RO          267    i.MX_TIM8_Init      device.o
    0x0800cb30   0x0800cb30   0x00000084   Code   RO          268    i.MX_USART3_UART_Init  device.o
    0x0800cbb4   0x0800cbb4   0x00000002   Code   RO          428    i.MemManage_Handler  stm32g4xx_it.o
    0x0800cbb6   0x0800cbb6   0x00000002   PAD
    0x0800cbb8   0x0800cbb8   0x0000001c   Code   RO         5518    i.MsgAdd            message.o
    0x0800cbd4   0x0800cbd4   0x00000020   Code   RO         5520    i.MsgICANPop        message.o
    0x0800cbf4   0x0800cbf4   0x0000001c   Code   RO         5521    i.MsgICANRegister   message.o
    0x0800cc10   0x0800cc10   0x00000002   Code   RO          429    i.NMI_Handler       stm32g4xx_it.o
    0x0800cc12   0x0800cc12   0x00000002   PAD
    0x0800cc14   0x0800cc14   0x00000058   Code   RO         5286    i.NetOnlineCheck    icanlogic.o
    0x0800cc6c   0x0800cc6c   0x00000002   Code   RO         6442    i.Null              plc.o
    0x0800cc6e   0x0800cc6e   0x00000002   PAD
    0x0800cc70   0x0800cc70   0x00000228   Code   RO         5287    i.PCConfig_Master   icanlogic.o
    0x0800ce98   0x0800ce98   0x0000001c   Code   RO         5288    i.PCIdle_Master     icanlogic.o
    0x0800ceb4   0x0800ceb4   0x00000168   Code   RO         5289    i.PCMonitor_Master  icanlogic.o
    0x0800d01c   0x0800d01c   0x0000009c   Code   RO          269    i.PWMDriver         device.o
    0x0800d0b8   0x0800d0b8   0x00000048   Code   RO         6283    i.PacketInit        packet.o
    0x0800d100   0x0800d100   0x00000002   Code   RO          430    i.PendSV_Handler    stm32g4xx_it.o
    0x0800d102   0x0800d102   0x00000002   PAD
    0x0800d104   0x0800d104   0x0000004c   Code   RO           14    i.PowerOff_Handle   main.o
    0x0800d150   0x0800d150   0x00000358   Code   RO         6696    i.Protection        mc_motorcontrol_layer.o
    0x0800d4a8   0x0800d4a8   0x0000001c   Code   RO          271    i.PwmDisableEsp     device.o
    0x0800d4c4   0x0800d4c4   0x00000010   Code   RO          272    i.PwmEnable         device.o
    0x0800d4d4   0x0800d4d4   0x00000028   Code   RO          273    i.PwmUpdate         device.o
    0x0800d4fc   0x0800d4fc   0x0000000a   Code   RO         6115    i.QueueNData        queue.o
    0x0800d506   0x0800d506   0x00000038   Code   RO         6116    i.QueueRead         queue.o
    0x0800d53e   0x0800d53e   0x0000003a   Code   RO         6118    i.QueueWrite        queue.o
    0x0800d578   0x0800d578   0x00000020   Code   RO         6284    i.RXData_to_CtrlRam  packet.o
    0x0800d598   0x0800d598   0x0000009c   Code   RO         5602    i.ReadHardParaFromEeprom  para.o
    0x0800d634   0x0800d634   0x00000020   Code   RO         5603    i.ReadMonitorParaValByIndex  para.o
    0x0800d654   0x0800d654   0x000000ac   Code   RO         5604    i.ReadParaFromEeprom  para.o
    0x0800d700   0x0800d700   0x00000030   Code   RO         5605    i.ReadParaValByIndex  para.o
    0x0800d730   0x0800d730   0x00000018   Code   RO         5474    i.ResetNetTimer     itimer.o
    0x0800d748   0x0800d748   0x00000048   Code   RO         3042    i.SPI_EndRxTxTransaction  stm32g4xx_hal_spi.o
    0x0800d790   0x0800d790   0x000000c8   Code   RO         3047    i.SPI_WaitFifoStateUntilTimeout  stm32g4xx_hal_spi.o
    0x0800d858   0x0800d858   0x000000b8   Code   RO         3048    i.SPI_WaitFlagStateUntilTimeout  stm32g4xx_hal_spi.o
    0x0800d910   0x0800d910   0x00000002   Code   RO          431    i.SVC_Handler       stm32g4xx_it.o
    0x0800d912   0x0800d912   0x00000002   PAD
    0x0800d914   0x0800d914   0x00000080   Code   RO         5606    i.SaveHardParaToEeprom  para.o
    0x0800d994   0x0800d994   0x00000080   Code   RO         5608    i.SaveParaToEeprom  para.o
    0x0800da14   0x0800da14   0x00000020   Code   RO         5475    i.SetNetTimer       itimer.o
    0x0800da34   0x0800da34   0x000000b4   Code   RO           15    i.SysInit           main.o
    0x0800dae8   0x0800dae8   0x00000020   Code   RO          432    i.SysTick_Handler   stm32g4xx_it.o
    0x0800db08   0x0800db08   0x000000e8   Code   RO         6443    i.Sys_Prco          plc.o
    0x0800dbf0   0x0800dbf0   0x00000096   Code   RO           16    i.SystemClock_Config  main.o
    0x0800dc86   0x0800dc86   0x00000002   PAD
    0x0800dc88   0x0800dc88   0x0000001c   Code   RO         5088    i.SystemInit        system_stm32g4xx.o
    0x0800dca4   0x0800dca4   0x00000014   Code   RO          433    i.TIM1_BRK_TIM15_IRQHandler  stm32g4xx_it.o
    0x0800dcb8   0x0800dcb8   0x00000030   Code   RO          434    i.TIM1_UP_TIM16_IRQHandler  stm32g4xx_it.o
    0x0800dce8   0x0800dce8   0x000002bc   Code   RO         6697    i.TIM1ms_ISR        mc_motorcontrol_layer.o
    0x0800dfa4   0x0800dfa4   0x0000000c   Code   RO          435    i.TIM8_CC_IRQHandler  stm32g4xx_it.o
    0x0800dfb0   0x0800dfb0   0x000000d4   Code   RO         3439    i.TIM_Base_SetConfig  stm32g4xx_hal_tim.o
    0x0800e084   0x0800e084   0x0000001a   Code   RO         3440    i.TIM_CCxChannelCmd  stm32g4xx_hal_tim.o
    0x0800e09e   0x0800e09e   0x0000001a   Code   RO         4126    i.TIM_CCxNChannelCmd  stm32g4xx_hal_tim_ex.o
    0x0800e0b8   0x0800e0b8   0x00000014   Code   RO         3450    i.TIM_ETR_SetConfig  stm32g4xx_hal_tim.o
    0x0800e0cc   0x0800e0cc   0x00000014   Code   RO         3451    i.TIM_ITRx_SetConfig  stm32g4xx_hal_tim.o
    0x0800e0e0   0x0800e0e0   0x000000ac   Code   RO         3452    i.TIM_OC1_SetConfig  stm32g4xx_hal_tim.o
    0x0800e18c   0x0800e18c   0x000000a0   Code   RO         3453    i.TIM_OC2_SetConfig  stm32g4xx_hal_tim.o
    0x0800e22c   0x0800e22c   0x000000a0   Code   RO         3454    i.TIM_OC3_SetConfig  stm32g4xx_hal_tim.o
    0x0800e2cc   0x0800e2cc   0x000000a0   Code   RO         3455    i.TIM_OC4_SetConfig  stm32g4xx_hal_tim.o
    0x0800e36c   0x0800e36c   0x00000078   Code   RO         3456    i.TIM_OC5_SetConfig  stm32g4xx_hal_tim.o
    0x0800e3e4   0x0800e3e4   0x0000007c   Code   RO         3457    i.TIM_OC6_SetConfig  stm32g4xx_hal_tim.o
    0x0800e460   0x0800e460   0x00000008   Code   RO          274    i.TIM_SetCounter    device.o
    0x0800e468   0x0800e468   0x00000022   Code   RO         3459    i.TIM_TI1_ConfigInputStage  stm32g4xx_hal_tim.o
    0x0800e48a   0x0800e48a   0x00000024   Code   RO         3461    i.TIM_TI2_ConfigInputStage  stm32g4xx_hal_tim.o
    0x0800e4ae   0x0800e4ae   0x00000002   PAD
    0x0800e4b0   0x0800e4b0   0x00000038   Code   RO         6173    i.TmpInit           temprature.o
    0x0800e4e8   0x0800e4e8   0x00000048   Code   RO         6175    i.TmpPowerCalRes    temprature.o
    0x0800e530   0x0800e530   0x000000c0   Code   RO         6176    i.TmpProcess        temprature.o
    0x0800e5f0   0x0800e5f0   0x000000ec   Code   RO         6359    i.UART3_IntHandler  uartstm32f4.o
    0x0800e6dc   0x0800e6dc   0x00000044   Code   RO         4922    i.UARTEx_SetNbDataToProcess  stm32g4xx_hal_uart_ex.o
    0x0800e720   0x0800e720   0x00000014   Code   RO         6361    i.UARTGetBufLen     uartstm32f4.o
    0x0800e734   0x0800e734   0x0000014c   Code   RO         6285    i.UARTPkt_DataInManage  packet.o
    0x0800e880   0x0800e880   0x00000090   Code   RO         6286    i.UARTPkt_DataLogicManage  packet.o
    0x0800e910   0x0800e910   0x00000058   Code   RO         6287    i.UARTPkt_DataOutManage  packet.o
    0x0800e968   0x0800e968   0x0000002c   Code   RO         6362    i.UARTReadBufArray  uartstm32f4.o
    0x0800e994   0x0800e994   0x00000026   Code   RO         6363    i.UARTReadBuffer    uartstm32f4.o
    0x0800e9ba   0x0800e9ba   0x00000002   PAD
    0x0800e9bc   0x0800e9bc   0x00000038   Code   RO         6364    i.UARTSend          uartstm32f4.o
    0x0800e9f4   0x0800e9f4   0x00000030   Code   RO         6365    i.UARTWriteBufArray  uartstm32f4.o
    0x0800ea24   0x0800ea24   0x00000022   Code   RO         6366    i.UARTWriteBuffer   uartstm32f4.o
    0x0800ea46   0x0800ea46   0x000000c8   Code   RO         4532    i.UART_AdvFeatureConfig  stm32g4xx_hal_uart.o
    0x0800eb0e   0x0800eb0e   0x00000060   Code   RO         4533    i.UART_CheckIdleState  stm32g4xx_hal_uart.o
    0x0800eb6e   0x0800eb6e   0x000000a2   Code   RO         4546    i.UART_RxISR_16BIT  stm32g4xx_hal_uart.o
    0x0800ec10   0x0800ec10   0x00000174   Code   RO         4547    i.UART_RxISR_16BIT_FIFOEN  stm32g4xx_hal_uart.o
    0x0800ed84   0x0800ed84   0x000000a2   Code   RO         4548    i.UART_RxISR_8BIT   stm32g4xx_hal_uart.o
    0x0800ee26   0x0800ee26   0x00000002   PAD
    0x0800ee28   0x0800ee28   0x00000174   Code   RO         4549    i.UART_RxISR_8BIT_FIFOEN  stm32g4xx_hal_uart.o
    0x0800ef9c   0x0800ef9c   0x00000298   Code   RO         4550    i.UART_SetConfig    stm32g4xx_hal_uart.o
    0x0800f234   0x0800f234   0x00000118   Code   RO         4552    i.UART_Start_Receive_IT  stm32g4xx_hal_uart.o
    0x0800f34c   0x0800f34c   0x000000c6   Code   RO         4557    i.UART_WaitOnFlagUntilTimeout  stm32g4xx_hal_uart.o
    0x0800f412   0x0800f412   0x00000004   Code   RO          436    i.USART3_IRQHandler  stm32g4xx_it.o
    0x0800f416   0x0800f416   0x00000002   Code   RO         6288    i.UpdataPlcDataFromUart  packet.o
    0x0800f418   0x0800f418   0x000000a8   Code   RO         6289    i.UpdataUartDataFromPlc  packet.o
    0x0800f4c0   0x0800f4c0   0x00000002   Code   RO          437    i.UsageFault_Handler  stm32g4xx_it.o
    0x0800f4c2   0x0800f4c2   0x00000002   PAD
    0x0800f4c4   0x0800f4c4   0x000001bc   Code   RO         6699    i._GetSetPosition   mc_motorcontrol_layer.o
    0x0800f680   0x0800f680   0x00000020   Code   RO         2491    i.__NVIC_SetPriority  stm32g4xx_hal_cortex.o
    0x0800f6a0   0x0800f6a0   0x00000014   Code   RO         7866    i.__hardfp_fabs     m_wm.l(fabs.o)
    0x0800f6b4   0x0800f6b4   0x0000000e   Code   RO         7924    i.__scatterload_copy  mc_w.l(handlers.o)
    0x0800f6c2   0x0800f6c2   0x00000002   Code   RO         7925    i.__scatterload_null  mc_w.l(handlers.o)
    0x0800f6c4   0x0800f6c4   0x0000000e   Code   RO         7926    i.__scatterload_zeroinit  mc_w.l(handlers.o)
    0x0800f6d2   0x0800f6d2   0x00000002   PAD
    0x0800f6d4   0x0800f6d4   0x000000b0   Code   RO         6444    i.iCAN_Prco         plc.o
    0x0800f784   0x0800f784   0x00000190   Code   RO           17    i.main              main.o
    0x0800f914   0x0800f914   0x0000002c   Code   RO         6445    i.memzero           plc.o
    0x0800f940   0x0800f940   0x000001cc   Code   RO         6700    i.myvpid            mc_motorcontrol_layer.o
    0x0800fb0c   0x0800fb0c   0x00000012   Code   RO         5476    i.netTimerInit      itimer.o
    0x0800fb1e   0x0800fb1e   0x00000002   PAD
    0x0800fb20   0x0800fb20   0x00000050   Code   RO         5477    i.netTimerUpdate    itimer.o
    0x0800fb70   0x0800fb70   0x00000010   Data   RO         2669    .constdata          stm32g4xx_hal_fdcan.o
    0x0800fb80   0x0800fb80   0x00000018   Data   RO         4558    .constdata          stm32g4xx_hal_uart.o
    0x0800fb98   0x0800fb98   0x00000010   Data   RO         4923    .constdata          stm32g4xx_hal_uart_ex.o
    0x0800fba8   0x0800fba8   0x00000010   Data   RO         5089    .constdata          system_stm32g4xx.o
    0x0800fbb8   0x0800fbb8   0x00000008   Data   RO         5090    .constdata          system_stm32g4xx.o
    0x0800fbc0   0x0800fbc0   0x0000001c   Data   RO         5610    .constdata          para.o
    0x0800fbdc   0x0800fbdc   0x0000001c   Data   RO         5611    .constdata          para.o
    0x0800fbf8   0x0800fbf8   0x0000001c   Data   RO         5612    .constdata          para.o
    0x0800fc14   0x0800fc14   0x0000001c   Data   RO         5613    .constdata          para.o
    0x0800fc30   0x0800fc30   0x0000001c   Data   RO         5614    .constdata          para.o
    0x0800fc4c   0x0800fc4c   0x0000001c   Data   RO         5615    .constdata          para.o
    0x0800fc68   0x0800fc68   0x0000001c   Data   RO         5616    .constdata          para.o
    0x0800fc84   0x0800fc84   0x0000001c   Data   RO         5617    .constdata          para.o
    0x0800fca0   0x0800fca0   0x0000001c   Data   RO         5618    .constdata          para.o
    0x0800fcbc   0x0800fcbc   0x0000001c   Data   RO         5619    .constdata          para.o
    0x0800fcd8   0x0800fcd8   0x0000001c   Data   RO         5620    .constdata          para.o
    0x0800fcf4   0x0800fcf4   0x0000001c   Data   RO         5621    .constdata          para.o
    0x0800fd10   0x0800fd10   0x0000001c   Data   RO         5622    .constdata          para.o
    0x0800fd2c   0x0800fd2c   0x0000001c   Data   RO         5623    .constdata          para.o
    0x0800fd48   0x0800fd48   0x0000001c   Data   RO         5624    .constdata          para.o
    0x0800fd64   0x0800fd64   0x0000001c   Data   RO         5625    .constdata          para.o
    0x0800fd80   0x0800fd80   0x0000001c   Data   RO         5626    .constdata          para.o
    0x0800fd9c   0x0800fd9c   0x0000001c   Data   RO         5627    .constdata          para.o
    0x0800fdb8   0x0800fdb8   0x0000001c   Data   RO         5628    .constdata          para.o
    0x0800fdd4   0x0800fdd4   0x0000001c   Data   RO         5629    .constdata          para.o
    0x0800fdf0   0x0800fdf0   0x0000001c   Data   RO         5630    .constdata          para.o
    0x0800fe0c   0x0800fe0c   0x0000001c   Data   RO         5631    .constdata          para.o
    0x0800fe28   0x0800fe28   0x0000001c   Data   RO         5632    .constdata          para.o
    0x0800fe44   0x0800fe44   0x0000001c   Data   RO         5633    .constdata          para.o
    0x0800fe60   0x0800fe60   0x0000001c   Data   RO         5634    .constdata          para.o
    0x0800fe7c   0x0800fe7c   0x0000001c   Data   RO         5635    .constdata          para.o
    0x0800fe98   0x0800fe98   0x0000001c   Data   RO         5636    .constdata          para.o
    0x0800feb4   0x0800feb4   0x0000001c   Data   RO         5637    .constdata          para.o
    0x0800fed0   0x0800fed0   0x0000001c   Data   RO         5638    .constdata          para.o
    0x0800feec   0x0800feec   0x0000001c   Data   RO         5639    .constdata          para.o
    0x0800ff08   0x0800ff08   0x0000001c   Data   RO         5640    .constdata          para.o
    0x0800ff24   0x0800ff24   0x0000001c   Data   RO         5641    .constdata          para.o
    0x0800ff40   0x0800ff40   0x0000001c   Data   RO         5642    .constdata          para.o
    0x0800ff5c   0x0800ff5c   0x0000001c   Data   RO         5643    .constdata          para.o
    0x0800ff78   0x0800ff78   0x0000001c   Data   RO         5644    .constdata          para.o
    0x0800ff94   0x0800ff94   0x0000001c   Data   RO         5645    .constdata          para.o
    0x0800ffb0   0x0800ffb0   0x0000001c   Data   RO         5646    .constdata          para.o
    0x0800ffcc   0x0800ffcc   0x0000001c   Data   RO         5647    .constdata          para.o
    0x0800ffe8   0x0800ffe8   0x0000001c   Data   RO         5648    .constdata          para.o
    0x08010004   0x08010004   0x0000001c   Data   RO         5649    .constdata          para.o
    0x08010020   0x08010020   0x0000001c   Data   RO         5650    .constdata          para.o
    0x0801003c   0x0801003c   0x0000001c   Data   RO         5651    .constdata          para.o
    0x08010058   0x08010058   0x0000001c   Data   RO         5652    .constdata          para.o
    0x08010074   0x08010074   0x0000001c   Data   RO         5653    .constdata          para.o
    0x08010090   0x08010090   0x0000001c   Data   RO         5654    .constdata          para.o
    0x080100ac   0x080100ac   0x0000001c   Data   RO         5655    .constdata          para.o
    0x080100c8   0x080100c8   0x0000001c   Data   RO         5656    .constdata          para.o
    0x080100e4   0x080100e4   0x0000001c   Data   RO         5657    .constdata          para.o
    0x08010100   0x08010100   0x0000001c   Data   RO         5658    .constdata          para.o
    0x0801011c   0x0801011c   0x0000001c   Data   RO         5659    .constdata          para.o
    0x08010138   0x08010138   0x0000001c   Data   RO         5660    .constdata          para.o
    0x08010154   0x08010154   0x0000001c   Data   RO         5661    .constdata          para.o
    0x08010170   0x08010170   0x0000001c   Data   RO         5662    .constdata          para.o
    0x0801018c   0x0801018c   0x0000001c   Data   RO         5663    .constdata          para.o
    0x080101a8   0x080101a8   0x0000001c   Data   RO         5664    .constdata          para.o
    0x080101c4   0x080101c4   0x0000001c   Data   RO         5665    .constdata          para.o
    0x080101e0   0x080101e0   0x0000001c   Data   RO         5666    .constdata          para.o
    0x080101fc   0x080101fc   0x0000001c   Data   RO         5667    .constdata          para.o
    0x08010218   0x08010218   0x0000001c   Data   RO         5668    .constdata          para.o
    0x08010234   0x08010234   0x0000001c   Data   RO         5669    .constdata          para.o
    0x08010250   0x08010250   0x0000001c   Data   RO         5670    .constdata          para.o
    0x0801026c   0x0801026c   0x0000001c   Data   RO         5671    .constdata          para.o
    0x08010288   0x08010288   0x0000001c   Data   RO         5672    .constdata          para.o
    0x080102a4   0x080102a4   0x0000001c   Data   RO         5673    .constdata          para.o
    0x080102c0   0x080102c0   0x0000001c   Data   RO         5674    .constdata          para.o
    0x080102dc   0x080102dc   0x0000001c   Data   RO         5675    .constdata          para.o
    0x080102f8   0x080102f8   0x0000001c   Data   RO         5676    .constdata          para.o
    0x08010314   0x08010314   0x0000001c   Data   RO         5677    .constdata          para.o
    0x08010330   0x08010330   0x0000001c   Data   RO         5678    .constdata          para.o
    0x0801034c   0x0801034c   0x0000001c   Data   RO         5679    .constdata          para.o
    0x08010368   0x08010368   0x0000001c   Data   RO         5680    .constdata          para.o
    0x08010384   0x08010384   0x0000001c   Data   RO         5681    .constdata          para.o
    0x080103a0   0x080103a0   0x0000001c   Data   RO         5682    .constdata          para.o
    0x080103bc   0x080103bc   0x0000001c   Data   RO         5683    .constdata          para.o
    0x080103d8   0x080103d8   0x0000001c   Data   RO         5684    .constdata          para.o
    0x080103f4   0x080103f4   0x0000001c   Data   RO         5685    .constdata          para.o
    0x08010410   0x08010410   0x0000001c   Data   RO         5686    .constdata          para.o
    0x0801042c   0x0801042c   0x0000001c   Data   RO         5687    .constdata          para.o
    0x08010448   0x08010448   0x0000001c   Data   RO         5688    .constdata          para.o
    0x08010464   0x08010464   0x0000001c   Data   RO         5689    .constdata          para.o
    0x08010480   0x08010480   0x0000001c   Data   RO         5690    .constdata          para.o
    0x0801049c   0x0801049c   0x0000001c   Data   RO         5691    .constdata          para.o
    0x080104b8   0x080104b8   0x0000001c   Data   RO         5692    .constdata          para.o
    0x080104d4   0x080104d4   0x0000001c   Data   RO         5693    .constdata          para.o
    0x080104f0   0x080104f0   0x0000001c   Data   RO         5694    .constdata          para.o
    0x0801050c   0x0801050c   0x0000001c   Data   RO         5695    .constdata          para.o
    0x08010528   0x08010528   0x0000001c   Data   RO         5696    .constdata          para.o
    0x08010544   0x08010544   0x0000001c   Data   RO         5697    .constdata          para.o
    0x08010560   0x08010560   0x0000001c   Data   RO         5698    .constdata          para.o
    0x0801057c   0x0801057c   0x0000001c   Data   RO         5699    .constdata          para.o
    0x08010598   0x08010598   0x0000001c   Data   RO         5700    .constdata          para.o
    0x080105b4   0x080105b4   0x0000001c   Data   RO         5701    .constdata          para.o
    0x080105d0   0x080105d0   0x0000001c   Data   RO         5702    .constdata          para.o
    0x080105ec   0x080105ec   0x0000001c   Data   RO         5703    .constdata          para.o
    0x08010608   0x08010608   0x0000001c   Data   RO         5704    .constdata          para.o
    0x08010624   0x08010624   0x0000001c   Data   RO         5705    .constdata          para.o
    0x08010640   0x08010640   0x0000001c   Data   RO         5706    .constdata          para.o
    0x0801065c   0x0801065c   0x0000001c   Data   RO         5707    .constdata          para.o
    0x08010678   0x08010678   0x0000001c   Data   RO         5708    .constdata          para.o
    0x08010694   0x08010694   0x0000001c   Data   RO         5709    .constdata          para.o
    0x080106b0   0x080106b0   0x0000001c   Data   RO         5710    .constdata          para.o
    0x080106cc   0x080106cc   0x0000001c   Data   RO         5711    .constdata          para.o
    0x080106e8   0x080106e8   0x0000001c   Data   RO         5712    .constdata          para.o
    0x08010704   0x08010704   0x0000001c   Data   RO         5713    .constdata          para.o
    0x08010720   0x08010720   0x0000001c   Data   RO         5714    .constdata          para.o
    0x0801073c   0x0801073c   0x0000001c   Data   RO         5715    .constdata          para.o
    0x08010758   0x08010758   0x0000001c   Data   RO         5716    .constdata          para.o
    0x08010774   0x08010774   0x0000001c   Data   RO         5717    .constdata          para.o
    0x08010790   0x08010790   0x0000001c   Data   RO         5718    .constdata          para.o
    0x080107ac   0x080107ac   0x0000001c   Data   RO         5719    .constdata          para.o
    0x080107c8   0x080107c8   0x0000001c   Data   RO         5720    .constdata          para.o
    0x080107e4   0x080107e4   0x0000001c   Data   RO         5721    .constdata          para.o
    0x08010800   0x08010800   0x0000001c   Data   RO         5722    .constdata          para.o
    0x0801081c   0x0801081c   0x0000001c   Data   RO         5723    .constdata          para.o
    0x08010838   0x08010838   0x0000001c   Data   RO         5724    .constdata          para.o
    0x08010854   0x08010854   0x0000001c   Data   RO         5725    .constdata          para.o
    0x08010870   0x08010870   0x0000001c   Data   RO         5726    .constdata          para.o
    0x0801088c   0x0801088c   0x0000001c   Data   RO         5727    .constdata          para.o
    0x080108a8   0x080108a8   0x0000001c   Data   RO         5728    .constdata          para.o
    0x080108c4   0x080108c4   0x0000001c   Data   RO         5729    .constdata          para.o
    0x080108e0   0x080108e0   0x0000001c   Data   RO         5730    .constdata          para.o
    0x080108fc   0x080108fc   0x0000001c   Data   RO         5731    .constdata          para.o
    0x08010918   0x08010918   0x0000001c   Data   RO         5732    .constdata          para.o
    0x08010934   0x08010934   0x0000001c   Data   RO         5733    .constdata          para.o
    0x08010950   0x08010950   0x0000001c   Data   RO         5734    .constdata          para.o
    0x0801096c   0x0801096c   0x0000001c   Data   RO         5735    .constdata          para.o
    0x08010988   0x08010988   0x0000001c   Data   RO         5736    .constdata          para.o
    0x080109a4   0x080109a4   0x0000001c   Data   RO         5737    .constdata          para.o
    0x080109c0   0x080109c0   0x0000001c   Data   RO         5738    .constdata          para.o
    0x080109dc   0x080109dc   0x0000001c   Data   RO         5739    .constdata          para.o
    0x080109f8   0x080109f8   0x0000001c   Data   RO         5740    .constdata          para.o
    0x08010a14   0x08010a14   0x0000001c   Data   RO         5741    .constdata          para.o
    0x08010a30   0x08010a30   0x0000001c   Data   RO         5742    .constdata          para.o
    0x08010a4c   0x08010a4c   0x0000001c   Data   RO         5743    .constdata          para.o
    0x08010a68   0x08010a68   0x0000001c   Data   RO         5744    .constdata          para.o
    0x08010a84   0x08010a84   0x0000001c   Data   RO         5745    .constdata          para.o
    0x08010aa0   0x08010aa0   0x0000001c   Data   RO         5746    .constdata          para.o
    0x08010abc   0x08010abc   0x0000001c   Data   RO         5747    .constdata          para.o
    0x08010ad8   0x08010ad8   0x0000001c   Data   RO         5748    .constdata          para.o
    0x08010af4   0x08010af4   0x0000001c   Data   RO         5749    .constdata          para.o
    0x08010b10   0x08010b10   0x0000001c   Data   RO         5750    .constdata          para.o
    0x08010b2c   0x08010b2c   0x0000001c   Data   RO         5751    .constdata          para.o
    0x08010b48   0x08010b48   0x0000001c   Data   RO         5752    .constdata          para.o
    0x08010b64   0x08010b64   0x0000001c   Data   RO         5753    .constdata          para.o
    0x08010b80   0x08010b80   0x0000001c   Data   RO         5754    .constdata          para.o
    0x08010b9c   0x08010b9c   0x0000001c   Data   RO         5755    .constdata          para.o
    0x08010bb8   0x08010bb8   0x0000001c   Data   RO         5756    .constdata          para.o
    0x08010bd4   0x08010bd4   0x0000001c   Data   RO         5757    .constdata          para.o
    0x08010bf0   0x08010bf0   0x0000001c   Data   RO         5758    .constdata          para.o
    0x08010c0c   0x08010c0c   0x0000001c   Data   RO         5759    .constdata          para.o
    0x08010c28   0x08010c28   0x0000001c   Data   RO         5760    .constdata          para.o
    0x08010c44   0x08010c44   0x0000001c   Data   RO         5761    .constdata          para.o
    0x08010c60   0x08010c60   0x0000001c   Data   RO         5762    .constdata          para.o
    0x08010c7c   0x08010c7c   0x0000001c   Data   RO         5763    .constdata          para.o
    0x08010c98   0x08010c98   0x0000001c   Data   RO         5764    .constdata          para.o
    0x08010cb4   0x08010cb4   0x0000001c   Data   RO         5765    .constdata          para.o
    0x08010cd0   0x08010cd0   0x0000001c   Data   RO         5766    .constdata          para.o
    0x08010cec   0x08010cec   0x0000001c   Data   RO         5767    .constdata          para.o
    0x08010d08   0x08010d08   0x0000001c   Data   RO         5768    .constdata          para.o
    0x08010d24   0x08010d24   0x0000001c   Data   RO         5769    .constdata          para.o
    0x08010d40   0x08010d40   0x0000001c   Data   RO         5770    .constdata          para.o
    0x08010d5c   0x08010d5c   0x0000001c   Data   RO         5771    .constdata          para.o
    0x08010d78   0x08010d78   0x0000001c   Data   RO         5772    .constdata          para.o
    0x08010d94   0x08010d94   0x0000001c   Data   RO         5773    .constdata          para.o
    0x08010db0   0x08010db0   0x0000001c   Data   RO         5774    .constdata          para.o
    0x08010dcc   0x08010dcc   0x0000001c   Data   RO         5775    .constdata          para.o
    0x08010de8   0x08010de8   0x0000001c   Data   RO         5776    .constdata          para.o
    0x08010e04   0x08010e04   0x0000001c   Data   RO         5777    .constdata          para.o
    0x08010e20   0x08010e20   0x0000001c   Data   RO         5778    .constdata          para.o
    0x08010e3c   0x08010e3c   0x0000001c   Data   RO         5779    .constdata          para.o
    0x08010e58   0x08010e58   0x0000001c   Data   RO         5780    .constdata          para.o
    0x08010e74   0x08010e74   0x0000001c   Data   RO         5781    .constdata          para.o
    0x08010e90   0x08010e90   0x0000001c   Data   RO         5782    .constdata          para.o
    0x08010eac   0x08010eac   0x0000001c   Data   RO         5783    .constdata          para.o
    0x08010ec8   0x08010ec8   0x0000001c   Data   RO         5784    .constdata          para.o
    0x08010ee4   0x08010ee4   0x0000001c   Data   RO         5785    .constdata          para.o
    0x08010f00   0x08010f00   0x0000001c   Data   RO         5786    .constdata          para.o
    0x08010f1c   0x08010f1c   0x0000001c   Data   RO         5787    .constdata          para.o
    0x08010f38   0x08010f38   0x0000001c   Data   RO         5788    .constdata          para.o
    0x08010f54   0x08010f54   0x0000001c   Data   RO         5789    .constdata          para.o
    0x08010f70   0x08010f70   0x0000001c   Data   RO         5790    .constdata          para.o
    0x08010f8c   0x08010f8c   0x0000001c   Data   RO         5791    .constdata          para.o
    0x08010fa8   0x08010fa8   0x0000001c   Data   RO         5792    .constdata          para.o
    0x08010fc4   0x08010fc4   0x0000001c   Data   RO         5793    .constdata          para.o
    0x08010fe0   0x08010fe0   0x0000001c   Data   RO         5794    .constdata          para.o
    0x08010ffc   0x08010ffc   0x0000001c   Data   RO         5795    .constdata          para.o
    0x08011018   0x08011018   0x0000001c   Data   RO         5796    .constdata          para.o
    0x08011034   0x08011034   0x0000001c   Data   RO         5797    .constdata          para.o
    0x08011050   0x08011050   0x0000001c   Data   RO         5798    .constdata          para.o
    0x0801106c   0x0801106c   0x0000001c   Data   RO         5799    .constdata          para.o
    0x08011088   0x08011088   0x0000001c   Data   RO         5800    .constdata          para.o
    0x080110a4   0x080110a4   0x0000001c   Data   RO         5801    .constdata          para.o
    0x080110c0   0x080110c0   0x0000001c   Data   RO         5802    .constdata          para.o
    0x080110dc   0x080110dc   0x0000001c   Data   RO         5803    .constdata          para.o
    0x080110f8   0x080110f8   0x0000001c   Data   RO         5804    .constdata          para.o
    0x08011114   0x08011114   0x0000001c   Data   RO         5805    .constdata          para.o
    0x08011130   0x08011130   0x0000001c   Data   RO         5806    .constdata          para.o
    0x0801114c   0x0801114c   0x0000001c   Data   RO         5807    .constdata          para.o
    0x08011168   0x08011168   0x0000001c   Data   RO         5808    .constdata          para.o
    0x08011184   0x08011184   0x0000001c   Data   RO         5809    .constdata          para.o
    0x080111a0   0x080111a0   0x0000001c   Data   RO         5810    .constdata          para.o
    0x080111bc   0x080111bc   0x0000001c   Data   RO         5811    .constdata          para.o
    0x080111d8   0x080111d8   0x0000001c   Data   RO         5812    .constdata          para.o
    0x080111f4   0x080111f4   0x0000001c   Data   RO         5813    .constdata          para.o
    0x08011210   0x08011210   0x0000001c   Data   RO         5814    .constdata          para.o
    0x0801122c   0x0801122c   0x0000001c   Data   RO         5815    .constdata          para.o
    0x08011248   0x08011248   0x0000001c   Data   RO         5816    .constdata          para.o
    0x08011264   0x08011264   0x0000001c   Data   RO         5817    .constdata          para.o
    0x08011280   0x08011280   0x0000001c   Data   RO         5818    .constdata          para.o
    0x0801129c   0x0801129c   0x0000001c   Data   RO         5819    .constdata          para.o
    0x080112b8   0x080112b8   0x0000001c   Data   RO         5820    .constdata          para.o
    0x080112d4   0x080112d4   0x0000001c   Data   RO         5821    .constdata          para.o
    0x080112f0   0x080112f0   0x0000001c   Data   RO         5822    .constdata          para.o
    0x0801130c   0x0801130c   0x0000001c   Data   RO         5823    .constdata          para.o
    0x08011328   0x08011328   0x0000001c   Data   RO         5824    .constdata          para.o
    0x08011344   0x08011344   0x0000001c   Data   RO         5825    .constdata          para.o
    0x08011360   0x08011360   0x0000001c   Data   RO         5826    .constdata          para.o
    0x0801137c   0x0801137c   0x0000001c   Data   RO         5827    .constdata          para.o
    0x08011398   0x08011398   0x0000001c   Data   RO         5828    .constdata          para.o
    0x080113b4   0x080113b4   0x0000001c   Data   RO         5829    .constdata          para.o
    0x080113d0   0x080113d0   0x0000001c   Data   RO         5830    .constdata          para.o
    0x080113ec   0x080113ec   0x0000001c   Data   RO         5831    .constdata          para.o
    0x08011408   0x08011408   0x0000001c   Data   RO         5832    .constdata          para.o
    0x08011424   0x08011424   0x0000001c   Data   RO         5833    .constdata          para.o
    0x08011440   0x08011440   0x0000001c   Data   RO         5834    .constdata          para.o
    0x0801145c   0x0801145c   0x0000001c   Data   RO         5835    .constdata          para.o
    0x08011478   0x08011478   0x0000001c   Data   RO         5836    .constdata          para.o
    0x08011494   0x08011494   0x0000001c   Data   RO         5837    .constdata          para.o
    0x080114b0   0x080114b0   0x0000001c   Data   RO         5838    .constdata          para.o
    0x080114cc   0x080114cc   0x0000001c   Data   RO         5839    .constdata          para.o
    0x080114e8   0x080114e8   0x0000001c   Data   RO         5840    .constdata          para.o
    0x08011504   0x08011504   0x0000001c   Data   RO         5841    .constdata          para.o
    0x08011520   0x08011520   0x0000001c   Data   RO         5842    .constdata          para.o
    0x0801153c   0x0801153c   0x0000001c   Data   RO         5843    .constdata          para.o
    0x08011558   0x08011558   0x0000001c   Data   RO         5844    .constdata          para.o
    0x08011574   0x08011574   0x0000001c   Data   RO         5845    .constdata          para.o
    0x08011590   0x08011590   0x0000001c   Data   RO         5846    .constdata          para.o
    0x080115ac   0x080115ac   0x0000001c   Data   RO         5847    .constdata          para.o
    0x080115c8   0x080115c8   0x0000001c   Data   RO         5848    .constdata          para.o
    0x080115e4   0x080115e4   0x0000001c   Data   RO         5849    .constdata          para.o
    0x08011600   0x08011600   0x0000001c   Data   RO         5850    .constdata          para.o
    0x0801161c   0x0801161c   0x0000001c   Data   RO         5851    .constdata          para.o
    0x08011638   0x08011638   0x0000001c   Data   RO         5852    .constdata          para.o
    0x08011654   0x08011654   0x0000001c   Data   RO         5853    .constdata          para.o
    0x08011670   0x08011670   0x0000001c   Data   RO         5854    .constdata          para.o
    0x0801168c   0x0801168c   0x0000001c   Data   RO         5855    .constdata          para.o
    0x080116a8   0x080116a8   0x0000001c   Data   RO         5856    .constdata          para.o
    0x080116c4   0x080116c4   0x0000001c   Data   RO         5857    .constdata          para.o
    0x080116e0   0x080116e0   0x0000001c   Data   RO         5858    .constdata          para.o
    0x080116fc   0x080116fc   0x0000001c   Data   RO         5859    .constdata          para.o
    0x08011718   0x08011718   0x0000001c   Data   RO         5860    .constdata          para.o
    0x08011734   0x08011734   0x0000001c   Data   RO         5861    .constdata          para.o
    0x08011750   0x08011750   0x0000001c   Data   RO         5862    .constdata          para.o
    0x0801176c   0x0801176c   0x0000001c   Data   RO         5863    .constdata          para.o
    0x08011788   0x08011788   0x0000001c   Data   RO         5864    .constdata          para.o
    0x080117a4   0x080117a4   0x0000001c   Data   RO         5865    .constdata          para.o
    0x080117c0   0x080117c0   0x0000001c   Data   RO         5866    .constdata          para.o
    0x080117dc   0x080117dc   0x0000001c   Data   RO         5867    .constdata          para.o
    0x080117f8   0x080117f8   0x0000001c   Data   RO         5868    .constdata          para.o
    0x08011814   0x08011814   0x0000001c   Data   RO         5869    .constdata          para.o
    0x08011830   0x08011830   0x0000001c   Data   RO         5870    .constdata          para.o
    0x0801184c   0x0801184c   0x0000001c   Data   RO         5871    .constdata          para.o
    0x08011868   0x08011868   0x0000001c   Data   RO         5872    .constdata          para.o
    0x08011884   0x08011884   0x0000001c   Data   RO         5873    .constdata          para.o
    0x080118a0   0x080118a0   0x0000001c   Data   RO         5874    .constdata          para.o
    0x080118bc   0x080118bc   0x0000001c   Data   RO         5875    .constdata          para.o
    0x080118d8   0x080118d8   0x0000001c   Data   RO         5876    .constdata          para.o
    0x080118f4   0x080118f4   0x0000001c   Data   RO         5877    .constdata          para.o
    0x08011910   0x08011910   0x0000001c   Data   RO         5878    .constdata          para.o
    0x0801192c   0x0801192c   0x0000001c   Data   RO         5879    .constdata          para.o
    0x08011948   0x08011948   0x0000001c   Data   RO         5880    .constdata          para.o
    0x08011964   0x08011964   0x0000001c   Data   RO         5881    .constdata          para.o
    0x08011980   0x08011980   0x0000001c   Data   RO         5882    .constdata          para.o
    0x0801199c   0x0801199c   0x0000001c   Data   RO         5883    .constdata          para.o
    0x080119b8   0x080119b8   0x0000001c   Data   RO         5884    .constdata          para.o
    0x080119d4   0x080119d4   0x0000001c   Data   RO         5885    .constdata          para.o
    0x080119f0   0x080119f0   0x0000001c   Data   RO         5886    .constdata          para.o
    0x08011a0c   0x08011a0c   0x0000001c   Data   RO         5887    .constdata          para.o
    0x08011a28   0x08011a28   0x0000001c   Data   RO         5888    .constdata          para.o
    0x08011a44   0x08011a44   0x0000001c   Data   RO         5889    .constdata          para.o
    0x08011a60   0x08011a60   0x0000001c   Data   RO         5890    .constdata          para.o
    0x08011a7c   0x08011a7c   0x0000001c   Data   RO         5891    .constdata          para.o
    0x08011a98   0x08011a98   0x0000001c   Data   RO         5892    .constdata          para.o
    0x08011ab4   0x08011ab4   0x0000001c   Data   RO         5893    .constdata          para.o
    0x08011ad0   0x08011ad0   0x0000001c   Data   RO         5894    .constdata          para.o
    0x08011aec   0x08011aec   0x0000001c   Data   RO         5895    .constdata          para.o
    0x08011b08   0x08011b08   0x0000001c   Data   RO         5896    .constdata          para.o
    0x08011b24   0x08011b24   0x0000001c   Data   RO         5897    .constdata          para.o
    0x08011b40   0x08011b40   0x0000001c   Data   RO         5898    .constdata          para.o
    0x08011b5c   0x08011b5c   0x0000001c   Data   RO         5899    .constdata          para.o
    0x08011b78   0x08011b78   0x0000001c   Data   RO         5900    .constdata          para.o
    0x08011b94   0x08011b94   0x0000001c   Data   RO         5901    .constdata          para.o
    0x08011bb0   0x08011bb0   0x0000001c   Data   RO         5902    .constdata          para.o
    0x08011bcc   0x08011bcc   0x0000001c   Data   RO         5903    .constdata          para.o
    0x08011be8   0x08011be8   0x0000001c   Data   RO         5904    .constdata          para.o
    0x08011c04   0x08011c04   0x0000001c   Data   RO         5905    .constdata          para.o
    0x08011c20   0x08011c20   0x0000001c   Data   RO         5906    .constdata          para.o
    0x08011c3c   0x08011c3c   0x0000001c   Data   RO         5907    .constdata          para.o
    0x08011c58   0x08011c58   0x0000001c   Data   RO         5908    .constdata          para.o
    0x08011c74   0x08011c74   0x0000001c   Data   RO         5909    .constdata          para.o
    0x08011c90   0x08011c90   0x0000001c   Data   RO         5910    .constdata          para.o
    0x08011cac   0x08011cac   0x0000001c   Data   RO         5911    .constdata          para.o
    0x08011cc8   0x08011cc8   0x0000001c   Data   RO         5912    .constdata          para.o
    0x08011ce4   0x08011ce4   0x0000001c   Data   RO         5913    .constdata          para.o
    0x08011d00   0x08011d00   0x0000001c   Data   RO         5914    .constdata          para.o
    0x08011d1c   0x08011d1c   0x0000001c   Data   RO         5915    .constdata          para.o
    0x08011d38   0x08011d38   0x0000001c   Data   RO         5916    .constdata          para.o
    0x08011d54   0x08011d54   0x0000001c   Data   RO         5917    .constdata          para.o
    0x08011d70   0x08011d70   0x0000001c   Data   RO         5918    .constdata          para.o
    0x08011d8c   0x08011d8c   0x0000001c   Data   RO         5919    .constdata          para.o
    0x08011da8   0x08011da8   0x0000001c   Data   RO         5920    .constdata          para.o
    0x08011dc4   0x08011dc4   0x0000001c   Data   RO         5921    .constdata          para.o
    0x08011de0   0x08011de0   0x0000001c   Data   RO         5922    .constdata          para.o
    0x08011dfc   0x08011dfc   0x0000001c   Data   RO         5923    .constdata          para.o
    0x08011e18   0x08011e18   0x0000001c   Data   RO         5924    .constdata          para.o
    0x08011e34   0x08011e34   0x0000001c   Data   RO         5925    .constdata          para.o
    0x08011e50   0x08011e50   0x0000001c   Data   RO         5926    .constdata          para.o
    0x08011e6c   0x08011e6c   0x0000001c   Data   RO         5927    .constdata          para.o
    0x08011e88   0x08011e88   0x0000001c   Data   RO         5928    .constdata          para.o
    0x08011ea4   0x08011ea4   0x0000001c   Data   RO         5929    .constdata          para.o
    0x08011ec0   0x08011ec0   0x0000001c   Data   RO         5930    .constdata          para.o
    0x08011edc   0x08011edc   0x0000001c   Data   RO         5931    .constdata          para.o
    0x08011ef8   0x08011ef8   0x0000001c   Data   RO         5932    .constdata          para.o
    0x08011f14   0x08011f14   0x0000001c   Data   RO         5933    .constdata          para.o
    0x08011f30   0x08011f30   0x0000001c   Data   RO         5934    .constdata          para.o
    0x08011f4c   0x08011f4c   0x0000001c   Data   RO         5935    .constdata          para.o
    0x08011f68   0x08011f68   0x0000001c   Data   RO         5936    .constdata          para.o
    0x08011f84   0x08011f84   0x0000001c   Data   RO         5937    .constdata          para.o
    0x08011fa0   0x08011fa0   0x0000001c   Data   RO         5938    .constdata          para.o
    0x08011fbc   0x08011fbc   0x0000001c   Data   RO         5939    .constdata          para.o
    0x08011fd8   0x08011fd8   0x0000001c   Data   RO         5940    .constdata          para.o
    0x08011ff4   0x08011ff4   0x0000001c   Data   RO         5941    .constdata          para.o
    0x08012010   0x08012010   0x0000001c   Data   RO         5942    .constdata          para.o
    0x0801202c   0x0801202c   0x0000001c   Data   RO         5943    .constdata          para.o
    0x08012048   0x08012048   0x0000001c   Data   RO         5944    .constdata          para.o
    0x08012064   0x08012064   0x0000001c   Data   RO         5945    .constdata          para.o
    0x08012080   0x08012080   0x0000001c   Data   RO         5946    .constdata          para.o
    0x0801209c   0x0801209c   0x0000001c   Data   RO         5947    .constdata          para.o
    0x080120b8   0x080120b8   0x0000001c   Data   RO         5948    .constdata          para.o
    0x080120d4   0x080120d4   0x0000001c   Data   RO         5949    .constdata          para.o
    0x080120f0   0x080120f0   0x0000001c   Data   RO         5950    .constdata          para.o
    0x0801210c   0x0801210c   0x0000001c   Data   RO         5951    .constdata          para.o
    0x08012128   0x08012128   0x0000001c   Data   RO         5952    .constdata          para.o
    0x08012144   0x08012144   0x0000001c   Data   RO         5953    .constdata          para.o
    0x08012160   0x08012160   0x0000001c   Data   RO         5954    .constdata          para.o
    0x0801217c   0x0801217c   0x0000001c   Data   RO         5955    .constdata          para.o
    0x08012198   0x08012198   0x0000001c   Data   RO         5956    .constdata          para.o
    0x080121b4   0x080121b4   0x0000001c   Data   RO         5957    .constdata          para.o
    0x080121d0   0x080121d0   0x0000001c   Data   RO         5958    .constdata          para.o
    0x080121ec   0x080121ec   0x00000868   Data   RO         6177    .constdata          temprature.o
    0x08012a54   0x08012a54   0x00000020   Data   RO         7922    Region$$Table       anon$$obj.o


    Execution Region RW_IRAM1 (Exec base: 0x20000000, Load base: 0x08012a74, Size: 0x00002ac8, Max: 0x00008000, ABSOLUTE, COMPRESSED[0x000004b8])

    Exec Addr    Load Addr    Size         Type   Attr      Idx    E Section Name        Object

    0x20000000   COMPRESSED   0x00000001   Data   RW           21    .data               main.o
    0x20000001   COMPRESSED   0x00000003   PAD
    0x20000004   COMPRESSED   0x0000000c   Data   RW          280    .data               device.o
    0x20000010   COMPRESSED   0x00000002   Data   RW          438    .data               stm32g4xx_it.o
    0x20000012   COMPRESSED   0x00000002   PAD
    0x20000014   COMPRESSED   0x00000008   Data   RW          575    .data               stm32g4xx_hal_msp.o
    0x2000001c   COMPRESSED   0x0000000c   Data   RW         1152    .data               stm32g4xx_hal.o
    0x20000028   COMPRESSED   0x00000020   Data   RW         1605    .data               stm32g4xx_hal_flash.o
    0x20000048   COMPRESSED   0x00000004   Data   RW         5091    .data               system_stm32g4xx.o
    0x2000004c   COMPRESSED   0x00000038   Data   RW         5379    .data               icanplc.o
    0x20000084   COMPRESSED   0x00000640   Data   RW         5959    .data               para.o
    0x200006c4   COMPRESSED   0x00000004   Data   RW         6051    .data               plclogic.o
    0x200006c8   COMPRESSED   0x00000007   Data   RW         6291    .data               packet.o
    0x200006cf   COMPRESSED   0x00000001   PAD
    0x200006d0   COMPRESSED   0x0000000c   Data   RW         6446    .data               plc.o
    0x200006dc   COMPRESSED   0x00000008   Data   RW         6573    .data               fdb.o
    0x200006e4   COMPRESSED   0x0000002c   Data   RW         6647    .data               commonram.o
    0x20000710   COMPRESSED   0x00000054   Data   RW         6701    .data               mc_motorcontrol_layer.o
    0x20000764        -       0x000002b0   Zero   RW          277    .bss                device.o
    0x20000a14        -       0x0000006c   Zero   RW          567    .bss                stm32g4xx_hal_msp.o
    0x20000a80        -       0x00000120   Zero   RW          568    .bss                stm32g4xx_hal_msp.o
    0x20000ba0        -       0x0000006c   Zero   RW          569    .bss                stm32g4xx_hal_msp.o
    0x20000c0c        -       0x0000006c   Zero   RW          570    .bss                stm32g4xx_hal_msp.o
    0x20000c78        -       0x00000420   Zero   RW         5133    .bss                ican_master.o
    0x20001098        -       0x00000180   Zero   RW         5478    .bss                itimer.o
    0x20001218        -       0x00000160   Zero   RW         5526    .bss                message.o
    0x20001378        -       0x00000200   Zero   RW         5609    .bss                para.o
    0x20001578        -       0x00000810   Zero   RW         6228    .bss                canstm32g4.o
    0x20001d88        -       0x00000066   Zero   RW         6290    .bss                packet.o
    0x20001dee        -       0x00000088   Zero   RW         6369    .bss                uartstm32f4.o
    0x20001e76   COMPRESSED   0x00000002   PAD
    0x20001e78        -       0x00000018   Zero   RW         6534    .bss                autotune.o
    0x20001e90        -       0x000000d8   Zero   RW         6572    .bss                fdb.o
    0x20001f68        -       0x000002f0   Zero   RW         6646    .bss                commonram.o
    0x20002258        -       0x0000006c   Zero   RW         6949    .bss                canopen_qexpandagvv04.o
    0x200022c4   COMPRESSED   0x00000004   PAD
    0x200022c8        -       0x00000800   Zero   RW            1    STACK               startup_stm32g473xx.o


==============================================================================

Image component sizes


      Code (inc. data)   RO Data    RW Data    ZI Data      Debug   Object Name

       260         16          0          0         24       2163   autotune.o
       212          4          0          0        108       4306   canopen_qexpandagvv04.o
       642         38          0          0       2064       5766   canstm32g4.o
      1148         64          0         44        752       9862   commonram.o
      3396        268          0         12        688      14886   device.o
       796         70          0          8        216       7369   fdb.o
      2652         74          0          0       1056      16301   ican_master.o
      2150         46          0          0          0       9758   icanlogic.o
       504         76          0         56          0      10014   icanplc.o
       182         20          0          0        384       4068   itimer.o
       810         58          0          1          0     842811   main.o
      6328        450          0         84          0      23349   mc_motorcontrol_layer.o
       104         20          0          0        352       3873   message.o
       864        102          0          7        102       7021   packet.o
      1052         56       9772       1600        512      28240   para.o
       842         60          0         12          0       5738   plc.o
      1076         88          0          4          0       2908   plclogic.o
       162          0          0          0          0       3680   queue.o
        36          8        480          0       2048        856   startup_stm32g473xx.o
       176         28          0         12          0       4489   stm32g4xx_hal.o
      2412        160          0          0          0      82075   stm32g4xx_hal_adc.o
      2620        156          0          0          0      79023   stm32g4xx_hal_adc_ex.o
       232         14          0          0          0      34693   stm32g4xx_hal_cortex.o
       494         30          0          0          0       4254   stm32g4xx_hal_dma.o
      1386         34         16          0          0      14299   stm32g4xx_hal_fdcan.o
       452         72          0         32          0      26038   stm32g4xx_hal_flash.o
      1340         52          0          0          0       7850   stm32g4xx_hal_flash_ex.o
       492         34          0          0          0       3848   stm32g4xx_hal_gpio.o
       102          0          0          0          0       1292   stm32g4xx_hal_iwdg.o
      1400        132          0          8        612       7694   stm32g4xx_hal_msp.o
       204         18          0          0          0       1449   stm32g4xx_hal_pwr_ex.o
      1692         88          0          0          0       6096   stm32g4xx_hal_rcc.o
       768         10          0          0          0       2000   stm32g4xx_hal_rcc_ex.o
      1300          8          0          0          0       6453   stm32g4xx_hal_spi.o
      3092        278          0          0          0      21149   stm32g4xx_hal_tim.o
       646         80          0          0          0       8721   stm32g4xx_hal_tim_ex.o
      2618        104         24          0          0      31574   stm32g4xx_hal_uart.o
       294          6         16          0          0       3804   stm32g4xx_hal_uart_ex.o
       226         52          0          2          0      73915   stm32g4xx_it.o
        28          6         24          4          0       1219   system_stm32g4xx.o
       320         22       2152          0          0       2712   temprature.o
       476         28          0          0        136       6542   uartstm32f4.o

    ----------------------------------------------------------------------
     46044       2930      12516       1892       9060    1434158   Object Totals
         0          0         32          0          0          0   (incl. Generated)
        58          0          0          6          6          0   (incl. Padding)

    ----------------------------------------------------------------------

      Code (inc. data)   RO Data    RW Data    ZI Data      Debug   Library Member Name

        16          2          0          0          0        196   IQNmpy.o
        20          0          0          0          0        124   fabs.o
        86          0          0          0          0          0   __dczerorl2.o
         0          0          0          0          0          0   entry.o
         0          0          0          0          0          0   entry10a.o
         0          0          0          0          0          0   entry11a.o
         4          0          0          0          0          0   entry12b.o
         8          4          0          0          0          0   entry2.o
         4          0          0          0          0          0   entry5.o
         0          0          0          0          0          0   entry7b.o
         0          0          0          0          0          0   entry8b.o
         8          4          0          0          0          0   entry9a.o
        30          0          0          0          0          0   handlers.o
        36          8          0          0          0         68   init.o
         0          0          0          0          0          0   iusefp.o
        30          0          0          0          0         68   llshl.o
        32          0          0          0          0         68   llushr.o
        36          0          0          0          0        108   memseta.o
        98          0          0          0          0         92   uldiv.o
        48          0          0          0          0         68   cdcmple.o
        48          0          0          0          0         68   cdrcmple.o
        56          0          0          0          0         88   d2f.o
       222          0          0          0          0        100   ddiv.o
       186          0          0          0          0        176   depilogue.o
        62          0          0          0          0         80   dfixi.o
        50          0          0          0          0         76   dfixui.o
        34          0          0          0          0         76   dflti.o
       228          0          0          0          0         96   dmul.o
       110          0          0          0          0        168   fepilogue.o

    ----------------------------------------------------------------------
      1460         18          0          0          0       1720   Library Totals
         8          0          0          0          0          0   (incl. Padding)

    ----------------------------------------------------------------------

      Code (inc. data)   RO Data    RW Data    ZI Data      Debug   Library Name

        16          2          0          0          0        196   IQmathLib.lib
        20          0          0          0          0        124   m_wm.l
       372         16          0          0          0        404   mc_w.l
      1044          0          0          0          0        996   mf_w.l

    ----------------------------------------------------------------------
      1460         18          0          0          0       1720   Library Totals

    ----------------------------------------------------------------------

==============================================================================


      Code (inc. data)   RO Data    RW Data    ZI Data      Debug   

     47504       2948      12516       1892       9060    1404686   Grand Totals
     47504       2948      12516       1208       9060    1404686   ELF Image Totals (compressed)
     47504       2948      12516       1208          0          0   ROM Totals

==============================================================================

    Total RO  Size (Code + RO Data)                60020 (  58.61kB)
    Total RW  Size (RW Data + ZI Data)             10952 (  10.70kB)
    Total ROM Size (Code + RO Data + RW Data)      61228 (  59.79kB)

==============================================================================

