<html>
<body>
<pre>
<h1>µVision Build Log</h1>
<h2>Tool Versions:</h2>
IDE-Version: ¦ÌVision V5.37.0.0
Copyright (C) 2022 ARM Ltd and ARM Germany GmbH. All rights reserved.
License Information: 1 Laptop, 1, LIC=CZLZX-HHUQN-HLECL-0C26E-86HJ6-T4QQT
 
Tool Versions:
Toolchain:       MDK-ARM Plus  Version: 5.37.0.0
Toolchain Path:  D:\InstallFiles\Keil_v5\ARM\ARMCC\Bin
C Compiler:      Armcc.exe V5.06 update 7 (build 960)
Assembler:       Armasm.exe V5.06 update 7 (build 960)
Linker/Locator:  ArmLink.exe V5.06 update 7 (build 960)
Library Manager: ArmAr.exe V5.06 update 7 (build 960)
Hex Converter:   FromElf.exe V5.06 update 7 (build 960)
CPU DLL:         SARMCM3.DLL V5.37.0.0
Dialog DLL:      DCM.DLL V1.17.5.0
Target DLL:      Segger\JL2CM3.dll V2.99.42.0
Dialog DLL:      TCM.DLL V1.56.1.0
 
<h2>Project:</h2>
E:\0-Project\00_SVNRep\My_Rep\xianqiantuo.DVM2405M_G4\Prj_Release\DVM2404_G4.uvprojx
Project File Date:  04/09/2025

<h2>Output:</h2>
*** Using Compiler 'V5.06 update 7 (build 960)', folder: 'D:\InstallFiles\Keil_v5\ARM\ARMCC\Bin'
Rebuild target 'DVM2404_G4'
assembling startup_stm32g473xx.s...
compiling stm32g4xx_it.c...
compiling main.c...
../Core/Src/main.c(368): warning:  #177-D: variable "u32Temp"  was declared but never referenced
  			uint32_t u32Temp = *(uint32_t *)CAN_BAUDRATE_ADDRESS;
../Core/Src/main.c(389): warning:  #223-D: function "MX_FDCAN1_Init" declared implicitly
  	MX_FDCAN1_Init();	
../Core/Src/main.c: 2 warnings, 0 errors
compiling stm32g4xx_hal_msp.c...
compiling Device.c...
compiling stm32g4xx_ll_adc.c...
compiling stm32g4xx_hal.c...
compiling stm32g4xx_hal_adc_ex.c...
compiling stm32g4xx_hal_rcc.c...
compiling stm32g4xx_hal_adc.c...
compiling stm32g4xx_hal_flash.c...
compiling stm32g4xx_hal_rcc_ex.c...
compiling stm32g4xx_hal_flash_ramfunc.c...
compiling stm32g4xx_hal_flash_ex.c...
compiling stm32g4xx_hal_exti.c...
compiling stm32g4xx_hal_gpio.c...
compiling stm32g4xx_hal_dma_ex.c...
compiling stm32g4xx_hal_dma.c...
compiling stm32g4xx_hal_pwr.c...
compiling stm32g4xx_hal_cortex.c...
compiling stm32g4xx_hal_pwr_ex.c...
compiling stm32g4xx_hal_fdcan.c...
compiling stm32g4xx_hal_spi_ex.c...
compiling stm32g4xx_hal_spi.c...
compiling stm32g4xx_hal_tim_ex.c...
compiling stm32g4xx_hal_uart_ex.c...
compiling stm32g4xx_hal_uart.c...
compiling stm32g4xx_hal_tim.c...
compiling stm32g4xx_hal_usart.c...
compiling stm32g4xx_hal_usart_ex.c...
compiling stm32g4xx_hal_iwdg.c...
compiling system_stm32g4xx.c...
compiling iCAN_Master.c...
..\Plc\iCAN_Master.c(517): warning:  #223-D: function "CanOpenRxFrame" declared implicitly
  			CanOpenRxFrame(&canFrame);
..\Plc\iCAN_Master.c: 1 warning, 0 errors
compiling iCAN_slave.c...
..\Plc\iCAN_slave.c(418): warning:  #223-D: function "CanOpenRxFrame" declared implicitly
  				CanOpenRxFrame(&canFrame);
..\Plc\iCAN_slave.c: 1 warning, 0 errors
compiling iTimer.c...
compiling iCANPlc.c...
compiling Message.c...
compiling Queue.c...
compiling iCANLogic.c...
compiling PLCLogic.c...
compiling PARA.c...
compiling Temprature.c...
compiling canSTM32G4.c...
compiling uartSTM32F4.c...
compiling Packet.c...
compiling AutoTune.c...
compiling PLC.c...
compiling FDB.c...
compiling CommonRam.c...
compiling Current.c...
compiling CanOpen_QexpandAgvV04.c...
compiling USER_NBRY.c...
compiling MC_MotorControl_Layer.c...
..\User\MC_MotorControl_Layer.c(182): warning:  #177-D: variable "count"  was declared but never referenced
  	static unsigned int count=0;
..\User\MC_MotorControl_Layer.c: 1 warning, 0 errors
compiling USER_ZHONGLI.c...
compiling CanOpen_HangChaApp.c...
compiling CanOpen_Linde.c...
compiling mcohw_LPC2.c...
compiling user_QExpand.c...
..\CANopen\user_QExpand.c(376): warning:  #550-D: variable "MoveState"  was set but never used
  	INT16U MoveState = 0;
..\CANopen\user_QExpand.c(377): warning:  #550-D: variable "ErrMove"  was set but never used
  	INT16U ErrMove = 0;
..\CANopen\user_QExpand.c: 2 warnings, 0 errors
compiling USER_LINDE_STEER.c...
compiling mco.c...
linking...
Program Size: Code=47504 RO-data=12516 RW-data=1892 ZI-data=9060  
FromELF: creating hex file...
After Build - User command #1: D:\InstallFiles\Keil_v5\ARM\ARMCC\bin\fromelf.exe   --bin -o ./DVM2404_G4/DVM2404_G4.bin ./DVM2404_G4/DVM2404_G4.axf
"DVM2404_G4\DVM2404_G4.axf" - 0 Error(s), 7 Warning(s).

<h2>Software Packages used:</h2>

Package Vendor: ARM
                http://www.keil.com/pack/ARM.CMSIS.5.9.0.pack
                ARM.CMSIS.5.9.0
                CMSIS (Common Microcontroller Software Interface Standard)
   * Component: CORE Version: 5.6.0

Package Vendor: Keil
                https://www.keil.com/pack/Keil.STM32G4xx_DFP.1.5.0.pack
                Keil.STM32G4xx_DFP.1.5.0
                STMicroelectronics STM32G4 Series Device Support, Drivers and Examples

<h2>Collection of Component include folders:</h2>
  ./RTE/_DVM2404_G4
  D:/InstallFiles/keilPack/ARM/CMSIS/5.9.0/CMSIS/Core/Include
  D:/InstallFiles/keilPack/Keil/STM32G4xx_DFP/1.5.0/Drivers/CMSIS/Device/ST/STM32G4xx/Include

<h2>Collection of Component Files used:</h2>

   * Component: ARM::CMSIS:CORE:5.6.0
Build Time Elapsed:  00:00:10
</pre>
</body>
</html>
